Archive member included to satisfy reference by file (symbol)

c:/programdata/matlab/supportpackages/r2023b/3p.instrset/gnuarm-armcortex.instrset/win/bin/../lib/gcc/arm-none-eabi/11.3.1/thumb/v7e-m+dp/hard\libm.a(libm_a-w_fmod.o)
                              xcp_ext_common.o (fmod)
c:/programdata/matlab/supportpackages/r2023b/3p.instrset/gnuarm-armcortex.instrset/win/bin/../lib/gcc/arm-none-eabi/11.3.1/thumb/v7e-m+dp/hard\libm.a(libm_a-s_ldexp.o)
                              FC_Test.o (ldexp)
c:/programdata/matlab/supportpackages/r2023b/3p.instrset/gnuarm-armcortex.instrset/win/bin/../lib/gcc/arm-none-eabi/11.3.1/thumb/v7e-m+dp/hard\libm.a(libm_a-s_finite.o)
                              c:/programdata/matlab/supportpackages/r2023b/3p.instrset/gnuarm-armcortex.instrset/win/bin/../lib/gcc/arm-none-eabi/11.3.1/thumb/v7e-m+dp/hard\libm.a(libm_a-s_ldexp.o) (finite)
c:/programdata/matlab/supportpackages/r2023b/3p.instrset/gnuarm-armcortex.instrset/win/bin/../lib/gcc/arm-none-eabi/11.3.1/thumb/v7e-m+dp/hard\libm.a(libm_a-s_scalbn.o)
                              c:/programdata/matlab/supportpackages/r2023b/3p.instrset/gnuarm-armcortex.instrset/win/bin/../lib/gcc/arm-none-eabi/11.3.1/thumb/v7e-m+dp/hard\libm.a(libm_a-s_ldexp.o) (scalbn)
c:/programdata/matlab/supportpackages/r2023b/3p.instrset/gnuarm-armcortex.instrset/win/bin/../lib/gcc/arm-none-eabi/11.3.1/thumb/v7e-m+dp/hard\libm.a(libm_a-e_fmod.o)
                              c:/programdata/matlab/supportpackages/r2023b/3p.instrset/gnuarm-armcortex.instrset/win/bin/../lib/gcc/arm-none-eabi/11.3.1/thumb/v7e-m+dp/hard\libm.a(libm_a-w_fmod.o) (__ieee754_fmod)
c:/programdata/matlab/supportpackages/r2023b/3p.instrset/gnuarm-armcortex.instrset/win/bin/../lib/gcc/arm-none-eabi/11.3.1/thumb/v7e-m+dp/hard\libgcc.a(_arm_addsubdf3.o)
                              FC_Test.o (__aeabi_ul2d)
c:/programdata/matlab/supportpackages/r2023b/3p.instrset/gnuarm-armcortex.instrset/win/bin/../lib/gcc/arm-none-eabi/11.3.1/thumb/v7e-m+dp/hard\libgcc.a(_fixunsdfdi.o)
                              FC_Test.o (__aeabi_d2ulz)
c:/programdata/matlab/supportpackages/r2023b/3p.instrset/gnuarm-armcortex.instrset/win/bin/../lib/gcc/arm-none-eabi/11.3.1/thumb/v7e-m+dp/hard\libg_nano.a(libc_a-exit.o)
                              c:/programdata/matlab/supportpackages/r2023b/3p.instrset/gnuarm-armcortex.instrset/win/bin/../lib/gcc/arm-none-eabi/11.3.1/thumb/v7e-m+dp/hard/crt0.o (exit)
c:/programdata/matlab/supportpackages/r2023b/3p.instrset/gnuarm-armcortex.instrset/win/bin/../lib/gcc/arm-none-eabi/11.3.1/thumb/v7e-m+dp/hard\libg_nano.a(libc_a-findfp.o)
                              c:/programdata/matlab/supportpackages/r2023b/3p.instrset/gnuarm-armcortex.instrset/win/bin/../lib/gcc/arm-none-eabi/11.3.1/thumb/v7e-m+dp/hard\libg_nano.a(libc_a-exit.o) (__stdio_exit_handler)
c:/programdata/matlab/supportpackages/r2023b/3p.instrset/gnuarm-armcortex.instrset/win/bin/../lib/gcc/arm-none-eabi/11.3.1/thumb/v7e-m+dp/hard\libg_nano.a(libc_a-fwalk.o)
                              c:/programdata/matlab/supportpackages/r2023b/3p.instrset/gnuarm-armcortex.instrset/win/bin/../lib/gcc/arm-none-eabi/11.3.1/thumb/v7e-m+dp/hard\libg_nano.a(libc_a-findfp.o) (_fwalk_sglue)
c:/programdata/matlab/supportpackages/r2023b/3p.instrset/gnuarm-armcortex.instrset/win/bin/../lib/gcc/arm-none-eabi/11.3.1/thumb/v7e-m+dp/hard\libg_nano.a(libc_a-stdio.o)
                              c:/programdata/matlab/supportpackages/r2023b/3p.instrset/gnuarm-armcortex.instrset/win/bin/../lib/gcc/arm-none-eabi/11.3.1/thumb/v7e-m+dp/hard\libg_nano.a(libc_a-findfp.o) (__sread)
c:/programdata/matlab/supportpackages/r2023b/3p.instrset/gnuarm-armcortex.instrset/win/bin/../lib/gcc/arm-none-eabi/11.3.1/thumb/v7e-m+dp/hard\libg_nano.a(libc_a-memset.o)
                              c:/programdata/matlab/supportpackages/r2023b/3p.instrset/gnuarm-armcortex.instrset/win/bin/../lib/gcc/arm-none-eabi/11.3.1/thumb/v7e-m+dp/hard/crt0.o (memset)
c:/programdata/matlab/supportpackages/r2023b/3p.instrset/gnuarm-armcortex.instrset/win/bin/../lib/gcc/arm-none-eabi/11.3.1/thumb/v7e-m+dp/hard\libg_nano.a(libc_a-closer.o)
                              c:/programdata/matlab/supportpackages/r2023b/3p.instrset/gnuarm-armcortex.instrset/win/bin/../lib/gcc/arm-none-eabi/11.3.1/thumb/v7e-m+dp/hard\libg_nano.a(libc_a-stdio.o) (_close_r)
c:/programdata/matlab/supportpackages/r2023b/3p.instrset/gnuarm-armcortex.instrset/win/bin/../lib/gcc/arm-none-eabi/11.3.1/thumb/v7e-m+dp/hard\libg_nano.a(libc_a-reent.o)
                              c:/programdata/matlab/supportpackages/r2023b/3p.instrset/gnuarm-armcortex.instrset/win/bin/../lib/gcc/arm-none-eabi/11.3.1/thumb/v7e-m+dp/hard\libg_nano.a(libc_a-closer.o) (errno)
c:/programdata/matlab/supportpackages/r2023b/3p.instrset/gnuarm-armcortex.instrset/win/bin/../lib/gcc/arm-none-eabi/11.3.1/thumb/v7e-m+dp/hard\libg_nano.a(libc_a-impure.o)
[...]
Memory Configuration

Name             Origin             Length             Attributes
FLASH            0x08000000         0x00200000         xr
DTCMRAM          0x20000000         0x00020000         xrw
RAM_D1           0x24000000         0x00080000         xrw
RAM_D2           0x30000000         0x00048000         xrw
RAM_D3           0x38000000         0x00010000         xrw
ITCMRAM          0x00000000         0x00010000         xrw
*default*        0x00000000         0xffffffff

Linker script and memory map

LOAD c:/programdata/matlab/supportpackages/r2023b/3p.instrset/gnuarm-armcortex.instrset/win/bin/../lib/gcc/arm-none-eabi/11.3.1/thumb/v7e-m+dp/hard/crti.o
LOAD c:/programdata/matlab/supportpackages/r2023b/3p.instrset/gnuarm-armcortex.instrset/win/bin/../lib/gcc/arm-none-eabi/11.3.1/thumb/v7e-m+dp/hard/crtbegin.o
LOAD c:/programdata/matlab/supportpackages/r2023b/3p.instrset/gnuarm-armcortex.instrset/win/bin/../lib/gcc/arm-none-eabi/11.3.1/thumb/v7e-m+dp/hard/crt0.o
LOAD mw_stm32_i2c_v2_ll.o
LOAD mw_stm32_utils.o
LOAD xcp_ext_mode.o
LOAD FC_Test.o
LOAD FC_Test_data.o
LOAD ert_main.o
LOAD xcp_ext_common.o
LOAD xcp_ext_classic_trigger.o
LOAD xcp.o
LOAD xcp_standard.o
LOAD xcp_daq.o
LOAD xcp_calibration.o
LOAD xcp_fifo.o
LOAD xcp_transport.o
LOAD xcp_mem_default.o
LOAD xcp_drv_rtiostream.o
LOAD xcp_utils.o
LOAD xcp_frame_serial.o
LOAD xcp_ext_param_default_serial.o
LOAD overrideHALDelay.o
LOAD platform_timer.o
LOAD SysTickScheduler.o
LOAD m3m4m4f_multitasking.o
LOAD rtiostream_serial.o
LOAD stm_usart.o
LOAD stm_lpuart.o
LOAD sys_arch.o
LOAD main.o
LOAD stm32h7xx_it.o
LOAD stm32h7xx_hal_msp.o
LOAD stm32h7xx_hal_timebase_tim.o
LOAD stm32h7xx_ll_exti.o
LOAD stm32h7xx_ll_gpio.o
LOAD stm32h7xx_ll_dma.o
LOAD stm32h7xx_ll_i2c.o
LOAD stm32h7xx_ll_rcc.o
LOAD stm32h7xx_ll_utils.o
LOAD stm32h7xx_hal_rcc.o
LOAD stm32h7xx_hal_rcc_ex.o
LOAD stm32h7xx_hal_flash.o
LOAD stm32h7xx_hal_flash_ex.o
LOAD stm32h7xx_hal_gpio.o
LOAD stm32h7xx_hal_hsem.o
LOAD stm32h7xx_hal_dma.o
LOAD stm32h7xx_hal_dma_ex.o
LOAD stm32h7xx_hal_mdma.o
LOAD stm32h7xx_hal_pwr.o
LOAD stm32h7xx_hal_pwr_ex.o
LOAD stm32h7xx_hal_cortex.o
LOAD stm32h7xx_hal.o
LOAD stm32h7xx_hal_i2c.o
LOAD stm32h7xx_hal_i2c_ex.o
LOAD stm32h7xx_hal_exti.o
LOAD stm32h7xx_hal_tim.o
LOAD stm32h7xx_hal_tim_ex.o
LOAD stm32h7xx_ll_usart.o
LOAD stm32h7xx_hal_pcd.o
LOAD stm32h7xx_hal_pcd_ex.o
LOAD stm32h7xx_ll_usb.o
LOAD system_stm32h7xx.o
LOAD syscalls.o
LOAD sysmem.o
LOAD startup_stm32h753zitx.o
LOAD C:/ProgramData/MATLAB/SupportPackages/R2023b/3P.instrset/cmsis_dsp.instrset/Lib/GCC/arm_cortexm7ldfdp_math/libCMSISDSP.a
LOAD C:/ProgramData/MATLAB/SupportPackages/R2023b/toolbox/shared/supportpackages/stm32/lib/GCC/libmw_pdmfilter_m7_dpfp.lib
LOAD c:/programdata/matlab/supportpackages/r2023b/3p.instrset/gnuarm-armcortex.instrset/win/bin/../lib/gcc/arm-none-eabi/11.3.1/thumb/v7e-m+dp/hard\libstdc++_nano.a
LOAD c:/programdata/matlab/supportpackages/r2023b/3p.instrset/gnuarm-armcortex.instrset/win/bin/../lib/gcc/arm-none-eabi/11.3.1/thumb/v7e-m+dp/hard\libm.a
START GROUP
LOAD c:/programdata/matlab/supportpackages/r2023b/3p.instrset/gnuarm-armcortex.instrset/win/bin/../lib/gcc/arm-none-eabi/11.3.1/thumb/v7e-m+dp/hard\libgcc.a
LOAD c:/programdata/matlab/supportpackages/r2023b/3p.instrset/gnuarm-armcortex.instrset/win/bin/../lib/gcc/arm-none-eabi/11.3.1/thumb/v7e-m+dp/hard\libg_nano.a
LOAD c:/programdata/matlab/supportpackages/r2023b/3p.instrset/gnuarm-armcortex.instrset/win/bin/../lib/gcc/arm-none-eabi/11.3.1/thumb/v7e-m+dp/hard\libc_nano.a
END GROUP
START GROUP
LOAD c:/programdata/matlab/supportpackages/r2023b/3p.instrset/gnuarm-armcortex.instrset/win/bin/../lib/gcc/arm-none-eabi/11.3.1/thumb/v7e-m+dp/hard\libgcc.a
LOAD c:/programdata/matlab/supportpackages/r2023b/3p.instrset/gnuarm-armcortex.instrset/win/bin/../lib/gcc/arm-none-eabi/11.3.1/thumb/v7e-m+dp/hard\libc_nano.a
LOAD c:/programdata/matlab/supportpackages/r2023b/3p.instrset/gnuarm-armcortex.instrset/win/bin/../lib/gcc/arm-none-eabi/11.3.1/thumb/v7e-m+dp/hard\libnosys.a
END GROUP
START GROUP
LOAD c:/programdata/matlab/supportpackages/r2023b/3p.instrset/gnuarm-armcortex.instrset/win/bin/../lib/gcc/arm-none-eabi/11.3.1/thumb/v7e-m+dp/hard\libgcc.a
LOAD c:/programdata/matlab/supportpackages/r2023b/3p.instrset/gnuarm-armcortex.instrset/win/bin/../lib/gcc/arm-none-eabi/11.3.1/thumb/v7e-m+dp/hard\libc_nano.a
LOAD c:/programdata/matlab/supportpackages/r2023b/3p.instrset/gnuarm-armcortex.instrset/win/bin/../lib/gcc/arm-none-eabi/11.3.1/thumb/v7e-m+dp/hard\libnosys.a
END GROUP
LOAD c:/programdata/matlab/supportpackages/r2023b/3p.instrset/gnuarm-armcortex.instrset/win/bin/../lib/gcc/arm-none-eabi/11.3.1/thumb/v7e-m+dp/hard/crtend.o
LOAD c:/programdata/matlab/supportpackages/r2023b/3p.instrset/gnuarm-armcortex.instrset/win/bin/../lib/gcc/arm-none-eabi/11.3.1/thumb/v7e-m+dp/hard/crtn.o
                0x24080000                _estack = (ORIGIN (RAM_D1) + LENGTH (RAM_D1))
                0x00000200                _Min_Heap_Size = 0x200
                0x00000400                _Min_Stack_Size = 0x400

.isr_vector     0x08000000      0x298
                0x08000000                . = ALIGN (0x4)
 *(.isr_vector)
 .isr_vector    0x08000000      0x298 startup_stm32h753zitx.o
                0x08000000                g_pfnVectors
                0x08000298                . = ALIGN (0x4)

.text           0x08000298     0xf248
                0x08000298                . = ALIGN (0x4)
 *(.text)
 .text          0x08000298      0x378 c:/programdata/matlab/supportpackages/r2023b/3p.instrset/gnuarm-armcortex.instrset/win/bin/../lib/gcc/arm-none-eabi/11.3.1/thumb/v7e-m+dp/hard\libgcc.a(_arm_addsubdf3.o)
                0x08000298                __aeabi_drsub
                0x080002a0                __aeabi_dsub
                0x080002a0                __subdf3
                0x080002a4                __aeabi_dadd
                0x080002a4                __adddf3
                0x0800051c                __floatunsidf
                0x0800051c                __aeabi_ui2d
                0x0800053c                __floatsidf
                0x0800053c                __aeabi_i2d
                0x08000560                __aeabi_f2d
                0x08000560                __extendsfdf2
                0x080005a4                __floatundidf
                0x080005a4                __aeabi_ul2d
                0x080005b4                __floatdidf
                0x080005b4                __aeabi_l2d
 *(.text*)
 .text.deregister_tm_clones
                0x08000610       0x1c c:/programdata/matlab/supportpackages/r2023b/3p.instrset/gnuarm-armcortex.instrset/win/bin/../lib/gcc/arm-none-eabi/11.3.1/thumb/v7e-m+dp/hard/crtbegin.o
 .text.register_tm_clones
                0x0800062c       0x24 c:/programdata/matlab/supportpackages/r2023b/3p.instrset/gnuarm-armcortex.instrset/win/bin/../lib/gcc/arm-none-eabi/11.3.1/thumb/v7e-m+dp/hard/crtbegin.o
 .text.__do_global_dtors_aux
                0x08000650       0x28 c:/programdata/matlab/supportpackages/r2023b/3p.instrset/gnuarm-armcortex.instrset/win/bin/../lib/gcc/arm-none-eabi/11.3.1/thumb/v7e-m+dp/hard/crtbegin.o
 .text.frame_dummy
                0x08000678       0x24 c:/programdata/matlab/supportpackages/r2023b/3p.instrset/gnuarm-armcortex.instrset/win/bin/../lib/gcc/arm-none-eabi/11.3.1/thumb/v7e-m+dp/hard/crtbegin.o
 .text.LL_I2C_Enable
                0x0800069c       0x20 mw_stm32_i2c_v2_ll.o
 .text.LL_I2C_Disable
                0x080006bc       0x20 mw_stm32_i2c_v2_ll.o
 .text.LL_I2C_IsEnabled
                0x080006dc       0x26 mw_stm32_i2c_v2_ll.o
 .text.LL_I2C_IsActiveFlag_TXIS
                0x08000702       0x26 mw_stm32_i2c_v2_ll.o
 .text.LL_I2C_IsActiveFlag_RXNE
                0x08000728       0x26 mw_stm32_i2c_v2_ll.o
 .text.LL_I2C_IsActiveFlag_NACK
                0x0800074e       0x26 mw_stm32_i2c_v2_ll.o
 .text.LL_I2C_IsActiveFlag_STOP
                0x08000774       0x26 mw_stm32_i2c_v2_ll.o
 .text.LL_I2C_IsActiveFlag_TC
                0x0800079a       0x26 mw_stm32_i2c_v2_ll.o
 .text.LL_I2C_IsActiveFlag_TCR
                0x080007c0       0x26 mw_stm32_i2c_v2_ll.o
 .text.LL_I2C_IsActiveFlag_BERR
                0x080007e6       0x28 mw_stm32_i2c_v2_ll.o
 .text.LL_I2C_IsActiveFlag_ARLO
                0x0800080e       0x28 mw_stm32_i2c_v2_ll.o
 .text.LL_I2C_IsActiveFlag_OVR
                0x08000836       0x28 mw_stm32_i2c_v2_ll.o
 .text.LL_I2C_IsActiveSMBusFlag_PECERR
                0x0800085e       0x28 mw_stm32_i2c_v2_ll.o
 .text.LL_I2C_IsActiveSMBusFlag_TIMEOUT
                0x08000886       0x28 mw_stm32_i2c_v2_ll.o
 .text.LL_I2C_ClearFlag_NACK
                0x080008ae       0x20 mw_stm32_i2c_v2_ll.o
 .text.LL_I2C_ClearFlag_STOP
                0x080008ce       0x20 mw_stm32_i2c_v2_ll.o
 .text.LL_I2C_ClearFlag_BERR
                0x080008ee       0x20 mw_stm32_i2c_v2_ll.o
 .text.LL_I2C_ClearFlag_ARLO
                0x0800090e       0x20 mw_stm32_i2c_v2_ll.o
 .text.LL_I2C_ClearFlag_OVR
                0x0800092e       0x20 mw_stm32_i2c_v2_ll.o
 .text.LL_I2C_ClearSMBusFlag_PECERR
                0x0800094e       0x20 mw_stm32_i2c_v2_ll.o
 .text.LL_I2C_ClearSMBusFlag_TIMEOUT
                0x0800096e       0x20 mw_stm32_i2c_v2_ll.o
 .text.LL_I2C_AcknowledgeNextData
                0x0800098e       0x26 mw_stm32_i2c_v2_ll.o
 .text.LL_I2C_GenerateStopCondition
                0x080009b4       0x20 mw_stm32_i2c_v2_ll.o
 .text.LL_I2C_HandleTransfer
                0x080009d4       0x4c mw_stm32_i2c_v2_ll.o
 .text.LL_I2C_ReceiveData8
                0x08000a20       0x1a mw_stm32_i2c_v2_ll.o
 .text.LL_I2C_TransmitData8
                0x08000a3a       0x1e mw_stm32_i2c_v2_ll.o
 .text.I2C_SwReset
                0x08000a58       0x3e mw_stm32_i2c_v2_ll.o
 *fill*         0x08000a96        0x2 
 .text.I2C_Init
                0x08000a98       0xe0 mw_stm32_i2c_v2_ll.o
                0x08000a98                I2C_Init
 .text.I2C_GetErrorStatus
                0x08000b78       0xf0 mw_stm32_i2c_v2_ll.o
 .text.I2C_CheckFlagTimeout
                0x08000c68       0x72 mw_stm32_i2c_v2_ll.o
 *fill*         0x08000cda        0x2 
 .text.I2C_Controller_TransmitData_Polling
                0x08000cdc      0x238 mw_stm32_i2c_v2_ll.o
                0x08000cdc                I2C_Controller_TransmitData_Polling
 .text.I2C_Controller_ReceiveData_Polling
                0x08000f14      0x23c mw_stm32_i2c_v2_ll.o
                0x08000f14                I2C_Controller_ReceiveData_Polling
 .text.mw_swap64
                0x08001150       0xd6 mw_stm32_utils.o
                0x08001150                mw_swap64
 .text.extmodeParseArgs
                0x08001226       0x1e xcp_ext_mode.o
                0x08001226                extmodeParseArgs
 .text.extmodeInit
                0x08001244      0x120 xcp_ext_mode.o
                0x08001244                extmodeInit
 .text.extmodeWaitForHostRequest
                0x08001364       0xcc xcp_ext_mode.o
                0x08001364                extmodeWaitForHostRequest
 .text.extmodeEvent
                0x08001430       0xf4 xcp_ext_mode.o
                0x08001430                extmodeEvent
 .text.extmodeBackgroundRun
                0x08001524       0x20 xcp_ext_mode.o
                0x08001524                extmodeBackgroundRun
 .text.extmodeReset
                0x08001544       0x40 xcp_ext_mode.o
                0x08001544                extmodeReset
 .text.extmodeStopRequested
                0x08001584       0x18 xcp_ext_mode.o
                0x08001584                extmodeStopRequested
 .text.extmodeSimulationComplete
                0x0800159c       0x18 xcp_ext_mode.o
                0x0800159c                extmodeSimulationComplete
 .text.FC_Test_SystemCore_setup
                0x080015b4       0x5c FC_Test.o
 .text.FC_Test_I2CControllerRead_Init
                0x08001610       0x2a FC_Test.o
                0x08001610                FC_Test_I2CControllerRead_Init
 .text.FC_Test_I2CControllerRead
                0x0800163a       0x54 FC_Test.o
                0x0800163a                FC_Test_I2CControllerRead
 .text.FC_Test_I2CControllerRead_Term
                0x0800168e       0x22 FC_Test.o
                0x0800168e                FC_Test_I2CControllerRead_Term
 .text.FC_Test_SystemCore_setup_n
                0x080016b0       0x5c FC_Test.o
 .text.FC_Test_I2CControllerWrite_Init
                0x0800170c       0x2a FC_Test.o
                0x0800170c                FC_Test_I2CControllerWrite_Init
 .text.FC_Test_I2CControllerWrite
                0x08001736       0x38 FC_Test.o
                0x08001736                FC_Test_I2CControllerWrite
 .text.FC_Test_I2CControllerWrite_Term
                0x0800176e       0x22 FC_Test.o
                0x0800176e                FC_Test_I2CControllerWrite_Term
 .text.FC_Test_SystemCore_setup_n2
                0x08001790       0x5c FC_Test.o
 .text.FC_Te_I2CControllerWrite_j_Init
                0x080017ec       0x2a FC_Test.o
                0x080017ec                FC_Te_I2CControllerWrite_j_Init
 .text.FC_Test_I2CControllerWrite_p
                0x08001816       0x38 FC_Test.o
                0x08001816                FC_Test_I2CControllerWrite_p
 .text.FC_Te_I2CControllerWrite_b_Term
                0x0800184e       0x22 FC_Test.o
                0x0800184e                FC_Te_I2CControllerWrite_b_Term
 .text.FC_Test_SystemCore_setup_b
                0x08001870       0x5c FC_Test.o
 .text.FC_Test_SystemCore_setup_bg
                0x080018cc       0x5c FC_Test.o
 .text.FC_Test_step
                0x08001928      0xce4 FC_Test.o
                0x08001928                FC_Test_step
 *fill*         0x0800260c        0x4 
 .text.FC_Test_initialize
                0x08002610      0x4c0 FC_Test.o
                0x08002610                FC_Test_initialize
 .text.FC_Test_terminate
                0x08002ad0      0x1d4 FC_Test.o
                0x08002ad0                FC_Test_terminate
 .text.rt_OneStep
                0x08002ca4       0x4c ert_main.o
                0x08002ca4                rt_OneStep
 .text.main     0x08002cf0      0x18c ert_main.o
                0x08002cf0                main
 .text.xcp_void_printf
                0x08002e7c       0x12 xcp_ext_common.o
                0x08002e7c                xcp_void_printf
 .text.xcpCopyTimeValue
                0x08002e8e       0x26 xcp_ext_common.o
 *fill*         0x08002eb4        0x4 
 .text.xcpExtModeUpdateTime
                0x08002eb8      0x110 xcp_ext_common.o
                0x08002eb8                xcpExtModeUpdateTime
 .text.xcpExtModeInit
                0x08002fc8       0x9c xcp_ext_common.o
                0x08002fc8                xcpExtModeInit
 .text.xcpExtModeRunBackground
                0x08003064      0x13c xcp_ext_common.o
                0x08003064                xcpExtModeRunBackground
 .text.xcpExtModeReset
                0x080031a0      0x128 xcp_ext_common.o
                0x080031a0                xcpExtModeReset
 .text.sampleSignalTrigger
                0x080032c8      0x1b8 xcp_ext_classic_trigger.o
 .text.updateTriggerStatus
                0x08003480      0x2b8 xcp_ext_classic_trigger.o
 .text.xcpExtModeClassicTriggerInit
                0x08003738       0x68 xcp_ext_classic_trigger.o
                0x08003738                xcpExtModeClassicTriggerInit
 .text.xcpExtModeClassicTriggerEnabled
                0x080037a0      0x100 xcp_ext_classic_trigger.o
                0x080037a0                xcpExtModeClassicTriggerEnabled
 .text.xcpExtModeClassicTriggerReset
                0x080038a0       0xf4 xcp_ext_classic_trigger.o
                0x080038a0                xcpExtModeClassicTriggerReset
 .text.xcpExtModeClassicTriggerForceEnableStatusUpdate
                0x08003994       0x80 xcp_ext_classic_trigger.o
                0x08003994                xcpExtModeClassicTriggerForceEnableStatusUpdate
 .text.msgBufferRealloc
                0x08003a14       0x72 xcp.o
 *fill*         0x08003a86        0x2 
 .text.discardInputPacketHandler
                0x08003a88       0x3c xcp.o
 .text.unknownInputPacketHandler
                0x08003ac4       0x34 xcp.o
 .text.xcpGetPacketGroupID
                0x08003af8       0x74 xcp.o
 .text.xcpGetPacketHandlers
                0x08003b6c      0x124 xcp.o
 .text.xcpStatusSet
                0x08003c90       0x20 xcp.o
                0x08003c90                xcpStatusSet
 .text.xcpSessionStatusGet
                0x08003cb0       0x18 xcp.o
                0x08003cb0                xcpSessionStatusGet
 .text.xcpSessionStatusSetMask
                0x08003cc8       0x28 xcp.o
                0x08003cc8                xcpSessionStatusSetMask
 .text.xcpSessionStatusClearMask
                0x08003cf0       0x34 xcp.o
                0x08003cf0                xcpSessionStatusClearMask
 .text.xcpResourceProtectionStatusGet
                0x08003d24       0x18 xcp.o
                0x08003d24                xcpResourceProtectionStatusGet
 .text.xcpSessionConfigurationIdGet
                0x08003d3c       0x18 xcp.o
                0x08003d3c                xcpSessionConfigurationIdGet
 .text.genericOutputPacketHandler
                0x08003d54      0x110 xcp.o
                0x08003d54                genericOutputPacketHandler
 .text.xcpFindPacket
                0x08003e64       0x6e xcp.o
                0x08003e64                xcpFindPacket
 *fill*         0x08003ed2        0x2 
 .text.xcpInit  0x08003ed4       0x64 xcp.o
                0x08003ed4                xcpInit
 .text.xcpRun   0x08003f38      0x194 xcp.o
                0x08003f38                xcpRun
 .text.xcpEvent
                0x080040cc       0x50 xcp.o
                0x080040cc                xcpEvent
 .text.xcpGetStatus
                0x0800411c       0x18 xcp.o
                0x0800411c                xcpGetStatus
 .text.xcpReset
                0x08004134       0x40 xcp.o
                0x08004134                xcpReset
 .text.xcpPackedModeEventsFlush
                0x08004174       0x1e xcp.o
                0x08004174                xcpPackedModeEventsFlush
 .text.xcpPackedModeEventReset
                0x08004192       0x2a xcp.o
                0x08004192                xcpPackedModeEventReset
 .text.isValidUploadSize
                0x080041bc       0x30 xcp_standard.o
 .text.xcpMemcpyFromMTA
                0x080041ec       0x38 xcp_standard.o
 .text.connectInputPacketHandler
                0x08004224       0xa4 xcp_standard.o
 .text.connectOutputPacketHandler
                0x080042c8       0xd4 xcp_standard.o
 .text.disconnectInputPacketHandler
                0x0800439c       0x54 xcp_standard.o
 .text.getStatusInputPacketHandler
                0x080043f0       0x28 xcp_standard.o
 .text.getStatusOutputPacketHandler
                0x08004418       0x80 xcp_standard.o
 .text.synchInputPacketHandler
                0x08004498       0x44 xcp_standard.o
 .text.setMTAInputPacketHandler
                0x080044dc       0x78 xcp_standard.o
 .text.uploadInputPacketHandler
                0x08004554       0x98 xcp_standard.o
 .text.uploadOutputPacketHandler
                0x080045ec       0x9c xcp_standard.o
 .text.shortUploadInputPacketHandler
                0x08004688       0xa4 xcp_standard.o
 .text.shortUploadOutputPacketHandler
                0x0800472c       0x9c xcp_standard.o
 .text.getPacket
                0x080047c8       0x24 xcp_standard.o
 .text.xcpStandardInit
                0x080047ec       0x18 xcp_standard.o
                0x080047ec                xcpStandardInit
 .text.xcpStandardGetPacketLookup
                0x08004804       0x18 xcp_standard.o
                0x08004804                xcpStandardGetPacketLookup
 .text.xcpStandardSetPacketLookup
                0x0800481c       0x20 xcp_standard.o
                0x0800481c                xcpStandardSetPacketLookup
 .text.xcpStandardReset
                0x0800483c       0x12 xcp_standard.o
                0x0800483c                xcpStandardReset
 *fill*         0x0800484e        0x2 
 .text.xcpStandardGetAddressFromMta
                0x08004850       0x18 xcp_standard.o
                0x08004850                xcpStandardGetAddressFromMta
 .text.xcpStandardSetMta
                0x08004868       0x3c xcp_standard.o
                0x08004868                xcpStandardSetMta
 .text.xcpStandardIncrementMta
                0x080048a4       0x28 xcp_standard.o
                0x080048a4                xcpStandardIncrementMta
 .text.xcpStandardExtendedInit
                0x080048cc        0xe xcp_standard.o
                0x080048cc                xcpStandardExtendedInit
 .text.xcpStandardExtendedReset
                0x080048da        0xe xcp_standard.o
                0x080048da                xcpStandardExtendedReset
 .text.xcpDaqWriteLock
                0x080048e8       0x4c xcp_daq.o
 .text.xcpDaqWriteUnlock
                0x08004934       0x20 xcp_daq.o
 .text.xcpDaqReadLock
                0x08004954       0x38 xcp_daq.o
 .text.xcpDaqReadUnlock
                0x0800498c       0x38 xcp_daq.o
 .text.isActiveDaqList
                0x080049c4       0x50 xcp_daq.o
 .text.noActiveDaqLists
                0x08004a14       0x50 xcp_daq.o
 .text.isValidDaqPtr
                0x08004a64       0xb8 xcp_daq.o
 .text.isValidDaqEntry
                0x08004b1c       0x36 xcp_daq.o
 .text.isSupportedDaqListMode
                0x08004b52       0x26 xcp_daq.o
 .text.isValidStartStopMode
                0x08004b78       0x32 xcp_daq.o
 .text.isValidStartStopSynchMode
                0x08004baa       0x32 xcp_daq.o
 .text.absoluteOdtNumberIdentification
                0x08004bdc       0x10 xcp_daq.o
 .text.isDaqPackedModeEnabled
                0x08004bec       0x6c xcp_daq.o
 .text.odtPacketSize
                0x08004c58       0x54 xcp_daq.o
 .text.createDaqReservedPool
                0x08004cac       0x8a xcp_daq.o
 .text.destroyDaqReservedPool
                0x08004d36       0x2c xcp_daq.o
 *fill*         0x08004d62        0x2 
 .text.setDaqPtrInputPacketHandler
                0x08004d64       0xdc xcp_daq.o
 .text.writeDaqInputPacketHandler
                0x08004e40      0x198 xcp_daq.o
 .text.setDaqListModeInputPacketHandler
                0x08004fd8      0x1c8 xcp_daq.o
 .text.startStopDaqListInputPacketHandler
                0x080051a0      0x3f4 xcp_daq.o
 .text.startStopDaqListOutputPacketHandler
                0x08005594       0x5c xcp_daq.o
 .text.startStopSynchInputPacketHandler
                0x080055f0      0x328 xcp_daq.o
 .text.getDaqProcessorInfoInputPacketHandler
                0x08005918       0x28 xcp_daq.o
 .text.getDaqProcessorInfoOutputPacketHandler
                0x08005940       0xac xcp_daq.o
 .text.getDaqResolutionInfoInputPacketHandler
                0x080059ec       0x28 xcp_daq.o
 .text.getDaqResolutionInfoOutputPacketHandler
                0x08005a14       0xb8 xcp_daq.o
 .text.freeDaqInputPacketHandler
                0x08005acc       0x5c xcp_daq.o
 .text.allocDaqInputPacketHandler
                0x08005b28      0x18c xcp_daq.o
 .text.allocOdtInputPacketHandler
                0x08005cb4      0x1c0 xcp_daq.o
 .text.allocOdtEntryInputPacketHandler
                0x08005e74      0x270 xcp_daq.o
 .text.setDaqPackedModeInputPacketHandler
                0x080060e4      0x21c xcp_daq.o
 .text.level1CommandInputPacketHandler
                0x08006300       0x64 xcp_daq.o
 .text.getPacket
                0x08006364       0x24 xcp_daq.o
 .text.xcpDaqInit
                0x08006388       0x38 xcp_daq.o
                0x08006388                xcpDaqInit
 .text.xcpDaqGetPacketLookup
                0x080063c0       0x18 xcp_daq.o
                0x080063c0                xcpDaqGetPacketLookup
 .text.xcpDaqSetPacketLookup
                0x080063d8       0x20 xcp_daq.o
                0x080063d8                xcpDaqSetPacketLookup
 .text.xcpResetDaq
                0x080063f8       0xa4 xcp_daq.o
 .text.daqWriteXCPDataForOdt
                0x0800649c       0x7c xcp_daq.o
 .text.odtWriteEntries
                0x08006518       0x9c xcp_daq.o
 .text.xcpProcessDaq
                0x080065b4      0x208 xcp_daq.o
 .text.xcpDaqEvent
                0x080067bc      0x108 xcp_daq.o
                0x080067bc                xcpDaqEvent
 .text.xcpDaqEventsFlush
                0x080068c4      0x284 xcp_daq.o
                0x080068c4                xcpDaqEventsFlush
 .text.xcpDaqLock
                0x08006b48       0x1e xcp_daq.o
                0x08006b48                xcpDaqLock
 .text.xcpDaqUnlock
                0x08006b66        0xe xcp_daq.o
                0x08006b66                xcpDaqUnlock
 .text.xcpResetDaqListStatus
                0x08006b74      0x19c xcp_daq.o
                0x08006b74                xcpResetDaqListStatus
 .text.xcpDaqReset
                0x08006d10       0x20 xcp_daq.o
                0x08006d10                xcpDaqReset
 .text.xcpDaqExtendedInit
                0x08006d30        0xe xcp_daq.o
                0x08006d30                xcpDaqExtendedInit
 .text.xcpDaqExtendedReset
                0x08006d3e        0xe xcp_daq.o
                0x08006d3e                xcpDaqExtendedReset
 .text.isValidShortDownloadSize
                0x08006d4c       0x34 xcp_calibration.o
 .text.isValidDownloadSize
                0x08006d80       0x3a xcp_calibration.o
 *fill*         0x08006dba        0x2 
 .text.xcpMemcpyToMTA
                0x08006dbc       0x34 xcp_calibration.o
 .text.downloadInputPacketHandler
                0x08006df0       0xb0 xcp_calibration.o
 .text.shortDownloadInputPacketHandler
                0x08006ea0       0xb8 xcp_calibration.o
 .text.getPacket
                0x08006f58       0x24 xcp_calibration.o
 .text.xcpCalibrationInit
                0x08006f7c       0x14 xcp_calibration.o
                0x08006f7c                xcpCalibrationInit
 .text.xcpCalibrationGetPacketLookup
                0x08006f90       0x18 xcp_calibration.o
                0x08006f90                xcpCalibrationGetPacketLookup
 .text.xcpCalibrationSetPacketLookup
                0x08006fa8       0x20 xcp_calibration.o
                0x08006fa8                xcpCalibrationSetPacketLookup
 .text.xcpCalibrationReset
                0x08006fc8        0xe xcp_calibration.o
                0x08006fc8                xcpCalibrationReset
 .text.xcpFifoInit
                0x08006fd6       0x20 xcp_fifo.o
                0x08006fd6                xcpFifoInit
 .text.xcpFifoEnqueue
                0x08006ff6       0x2a xcp_fifo.o
                0x08006ff6                xcpFifoEnqueue
 .text.xcpFifoDequeue
                0x08007020       0x3e xcp_fifo.o
                0x08007020                xcpFifoDequeue
 .text.xcpFifoEnqueueHead
                0x0800705e       0x32 xcp_fifo.o
                0x0800705e                xcpFifoEnqueueHead
 .text.xcpFifoReset
                0x08007090       0x16 xcp_fifo.o
                0x08007090                xcpFifoReset
 *fill*         0x080070a6        0x2 
 .text.xcpTransportEmptyTxFifo
                0x080070a8       0x6c xcp_transport.o
 .text.xcpTransportEmptyRxFifo
                0x08007114       0x6c xcp_transport.o
 .text.xcpTransportInit
                0x08007180      0x138 xcp_transport.o
                0x08007180                xcpTransportInit
 .text.xcpTransportTxReady
                0x080072b8       0x1a xcp_transport.o
                0x080072b8                xcpTransportTxReady
 .text.xcpTransportTxTrigger
                0x080072d2       0x1a xcp_transport.o
                0x080072d2                xcpTransportTxTrigger
 .text.xcpTransportTxPacketSet
                0x080072ec      0x144 xcp_transport.o
                0x080072ec                xcpTransportTxPacketSet
 .text.xcpTransportTx
                0x08007430       0xec xcp_transport.o
                0x08007430                xcpTransportTx
 .text.xcpTransportRx
                0x0800751c       0x80 xcp_transport.o
                0x0800751c                xcpTransportRx
 .text.xcpTransportRxPacketGet
                0x0800759c      0x12c xcp_transport.o
                0x0800759c                xcpTransportRxPacketGet
 .text.xcpTransportPacketOffset
                0x080076c8       0x20 xcp_transport.o
                0x080076c8                xcpTransportPacketOffset
 .text.xcpTransportMsgBufferSize
                0x080076e8       0x70 xcp_transport.o
                0x080076e8                xcpTransportMsgBufferSize
 .text.xcpTransportMaxDtoSize
                0x08007758        0xe xcp_transport.o
                0x08007758                xcpTransportMaxDtoSize
 .text.xcpTransportMaxCtoSize
                0x08007766        0xe xcp_transport.o
                0x08007766                xcpTransportMaxCtoSize
 .text.xcpTransportRestart
                0x08007774       0x44 xcp_transport.o
                0x08007774                xcpTransportRestart
 .text.xcpTransportResynch
                0x080077b8       0x40 xcp_transport.o
                0x080077b8                xcpTransportResynch
 .text.xcpTransportCtoReservedMemPoolId
                0x080077f8       0x18 xcp_transport.o
                0x080077f8                xcpTransportCtoReservedMemPoolId
 .text.xcpTransportReset
                0x08007810       0xe4 xcp_transport.o
                0x08007810                xcpTransportReset
 .text.xcpInitializePoolMemoryArea
                0x080078f4       0x72 xcp_mem_default.o
 *fill*         0x08007966        0x2 
 .text.xcpMemInit
                0x08007968      0x1d4 xcp_mem_default.o
                0x08007968                xcpMemInit
 .text.xcpMemAlloc
                0x08007b3c       0xe8 xcp_mem_default.o
                0x08007b3c                xcpMemAlloc
 .text.xcpMemFree
                0x08007c24      0x170 xcp_mem_default.o
                0x08007c24                xcpMemFree
 .text.xcpMemReservedPoolCreate
                0x08007d94      0x224 xcp_mem_default.o
                0x08007d94                xcpMemReservedPoolCreate
 .text.xcpMemReservedPoolDestroy
                0x08007fb8      0x158 xcp_mem_default.o
                0x08007fb8                xcpMemReservedPoolDestroy
 .text.xcpMemCustomPoolCreate
                0x08008110       0xbc xcp_mem_default.o
                0x08008110                xcpMemCustomPoolCreate
 .text.xcpMemCustomPoolDestroy
                0x080081cc       0x64 xcp_mem_default.o
                0x080081cc                xcpMemCustomPoolDestroy
 .text.xcpMemAllocFromPool
                0x08008230      0x170 xcp_mem_default.o
                0x08008230                xcpMemAllocFromPool
 .text.xcpMemReset
                0x080083a0       0x50 xcp_mem_default.o
                0x080083a0                xcpMemReset
 .text.xcpDrvOpen
                0x080083f0       0x64 xcp_drv_rtiostream.o
                0x080083f0                xcpDrvOpen
 .text.xcpDrvIoctl
                0x08008454       0x4c xcp_drv_rtiostream.o
                0x08008454                xcpDrvIoctl
 .text.xcpDrvSend
                0x080084a0      0x14c xcp_drv_rtiostream.o
                0x080084a0                xcpDrvSend
 .text.xcpDrvRecv
                0x080085ec      0x14c xcp_drv_rtiostream.o
                0x080085ec                xcpDrvRecv
 .text.xcpDrvClose
                0x08008738       0x5c xcp_drv_rtiostream.o
                0x08008738                xcpDrvClose
 .text.xcpSortArray
                0x08008794       0xcc xcp_utils.o
                0x08008794                xcpSortArray
 .text.xcpSxiHtons
                0x08008860       0x18 xcp_frame_serial.o
 .text.xcpSxiNtohs
                0x08008878       0x1c xcp_frame_serial.o
 .text.xcpSxiChecksum
                0x08008894       0x3e xcp_frame_serial.o
                0x08008894                xcpSxiChecksum
 *fill*         0x080088d2        0x2 
 .text.xcpFrameInit
                0x080088d4       0x70 xcp_frame_serial.o
                0x080088d4                xcpFrameInit
 .text.xcpFrameMsgSend
                0x08008944      0x184 xcp_frame_serial.o
                0x08008944                xcpFrameMsgSend
 .text.xcpFrameMsgRecv
                0x08008ac8      0x180 xcp_frame_serial.o
                0x08008ac8                xcpFrameMsgRecv
 .text.xcpFrameCreateMsg
                0x08008c48       0x94 xcp_frame_serial.o
                0x08008c48                xcpFrameCreateMsg
 .text.xcpFrameExtractPacket
                0x08008cdc      0x154 xcp_frame_serial.o
                0x08008cdc                xcpFrameExtractPacket
 .text.xcpFrameHeaderSize
                0x08008e30       0x10 xcp_frame_serial.o
                0x08008e30                xcpFrameHeaderSize
 .text.xcpFrameTailSize
                0x08008e40       0x10 xcp_frame_serial.o
                0x08008e40                xcpFrameTailSize
 .text.xcpFrameMaxDtoSize
                0x08008e50       0x12 xcp_frame_serial.o
                0x08008e50                xcpFrameMaxDtoSize
 .text.xcpFrameMaxCtoSize
                0x08008e62       0x10 xcp_frame_serial.o
                0x08008e62                xcpFrameMaxCtoSize
 *fill*         0x08008e72        0x2 
 .text.xcpFrameRestart
                0x08008e74       0x30 xcp_frame_serial.o
                0x08008e74                xcpFrameRestart
 .text.xcpFrameSetCtoReservedMemPoolId
                0x08008ea4       0x20 xcp_frame_serial.o
                0x08008ea4                xcpFrameSetCtoReservedMemPoolId
 .text.xcpFrameReset
                0x08008ec4       0x70 xcp_frame_serial.o
                0x08008ec4                xcpFrameReset
 .text.xcpTransportGetInitParameters
                0x08008f34       0x2e xcp_ext_param_default_serial.o
                0x08008f34                xcpTransportGetInitParameters
 .text.xcpGetInitParameters
                0x08008f62       0x2e xcp_ext_param_default_serial.o
                0x08008f62                xcpGetInitParameters
 .text.HAL_Delay
                0x08008f90       0x2e overrideHALDelay.o
                0x08008f90                HAL_Delay
 *fill*         0x08008fbe        0x2 
 .text.PeriphCommonClock_Config
                0x08008fc0       0x10 platform_timer.o
                0x08008fc0                PeriphCommonClock_Config
 .text.getCurrentTimestampInMicros
                0x08008fd0       0x40 platform_timer.o
                0x08008fd0                getCurrentTimestampInMicros
 .text.returnTimeElapsed
                0x08009010       0x2c platform_timer.o
                0x08009010                returnTimeElapsed
 .text.timestampInit
                0x0800903c       0x28 platform_timer.o
 .text.getCurrentTimestamp
                0x08009064       0x44 platform_timer.o
                0x08009064                getCurrentTimestamp
 .text.__NVIC_SetPriority
                0x080090a8       0x54 SysTickScheduler.o
 .text.SysTick_Config
                0x080090fc       0x44 SysTickScheduler.o
 .text.SysTick_Isr
                0x08009140       0x48 SysTickScheduler.o
 .text.SysTick_Handler
                0x08009188       0x20 SysTickScheduler.o
                0x08009188                SysTick_Handler
 .text.ARMCM_SysTick_Config
                0x080091a8       0xb0 SysTickScheduler.o
                0x080091a8                ARMCM_SysTick_Config
 .text.PendSV_Handler
                0x08009258       0x44 m3m4m4f_multitasking.o
                0x08009258                PendSV_Handler
 .text.SVC_Handler
                0x0800929c       0x58 m3m4m4f_multitasking.o
                0x0800929c                SVC_Handler
 .text.rtIOStreamOpen
                0x080092f4       0x44 rtiostream_serial.o
                0x080092f4                rtIOStreamOpen
 .text.rtIOStreamSend
                0x08009338       0x38 rtiostream_serial.o
                0x08009338                rtIOStreamSend
 .text.rtIOStreamRecv
                0x08009370       0x48 rtiostream_serial.o
                0x08009370                rtIOStreamRecv
 .text.rtIOStreamClose
                0x080093b8       0x20 rtiostream_serial.o
                0x080093b8                rtIOStreamClose
 .text.__NVIC_GetPriorityGrouping
                0x080093d8       0x1c stm_usart.o
 .text.__NVIC_EnableIRQ
                0x080093f4       0x3c stm_usart.o
 .text.__NVIC_SetPriority
                0x08009430       0x54 stm_usart.o
 .text.NVIC_EncodePriority
                0x08009484       0x66 stm_usart.o
 *fill*         0x080094ea        0x2 
 .text.LL_DMA_EnableStream
                0x080094ec       0x44 stm_usart.o
 .text.LL_DMA_DisableStream
                0x08009530       0x44 stm_usart.o
 .text.LL_DMA_GetMode
                0x08009574       0x34 stm_usart.o
 .text.LL_DMA_SetDataLength
                0x080095a8       0x50 stm_usart.o
 .text.LL_DMA_GetDataLength
                0x080095f8       0x30 stm_usart.o
 .text.LL_DMA_ConfigAddresses
                0x08009628       0x7c stm_usart.o
 .text.LL_DMA_IsActiveFlag_TC0
                0x080096a4       0x26 stm_usart.o
 .text.LL_DMA_ClearFlag_TC0
                0x080096ca       0x1a stm_usart.o
 .text.LL_DMA_EnableIT_TC
                0x080096e4       0x44 stm_usart.o
 .text.LL_DMA_DisableIT_TC
                0x08009728       0x44 stm_usart.o
 .text.LL_DMA_IsEnabledIT_TC
                0x0800976c       0x3c stm_usart.o
 .text.LL_USART_Enable
                0x080097a8       0x20 stm_usart.o
 .text.LL_USART_Disable
                0x080097c8       0x20 stm_usart.o
 .text.LL_USART_IsEnabledAutoBaud
                0x080097e8       0x28 stm_usart.o
 .text.LL_USART_IsActiveFlag_PE
                0x08009810       0x26 stm_usart.o
 .text.LL_USART_IsActiveFlag_FE
                0x08009836       0x26 stm_usart.o
 .text.LL_USART_IsActiveFlag_NE
                0x0800985c       0x26 stm_usart.o
 .text.LL_USART_IsActiveFlag_ORE
                0x08009882       0x26 stm_usart.o
 .text.LL_USART_IsActiveFlag_TC
                0x080098a8       0x26 stm_usart.o
 .text.LL_USART_IsActiveFlag_TXE_TXFNF
                0x080098ce       0x26 stm_usart.o
 .text.LL_USART_IsActiveFlag_ABRE
                0x080098f4       0x28 stm_usart.o
 .text.LL_USART_IsActiveFlag_ABR
                0x0800991c       0x28 stm_usart.o
 .text.LL_USART_ClearFlag_PE
                0x08009944       0x1a stm_usart.o
 .text.LL_USART_ClearFlag_FE
                0x0800995e       0x1a stm_usart.o
 .text.LL_USART_ClearFlag_NE
                0x08009978       0x1a stm_usart.o
 .text.LL_USART_ClearFlag_ORE
                0x08009992       0x1a stm_usart.o
 .text.LL_USART_EnableIT_RXNE_RXFNE
                0x080099ac       0x42 stm_usart.o
 .text.LL_USART_EnableIT_PE
                0x080099ee       0x42 stm_usart.o
 .text.LL_USART_EnableIT_ERROR
                0x08009a30       0x46 stm_usart.o
 .text.LL_USART_DisableIT_RXNE_RXFNE
                0x08009a76       0x42 stm_usart.o
 .text.LL_USART_DisableIT_TXE_TXFNF
                0x08009ab8       0x42 stm_usart.o
 .text.LL_USART_DisableIT_PE
                0x08009afa       0x42 stm_usart.o
 .text.LL_USART_DisableIT_ERROR
                0x08009b3c       0x46 stm_usart.o
 .text.LL_USART_EnableDMAReq_RX
                0x08009b82       0x46 stm_usart.o
 .text.LL_USART_DisableDMAReq_RX
                0x08009bc8       0x46 stm_usart.o
 .text.LL_USART_EnableDMAReq_TX
                0x08009c0e       0x46 stm_usart.o
 .text.LL_USART_DisableDMAReq_TX
                0x08009c54       0x46 stm_usart.o
 .text.LL_USART_DMA_GetRegAddr
                0x08009c9a       0x2c stm_usart.o
 .text.LL_USART_ReceiveData8
                0x08009cc6       0x1a stm_usart.o
 .text.LL_USART_TransmitData8
                0x08009ce0       0x1e stm_usart.o
 .text.LL_USART_RequestAutoBaudRate
                0x08009cfe       0x20 stm_usart.o
 .text.getAvailableDataInBuffer
                0x08009d1e       0xcc stm_usart.o
                0x08009d1e                getAvailableDataInBuffer
 .text.getBytesToBeReadFromBuffer
                0x08009dea       0x6e stm_usart.o
                0x08009dea                getBytesToBeReadFromBuffer
 .text.readDataFromBuffer
                0x08009e58       0xcc stm_usart.o
                0x08009e58                readDataFromBuffer
 .text.UART_RXDMAInterruptHandler
                0x08009f24       0xd4 stm_usart.o
                0x08009f24                UART_RXDMAInterruptHandler
 .text.UART_IsActiveFlagError
                0x08009ff8       0xf4 stm_usart.o
                0x08009ff8                UART_IsActiveFlagError
 .text.USART3_IRQHandler
                0x0800a0ec       0x14 stm_usart.o
                0x0800a0ec                USART3_IRQHandler
 .text.DMA1_Stream0_IRQHandler
                0x0800a100       0x20 stm_usart.o
                0x0800a100                DMA1_Stream0_IRQHandler
 .text.UART_ConfigureReceiveDMA
                0x0800a120       0x8a stm_usart.o
                0x0800a120                UART_ConfigureReceiveDMA
 .text.UART_ConfigureTransmitDMA
                0x0800a1aa       0x56 stm_usart.o
                0x0800a1aa                UART_ConfigureTransmitDMA
 .text.getReadErrorStatus
                0x0800a200      0x17c stm_usart.o
                0x0800a200                getReadErrorStatus
 .text.MW_UART_Initialize
                0x0800a37c      0x184 stm_usart.o
                0x0800a37c                MW_UART_Initialize
 .text.MW_UART_ReceiveUsingBuffer
                0x0800a500       0x5c stm_usart.o
                0x0800a500                MW_UART_ReceiveUsingBuffer
 .text.MW_UART_TransmitUsingPolling
                0x0800a55c      0x184 stm_usart.o
                0x0800a55c                MW_UART_TransmitUsingPolling
 .text.MW_UART_DeInit
                0x0800a6e0       0xaa stm_usart.o
                0x0800a6e0                MW_UART_DeInit
 .text.sys_arch_protect
                0x0800a78a       0x22 sys_arch.o
                0x0800a78a                sys_arch_protect
 .text.sys_arch_unprotect
                0x0800a7ac       0x20 sys_arch.o
                0x0800a7ac                sys_arch_unprotect
 .text.__NVIC_GetPriorityGrouping
                0x0800a7cc       0x1c main.o
 .text.__NVIC_EnableIRQ
                0x0800a7e8       0x3c main.o
 .text.__NVIC_SetPriority
                0x0800a824       0x54 main.o
 .text.NVIC_EncodePriority
                0x0800a878       0x66 main.o
 *fill*         0x0800a8de        0x2 
 .text.LL_DMA_SetDataTransferDirection
                0x0800a8e0       0x4c main.o
 .text.LL_DMA_SetMode
                0x0800a92c       0x4c main.o
 .text.LL_DMA_SetPeriphIncMode
                0x0800a978       0x4c main.o
 .text.LL_DMA_SetMemoryIncMode
                0x0800a9c4       0x4c main.o
 .text.LL_DMA_SetPeriphSize
                0x0800aa10       0x4c main.o
 .text.LL_DMA_SetMemorySize
                0x0800aa5c       0x4c main.o
 .text.LL_DMA_SetStreamPriorityLevel
                0x0800aaa8       0x4c main.o
 .text.LL_DMA_SetPeriphRequest
                0x0800aaf4       0x60 main.o
 .text.LL_DMA_DisableFifoMode
                0x0800ab54       0x44 main.o
 .text.LL_I2C_EnableClockStretching
                0x0800ab98       0x20 main.o
 .text.LL_I2C_DisableGeneralCall
                0x0800abb8       0x20 main.o
 .text.LL_I2C_SetOwnAddress2
                0x0800abd8       0x30 main.o
 .text.LL_I2C_DisableOwnAddress2
                0x0800ac08       0x20 main.o
 .text.LL_I2C_EnableAutoEndMode
                0x0800ac28       0x20 main.o
 .text.LL_RCC_HSE_EnableBypass
                0x0800ac48       0x20 main.o
 .text.LL_RCC_HSE_Enable
                0x0800ac68       0x20 main.o
 .text.LL_RCC_HSE_IsReady
                0x0800ac88       0x28 main.o
 .text.LL_RCC_SetSysClkSource
                0x0800acb0       0x28 main.o
 .text.LL_RCC_GetSysClkSource
                0x0800acd8       0x1c main.o
 .text.LL_RCC_SetSysPrescaler
                0x0800acf4       0x28 main.o
 .text.LL_RCC_SetAHBPrescaler
                0x0800ad1c       0x28 main.o
 .text.LL_RCC_SetAPB1Prescaler
                0x0800ad44       0x28 main.o
 .text.LL_RCC_SetAPB2Prescaler
                0x0800ad6c       0x28 main.o
 .text.LL_RCC_SetAPB3Prescaler
                0x0800ad94       0x28 main.o
 .text.LL_RCC_SetAPB4Prescaler
                0x0800adbc       0x28 main.o
 .text.LL_RCC_SetClockSource
                0x0800ade4       0x54 main.o
 .text.LL_RCC_SetUSARTClockSource
                0x0800ae38       0x16 main.o
 .text.LL_RCC_SetI2CClockSource
                0x0800ae4e       0x16 main.o
 .text.LL_RCC_PLL_SetSource
                0x0800ae64       0x28 main.o
 .text.LL_RCC_PLL1_Enable
                0x0800ae8c       0x20 main.o
 .text.LL_RCC_PLL1_IsReady
                0x0800aeac       0x28 main.o
 .text.LL_RCC_PLL1P_Enable
                0x0800aed4       0x20 main.o
 .text.LL_RCC_PLL1Q_Enable
                0x0800aef4       0x20 main.o
 .text.LL_RCC_PLL1_SetVCOOutputRange
                0x0800af14       0x2c main.o
 .text.LL_RCC_PLL1_SetVCOInputRange
                0x0800af40       0x2c main.o
 .text.LL_RCC_PLL1_SetN
                0x0800af6c       0x30 main.o
 .text.LL_RCC_PLL1_SetM
                0x0800af9c       0x2c main.o
 .text.LL_RCC_PLL1_SetP
                0x0800afc8       0x2c main.o
 .text.LL_RCC_PLL1_SetQ
                0x0800aff4       0x2c main.o
 .text.LL_RCC_PLL1_SetR
                0x0800b020       0x2c main.o
 .text.LL_AHB1_GRP1_EnableClock
                0x0800b04c       0x38 main.o
 .text.LL_AHB4_GRP1_EnableClock
                0x0800b084       0x38 main.o
 .text.LL_APB1_GRP1_EnableClock
                0x0800b0bc       0x38 main.o
 .text.LL_SYSCFG_SetEXTISource
                0x0800b0f4       0x70 main.o
 .text.LL_FLASH_SetLatency
                0x0800b164       0x28 main.o
 .text.LL_FLASH_GetLatency
                0x0800b18c       0x1c main.o
 .text.LL_PWR_ConfigSupply
                0x0800b1a8       0x28 main.o
 .text.LL_PWR_SetRegulVoltageScaling
                0x0800b1d0       0x28 main.o
 .text.LL_USART_Enable
                0x0800b1f8       0x20 main.o
 .text.LL_USART_DisableFIFO
                0x0800b218       0x20 main.o
 .text.LL_USART_SetTXFIFOThreshold
                0x0800b238       0x4e main.o
 .text.LL_USART_SetRXFIFOThreshold
                0x0800b286       0x4e main.o
 .text.LL_USART_ConfigAsyncMode
                0x0800b2d4       0x2c main.o
 .text.LL_USART_IsActiveFlag_TEACK
                0x0800b300       0x28 main.o
 .text.LL_USART_IsActiveFlag_REACK
                0x0800b328       0x28 main.o
 .text.LL_GPIO_SetPinMode
                0x0800b350       0x40 main.o
 .text.LL_GPIO_SetPinPull
                0x0800b390       0x40 main.o
 .text.LL_GPIO_ResetOutputPin
                0x0800b3d0       0x1e main.o
 *fill*         0x0800b3ee        0x2 
 .text.SystemClock_Config
                0x0800b3f0       0xdc main.o
                0x0800b3f0                SystemClock_Config
 .text.MX_I2C1_Init
                0x0800b4cc       0xc4 main.o
                0x0800b4cc                MX_I2C1_Init
 .text.MX_USART3_UART_Init
                0x0800b590      0x13c main.o
                0x0800b590                MX_USART3_UART_Init
 .text.MX_USB_OTG_FS_PCD_Init
                0x0800b6cc       0x64 main.o
                0x0800b6cc                MX_USB_OTG_FS_PCD_Init
 .text.MX_DMA_Init
                0x0800b730       0x2e main.o
                0x0800b730                MX_DMA_Init
 *fill*         0x0800b75e        0x2 
 .text.MX_GPIO_Init
                0x0800b760      0x1d4 main.o
                0x0800b760                MX_GPIO_Init
 .text.HAL_TIM_PeriodElapsedCallback
                0x0800b934       0x24 main.o
                0x0800b934                HAL_TIM_PeriodElapsedCallback
 .text.Error_Handler
                0x0800b958        0xa main.o
                0x0800b958                Error_Handler
 .text.NMI_Handler
                0x0800b962        0x6 stm32h7xx_it.o
                0x0800b962                NMI_Handler
 .text.HardFault_Handler
                0x0800b968        0x6 stm32h7xx_it.o
                0x0800b968                HardFault_Handler
 .text.MemManage_Handler
                0x0800b96e        0x6 stm32h7xx_it.o
                0x0800b96e                MemManage_Handler
 .text.BusFault_Handler
                0x0800b974        0x6 stm32h7xx_it.o
                0x0800b974                BusFault_Handler
 .text.UsageFault_Handler
                0x0800b97a        0x6 stm32h7xx_it.o
                0x0800b97a                UsageFault_Handler
 .text.DebugMon_Handler
                0x0800b980        0xe stm32h7xx_it.o
                0x0800b980                DebugMon_Handler
 *fill*         0x0800b98e        0x2 
 .text.TIM5_IRQHandler
                0x0800b990       0x14 stm32h7xx_it.o
                0x0800b990                TIM5_IRQHandler
 .text.LL_RCC_SetUSBClockSource
                0x0800b9a4       0x28 stm32h7xx_hal_msp.o
 .text.LL_PWR_EnableUSBVoltageDetector
                0x0800b9cc       0x20 stm32h7xx_hal_msp.o
 .text.HAL_MspInit
                0x0800b9ec       0x34 stm32h7xx_hal_msp.o
                0x0800b9ec                HAL_MspInit
 .text.HAL_PCD_MspInit
                0x0800ba20       0xbc stm32h7xx_hal_msp.o
                0x0800ba20                HAL_PCD_MspInit
 .text.HAL_InitTick
                0x0800badc       0xd8 stm32h7xx_hal_timebase_tim.o
                0x0800badc                HAL_InitTick
 .text.LL_EXTI_EnableIT_0_31
                0x0800bbb4       0x28 stm32h7xx_ll_exti.o
 .text.LL_EXTI_EnableIT_32_63
                0x0800bbdc       0x28 stm32h7xx_ll_exti.o
 .text.LL_EXTI_EnableIT_64_95
                0x0800bc04       0x28 stm32h7xx_ll_exti.o
 .text.LL_EXTI_DisableIT_0_31
                0x0800bc2c       0x2a stm32h7xx_ll_exti.o
 .text.LL_EXTI_DisableIT_32_63
                0x0800bc56       0x2a stm32h7xx_ll_exti.o
 .text.LL_EXTI_DisableIT_64_95
                0x0800bc80       0x2a stm32h7xx_ll_exti.o
 .text.LL_EXTI_EnableEvent_0_31
                0x0800bcaa       0x28 stm32h7xx_ll_exti.o
 .text.LL_EXTI_EnableEvent_32_63
                0x0800bcd2       0x28 stm32h7xx_ll_exti.o
 .text.LL_EXTI_EnableEvent_64_95
                0x0800bcfa       0x28 stm32h7xx_ll_exti.o
 .text.LL_EXTI_DisableEvent_0_31
                0x0800bd22       0x2a stm32h7xx_ll_exti.o
 .text.LL_EXTI_DisableEvent_32_63
                0x0800bd4c       0x2a stm32h7xx_ll_exti.o
 .text.LL_EXTI_DisableEvent_64_95
                0x0800bd76       0x2a stm32h7xx_ll_exti.o
 .text.LL_EXTI_EnableRisingTrig_0_31
                0x0800bda0       0x24 stm32h7xx_ll_exti.o
 .text.LL_EXTI_EnableRisingTrig_32_63
                0x0800bdc4       0x24 stm32h7xx_ll_exti.o
 .text.LL_EXTI_EnableRisingTrig_64_95
                0x0800bde8       0x24 stm32h7xx_ll_exti.o
 .text.LL_EXTI_DisableRisingTrig_0_31
                0x0800be0c       0x26 stm32h7xx_ll_exti.o
 .text.LL_EXTI_DisableRisingTrig_32_63
                0x0800be32       0x26 stm32h7xx_ll_exti.o
 .text.LL_EXTI_DisableRisingTrig_64_95
                0x0800be58       0x26 stm32h7xx_ll_exti.o
 .text.LL_EXTI_EnableFallingTrig_0_31
                0x0800be7e       0x24 stm32h7xx_ll_exti.o
 .text.LL_EXTI_EnableFallingTrig_32_63
                0x0800bea2       0x24 stm32h7xx_ll_exti.o
 .text.LL_EXTI_EnableFallingTrig_64_95
                0x0800bec6       0x24 stm32h7xx_ll_exti.o
 .text.LL_EXTI_DisableFallingTrig_0_31
                0x0800beea       0x26 stm32h7xx_ll_exti.o
 .text.LL_EXTI_DisableFallingTrig_32_63
                0x0800bf10       0x26 stm32h7xx_ll_exti.o
 .text.LL_EXTI_DisableFallingTrig_64_95
                0x0800bf36       0x26 stm32h7xx_ll_exti.o
 .text.LL_EXTI_Init
                0x0800bf5c      0x272 stm32h7xx_ll_exti.o
                0x0800bf5c                LL_EXTI_Init
 .text.LL_GPIO_SetPinMode
                0x0800c1ce       0x40 stm32h7xx_ll_gpio.o
 .text.LL_GPIO_SetPinOutputType
                0x0800c20e       0x30 stm32h7xx_ll_gpio.o
 .text.LL_GPIO_SetPinSpeed
                0x0800c23e       0x40 stm32h7xx_ll_gpio.o
 .text.LL_GPIO_SetPinPull
                0x0800c27e       0x40 stm32h7xx_ll_gpio.o
 .text.LL_GPIO_SetAFPin_0_7
                0x0800c2be       0x58 stm32h7xx_ll_gpio.o
 .text.LL_GPIO_SetAFPin_8_15
                0x0800c316       0x6c stm32h7xx_ll_gpio.o
 .text.LL_GPIO_Init
                0x0800c382       0xdc stm32h7xx_ll_gpio.o
                0x0800c382                LL_GPIO_Init
 .text.LL_I2C_Enable
                0x0800c45e       0x20 stm32h7xx_ll_i2c.o
 .text.LL_I2C_Disable
                0x0800c47e       0x20 stm32h7xx_ll_i2c.o
 .text.LL_I2C_ConfigFilters
                0x0800c49e       0x2e stm32h7xx_ll_i2c.o
 .text.LL_I2C_SetOwnAddress1
                0x0800c4cc       0x30 stm32h7xx_ll_i2c.o
 .text.LL_I2C_EnableOwnAddress1
                0x0800c4fc       0x20 stm32h7xx_ll_i2c.o
 .text.LL_I2C_DisableOwnAddress1
                0x0800c51c       0x20 stm32h7xx_ll_i2c.o
 .text.LL_I2C_SetTiming
                0x0800c53c       0x1c stm32h7xx_ll_i2c.o
 .text.LL_I2C_SetMode
                0x0800c558       0x26 stm32h7xx_ll_i2c.o
 .text.LL_I2C_AcknowledgeNextData
                0x0800c57e       0x26 stm32h7xx_ll_i2c.o
 .text.LL_I2C_Init
                0x0800c5a4       0x78 stm32h7xx_ll_i2c.o
                0x0800c5a4                LL_I2C_Init
 .text.LL_RCC_HSE_IsReady
                0x0800c61c       0x28 stm32h7xx_ll_rcc.o
 .text.LL_RCC_HSI_IsReady
                0x0800c644       0x24 stm32h7xx_ll_rcc.o
 .text.LL_RCC_HSI_GetDivider
                0x0800c668       0x1c stm32h7xx_ll_rcc.o
 .text.LL_RCC_CSI_IsReady
                0x0800c684       0x28 stm32h7xx_ll_rcc.o
 .text.LL_RCC_LSE_IsReady
                0x0800c6ac       0x24 stm32h7xx_ll_rcc.o
 .text.LL_RCC_GetSysClkSource
                0x0800c6d0       0x1c stm32h7xx_ll_rcc.o
 .text.LL_RCC_GetSysPrescaler
                0x0800c6ec       0x1c stm32h7xx_ll_rcc.o
 .text.LL_RCC_GetAHBPrescaler
                0x0800c708       0x1c stm32h7xx_ll_rcc.o
 .text.LL_RCC_GetAPB1Prescaler
                0x0800c724       0x1c stm32h7xx_ll_rcc.o
 .text.LL_RCC_GetAPB2Prescaler
                0x0800c740       0x1c stm32h7xx_ll_rcc.o
 .text.LL_RCC_GetClockSource
                0x0800c75c       0x4c stm32h7xx_ll_rcc.o
 .text.LL_RCC_GetUSARTClockSource
                0x0800c7a8       0x18 stm32h7xx_ll_rcc.o
 .text.LL_RCC_PLL_GetSource
                0x0800c7c0       0x1c stm32h7xx_ll_rcc.o
 .text.LL_RCC_PLL1P_IsEnabled
                0x0800c7dc       0x28 stm32h7xx_ll_rcc.o
 .text.LL_RCC_PLL1Q_IsEnabled
                0x0800c804       0x28 stm32h7xx_ll_rcc.o
 .text.LL_RCC_PLL1R_IsEnabled
                0x0800c82c       0x28 stm32h7xx_ll_rcc.o
 .text.LL_RCC_PLL1FRACN_IsEnabled
                0x0800c854       0x24 stm32h7xx_ll_rcc.o
 .text.LL_RCC_PLL1_GetN
                0x0800c878       0x1c stm32h7xx_ll_rcc.o
 .text.LL_RCC_PLL1_GetM
                0x0800c894       0x1c stm32h7xx_ll_rcc.o
 .text.LL_RCC_PLL1_GetP
                0x0800c8b0       0x20 stm32h7xx_ll_rcc.o
 .text.LL_RCC_PLL1_GetQ
                0x0800c8d0       0x20 stm32h7xx_ll_rcc.o
 .text.LL_RCC_PLL1_GetR
                0x0800c8f0       0x20 stm32h7xx_ll_rcc.o
 .text.LL_RCC_PLL1_GetFRACN
                0x0800c910       0x1c stm32h7xx_ll_rcc.o
 .text.LL_RCC_PLL2_IsReady
                0x0800c92c       0x28 stm32h7xx_ll_rcc.o
 .text.LL_RCC_PLL2P_IsEnabled
                0x0800c954       0x28 stm32h7xx_ll_rcc.o
 .text.LL_RCC_PLL2Q_IsEnabled
                0x0800c97c       0x28 stm32h7xx_ll_rcc.o
 .text.LL_RCC_PLL2R_IsEnabled
                0x0800c9a4       0x28 stm32h7xx_ll_rcc.o
 .text.LL_RCC_PLL2FRACN_IsEnabled
                0x0800c9cc       0x24 stm32h7xx_ll_rcc.o
 .text.LL_RCC_PLL2_GetN
                0x0800c9f0       0x1c stm32h7xx_ll_rcc.o
 .text.LL_RCC_PLL2_GetM
                0x0800ca0c       0x1c stm32h7xx_ll_rcc.o
 .text.LL_RCC_PLL2_GetP
                0x0800ca28       0x20 stm32h7xx_ll_rcc.o
 .text.LL_RCC_PLL2_GetQ
                0x0800ca48       0x20 stm32h7xx_ll_rcc.o
 .text.LL_RCC_PLL2_GetR
                0x0800ca68       0x20 stm32h7xx_ll_rcc.o
 .text.LL_RCC_PLL2_GetFRACN
                0x0800ca88       0x1c stm32h7xx_ll_rcc.o
 .text.LL_RCC_PLL3_IsReady
                0x0800caa4       0x28 stm32h7xx_ll_rcc.o
 .text.LL_RCC_PLL3P_IsEnabled
                0x0800cacc       0x28 stm32h7xx_ll_rcc.o
 .text.LL_RCC_PLL3Q_IsEnabled
                0x0800caf4       0x28 stm32h7xx_ll_rcc.o
 .text.LL_RCC_PLL3R_IsEnabled
                0x0800cb1c       0x28 stm32h7xx_ll_rcc.o
 .text.LL_RCC_PLL3FRACN_IsEnabled
                0x0800cb44       0x28 stm32h7xx_ll_rcc.o
 .text.LL_RCC_PLL3_GetN
                0x0800cb6c       0x1c stm32h7xx_ll_rcc.o
 .text.LL_RCC_PLL3_GetM
                0x0800cb88       0x1c stm32h7xx_ll_rcc.o
 .text.LL_RCC_PLL3_GetP
                0x0800cba4       0x20 stm32h7xx_ll_rcc.o
 .text.LL_RCC_PLL3_GetQ
                0x0800cbc4       0x20 stm32h7xx_ll_rcc.o
 .text.LL_RCC_PLL3_GetR
                0x0800cbe4       0x20 stm32h7xx_ll_rcc.o
 .text.LL_RCC_PLL3_GetFRACN
                0x0800cc04       0x1c stm32h7xx_ll_rcc.o
 .text.LL_RCC_GetPLL1ClockFreq
                0x0800cc20      0x130 stm32h7xx_ll_rcc.o
                0x0800cc20                LL_RCC_GetPLL1ClockFreq
 .text.LL_RCC_GetPLL2ClockFreq
                0x0800cd50      0x130 stm32h7xx_ll_rcc.o
                0x0800cd50                LL_RCC_GetPLL2ClockFreq
 .text.LL_RCC_GetPLL3ClockFreq
                0x0800ce80      0x134 stm32h7xx_ll_rcc.o
                0x0800ce80                LL_RCC_GetPLL3ClockFreq
 .text.LL_RCC_CalcPLLClockFreq
                0x0800cfb4       0x80 stm32h7xx_ll_rcc.o
                0x0800cfb4                LL_RCC_CalcPLLClockFreq
 .text.LL_RCC_GetUSARTClockFreq
                0x0800d034      0x1dc stm32h7xx_ll_rcc.o
                0x0800d034                LL_RCC_GetUSARTClockFreq
 .text.RCC_GetSystemClockFreq
                0x0800d210       0xc4 stm32h7xx_ll_rcc.o
 .text.RCC_GetHCLKClockFreq
                0x0800d2d4       0x2c stm32h7xx_ll_rcc.o
 .text.RCC_GetPCLK1ClockFreq
                0x0800d300       0x30 stm32h7xx_ll_rcc.o
 .text.RCC_GetPCLK2ClockFreq
                0x0800d330       0x30 stm32h7xx_ll_rcc.o
 .text.LL_SetSystemCoreClock
                0x0800d360       0x20 stm32h7xx_ll_utils.o
                0x0800d360                LL_SetSystemCoreClock
 .text.HAL_RCC_GetSysClockFreq
                0x0800d380      0x2f4 stm32h7xx_hal_rcc.o
                0x0800d380                HAL_RCC_GetSysClockFreq
 .text.HAL_RCC_GetHCLKFreq
                0x0800d674       0x60 stm32h7xx_hal_rcc.o
                0x0800d674                HAL_RCC_GetHCLKFreq
 .text.HAL_RCC_GetPCLK1Freq
                0x0800d6d4       0x2c stm32h7xx_hal_rcc.o
                0x0800d6d4                HAL_RCC_GetPCLK1Freq
 .text.HAL_RCC_GetClockConfig
                0x0800d700       0x84 stm32h7xx_hal_rcc.o
                0x0800d700                HAL_RCC_GetClockConfig
 .text.HAL_GPIO_Init
                0x0800d784      0x360 stm32h7xx_hal_gpio.o
                0x0800d784                HAL_GPIO_Init
 .text.__NVIC_SetPriorityGrouping
                0x0800dae4       0x48 stm32h7xx_hal_cortex.o
 .text.__NVIC_GetPriorityGrouping
                0x0800db2c       0x1c stm32h7xx_hal_cortex.o
 .text.__NVIC_EnableIRQ
                0x0800db48       0x3c stm32h7xx_hal_cortex.o
 .text.__NVIC_SetPriority
                0x0800db84       0x54 stm32h7xx_hal_cortex.o
 .text.NVIC_EncodePriority
                0x0800dbd8       0x66 stm32h7xx_hal_cortex.o
 .text.HAL_NVIC_SetPriorityGrouping
                0x0800dc3e       0x16 stm32h7xx_hal_cortex.o
                0x0800dc3e                HAL_NVIC_SetPriorityGrouping
 .text.HAL_NVIC_SetPriority
                0x0800dc54       0x34 stm32h7xx_hal_cortex.o
                0x0800dc54                HAL_NVIC_SetPriority
 .text.HAL_NVIC_EnableIRQ
                0x0800dc88       0x1c stm32h7xx_hal_cortex.o
                0x0800dc88                HAL_NVIC_EnableIRQ
 .text.HAL_Init
                0x0800dca4       0x78 stm32h7xx_hal.o
                0x0800dca4                HAL_Init
 .text.HAL_IncTick
                0x0800dd1c       0x28 stm32h7xx_hal.o
                0x0800dd1c                HAL_IncTick
 .text.HAL_GetTick
                0x0800dd44       0x18 stm32h7xx_hal.o
                0x0800dd44                HAL_GetTick
 .text.HAL_TIM_Base_Init
                0x0800dd5c       0xae stm32h7xx_hal_tim.o
                0x0800dd5c                HAL_TIM_Base_Init
 .text.HAL_TIM_Base_MspInit
                0x0800de0a       0x14 stm32h7xx_hal_tim.o
                0x0800de0a                HAL_TIM_Base_MspInit
 *fill*         0x0800de1e        0x2 
 .text.HAL_TIM_Base_Start_IT
                0x0800de20       0xf0 stm32h7xx_hal_tim.o
                0x0800de20                HAL_TIM_Base_Start_IT
 .text.HAL_TIM_IRQHandler
                0x0800df10      0x23e stm32h7xx_hal_tim.o
                0x0800df10                HAL_TIM_IRQHandler
 .text.HAL_TIM_OC_DelayElapsedCallback
                0x0800e14e       0x14 stm32h7xx_hal_tim.o
                0x0800e14e                HAL_TIM_OC_DelayElapsedCallback
 .text.HAL_TIM_IC_CaptureCallback
                0x0800e162       0x14 stm32h7xx_hal_tim.o
                0x0800e162                HAL_TIM_IC_CaptureCallback
 .text.HAL_TIM_PWM_PulseFinishedCallback
                0x0800e176       0x14 stm32h7xx_hal_tim.o
                0x0800e176                HAL_TIM_PWM_PulseFinishedCallback
 .text.HAL_TIM_TriggerCallback
                0x0800e18a       0x14 stm32h7xx_hal_tim.o
                0x0800e18a                HAL_TIM_TriggerCallback
 *fill*         0x0800e19e        0x2 
 .text.TIM_Base_SetConfig
                0x0800e1a0      0x134 stm32h7xx_hal_tim.o
                0x0800e1a0                TIM_Base_SetConfig
 .text.HAL_TIMEx_CommutCallback
                0x0800e2d4       0x14 stm32h7xx_hal_tim_ex.o
                0x0800e2d4                HAL_TIMEx_CommutCallback
 .text.HAL_TIMEx_BreakCallback
                0x0800e2e8       0x14 stm32h7xx_hal_tim_ex.o
                0x0800e2e8                HAL_TIMEx_BreakCallback
 .text.HAL_TIMEx_Break2Callback
                0x0800e2fc       0x14 stm32h7xx_hal_tim_ex.o
                0x0800e2fc                HAL_TIMEx_Break2Callback
 .text.LL_USART_IsEnabled
                0x0800e310       0x26 stm32h7xx_ll_usart.o
 .text.LL_USART_SetPrescaler
                0x0800e336       0x28 stm32h7xx_ll_usart.o
 .text.LL_USART_SetStopBitsLength
                0x0800e35e       0x26 stm32h7xx_ll_usart.o
 .text.LL_USART_SetHWFlowCtrl
                0x0800e384       0x26 stm32h7xx_ll_usart.o
 *fill*         0x0800e3aa        0x2 
 .text.LL_USART_SetBaudRate
                0x0800e3ac       0xa0 stm32h7xx_ll_usart.o
 .text.LL_USART_Init
                0x0800e44c      0x154 stm32h7xx_ll_usart.o
                0x0800e44c                LL_USART_Init
 .text.HAL_PCD_Init
                0x0800e5a0      0x248 stm32h7xx_hal_pcd.o
                0x0800e5a0                HAL_PCD_Init
 .text.HAL_PCDEx_ActivateLPM
                0x0800e7e8       0x48 stm32h7xx_hal_pcd_ex.o
                0x0800e7e8                HAL_PCDEx_ActivateLPM
 .text.USB_CoreInit
                0x0800e830       0xdc stm32h7xx_ll_usb.o
                0x0800e830                USB_CoreInit
 .text.USB_DisableGlobalInt
                0x0800e90c       0x22 stm32h7xx_ll_usb.o
                0x0800e90c                USB_DisableGlobalInt
 .text.USB_SetCurrentMode
                0x0800e92e       0x98 stm32h7xx_ll_usb.o
                0x0800e92e                USB_SetCurrentMode
 *fill*         0x0800e9c6        0x2 
 .text.USB_DevInit
                0x0800e9c8      0x2bc stm32h7xx_ll_usb.o
                0x0800e9c8                USB_DevInit
 .text.USB_FlushTxFifo
                0x0800ec84       0x64 stm32h7xx_ll_usb.o
                0x0800ec84                USB_FlushTxFifo
 .text.USB_FlushRxFifo
                0x0800ece8       0x5c stm32h7xx_ll_usb.o
                0x0800ece8                USB_FlushRxFifo
 .text.USB_SetDevSpeed
                0x0800ed44       0x32 stm32h7xx_ll_usb.o
                0x0800ed44                USB_SetDevSpeed
 .text.USB_DevDisconnect
                0x0800ed76       0x42 stm32h7xx_ll_usb.o
                0x0800ed76                USB_DevDisconnect
 .text.USB_GetMode
                0x0800edb8       0x1c stm32h7xx_ll_usb.o
                0x0800edb8                USB_GetMode
 .text.USB_CoreReset
                0x0800edd4       0x64 stm32h7xx_ll_usb.o
 .text.SystemInit
                0x0800ee38      0x110 system_stm32h7xx.o
                0x0800ee38                SystemInit
 .text.Reset_Handler
                0x0800ef48       0x50 startup_stm32h753zitx.o
                0x0800ef48                Reset_Handler
 .text.Default_Handler
                0x0800ef98        0x2 startup_stm32h753zitx.o
                0x0800ef98                RTC_Alarm_IRQHandler
                0x0800ef98                HASH_RNG_IRQHandler
                0x0800ef98                EXTI2_IRQHandler
                0x0800ef98                TIM8_CC_IRQHandler
                0x0800ef98                HRTIM1_Master_IRQHandler
                0x0800ef98                UART8_IRQHandler
                0x0800ef98                SPI4_IRQHandler
                0x0800ef98                TIM1_CC_IRQHandler
                0x0800ef98                BDMA_Channel6_IRQHandler
                0x0800ef98                DMA2_Stream5_IRQHandler
                0x0800ef98                HRTIM1_FLT_IRQHandler
                0x0800ef98                JPEG_IRQHandler
                0x0800ef98                DMA1_Stream5_IRQHandler
                0x0800ef98                BDMA_Channel1_IRQHandler
                0x0800ef98                HRTIM1_TIMD_IRQHandler
                0x0800ef98                TAMP_STAMP_IRQHandler
                0x0800ef98                EXTI3_IRQHandler
                0x0800ef98                LPTIM4_IRQHandler
                0x0800ef98                TIM8_TRG_COM_TIM14_IRQHandler
                0x0800ef98                LPTIM2_IRQHandler
                0x0800ef98                DFSDM1_FLT1_IRQHandler
                0x0800ef98                DMAMUX2_OVR_IRQHandler
                0x0800ef98                TIM8_UP_TIM13_IRQHandler
                0x0800ef98                I2C3_ER_IRQHandler
                0x0800ef98                DFSDM1_FLT2_IRQHandler
                0x0800ef98                MDMA_IRQHandler
                0x0800ef98                LPTIM3_IRQHandler
                0x0800ef98                HSEM1_IRQHandler
                0x0800ef98                EXTI0_IRQHandler
                0x0800ef98                I2C2_EV_IRQHandler
                0x0800ef98                DMA1_Stream2_IRQHandler
                0x0800ef98                FPU_IRQHandler
                0x0800ef98                OTG_HS_WKUP_IRQHandler
                0x0800ef98                FDCAN1_IT1_IRQHandler
                0x0800ef98                LTDC_ER_IRQHandler
                0x0800ef98                DMA2_Stream2_IRQHandler
                0x0800ef98                HRTIM1_TIME_IRQHandler
                0x0800ef98                SPI1_IRQHandler
                0x0800ef98                TIM6_DAC_IRQHandler
                0x0800ef98                DCMI_IRQHandler
                0x0800ef98                HRTIM1_TIMC_IRQHandler
                0x0800ef98                DMA2_Stream3_IRQHandler
                0x0800ef98                SAI2_IRQHandler
                0x0800ef98                DFSDM1_FLT3_IRQHandler
                0x0800ef98                USART6_IRQHandler
                0x0800ef98                TIM17_IRQHandler
                0x0800ef98                BDMA_Channel7_IRQHandler
                0x0800ef98                CRYP_IRQHandler
                0x0800ef98                LPTIM5_IRQHandler
                0x0800ef98                UART5_IRQHandler
                0x0800ef98                ADC3_IRQHandler
                0x0800ef98                DMA2_Stream0_IRQHandler
                0x0800ef98                TIM4_IRQHandler
                0x0800ef98                BDMA_Channel2_IRQHandler
                0x0800ef98                QUADSPI_IRQHandler
                0x0800ef98                I2C1_EV_IRQHandler
                0x0800ef98                DMA1_Stream6_IRQHandler
                0x0800ef98                DMAMUX1_OVR_IRQHandler
                0x0800ef98                DMA1_Stream1_IRQHandler
                0x0800ef98                TIM16_IRQHandler
                0x0800ef98                UART4_IRQHandler
                0x0800ef98                BDMA_Channel5_IRQHandler
                0x0800ef98                TIM3_IRQHandler
                0x0800ef98                RCC_IRQHandler
                0x0800ef98                TIM8_BRK_TIM12_IRQHandler
                0x0800ef98                TIM1_TRG_COM_IRQHandler
                0x0800ef98                Default_Handler
                0x0800ef98                ECC_IRQHandler
                0x0800ef98                CEC_IRQHandler
                0x0800ef98                EXTI15_10_IRQHandler
                0x0800ef98                BDMA_Channel0_IRQHandler
                0x0800ef98                ADC_IRQHandler
                0x0800ef98                DMA1_Stream7_IRQHandler
                0x0800ef98                HRTIM1_TIMA_IRQHandler
                0x0800ef98                SPI5_IRQHandler
                0x0800ef98                TIM7_IRQHandler
                0x0800ef98                SDMMC1_IRQHandler
                0x0800ef98                DMA2_Stream7_IRQHandler
                0x0800ef98                TIM15_IRQHandler
                0x0800ef98                PVD_AVD_IRQHandler
                0x0800ef98                I2C3_EV_IRQHandler
                0x0800ef98                EXTI9_5_IRQHandler
                0x0800ef98                RTC_WKUP_IRQHandler
                0x0800ef98                LTDC_IRQHandler
                0x0800ef98                SAI3_IRQHandler
                0x0800ef98                ETH_WKUP_IRQHandler
                0x0800ef98                SPDIF_RX_IRQHandler
                0x0800ef98                SPI2_IRQHandler
                0x0800ef98                OTG_HS_EP1_IN_IRQHandler
                0x0800ef98                CRS_IRQHandler
                0x0800ef98                EXTI4_IRQHandler
                0x0800ef98                HRTIM1_TIMB_IRQHandler
                0x0800ef98                FDCAN2_IT1_IRQHandler
                0x0800ef98                ETH_IRQHandler
                0x0800ef98                TIM1_UP_IRQHandler
                0x0800ef98                BDMA_Channel4_IRQHandler
                0x0800ef98                OTG_HS_EP1_OUT_IRQHandler
                0x0800ef98                WWDG_IRQHandler
                0x0800ef98                SPI6_IRQHandler
                0x0800ef98                MDIOS_IRQHandler
                0x0800ef98                I2C4_EV_IRQHandler
                0x0800ef98                FDCAN2_IT0_IRQHandler
                0x0800ef98                LPUART1_IRQHandler
                0x0800ef98                FDCAN1_IT0_IRQHandler
                0x0800ef98                TIM2_IRQHandler
                0x0800ef98                OTG_FS_WKUP_IRQHandler
                0x0800ef98                OTG_HS_IRQHandler
                0x0800ef98                DMA2D_IRQHandler
                0x0800ef98                TIM1_BRK_IRQHandler
                0x0800ef98                EXTI1_IRQHandler
                0x0800ef98                SDMMC2_IRQHandler
                0x0800ef98                OTG_FS_EP1_OUT_IRQHandler
                0x0800ef98                BDMA_Channel3_IRQHandler
                0x0800ef98                UART7_IRQHandler
                0x0800ef98                MDIOS_WKUP_IRQHandler
                0x0800ef98                USART2_IRQHandler
                0x0800ef98                DFSDM1_FLT0_IRQHandler
                0x0800ef98                SAI4_IRQHandler
                0x0800ef98                I2C2_ER_IRQHandler
                0x0800ef98                DMA2_Stream1_IRQHandler
                0x0800ef98                FLASH_IRQHandler
                0x0800ef98                DMA2_Stream4_IRQHandler
                0x0800ef98                USART1_IRQHandler
                0x0800ef98                OTG_FS_IRQHandler
                0x0800ef98                SPI3_IRQHandler
                0x0800ef98                WAKEUP_PIN_IRQHandler
                0x0800ef98                DMA1_Stream4_IRQHandler
                0x0800ef98                OTG_FS_EP1_IN_IRQHandler
                0x0800ef98                I2C1_ER_IRQHandler
                0x0800ef98                FMC_IRQHandler
                0x0800ef98                FDCAN_CAL_IRQHandler
                0x0800ef98                SWPMI1_IRQHandler
                0x0800ef98                COMP1_IRQHandler
                0x0800ef98                LPTIM1_IRQHandler
                0x0800ef98                I2C4_ER_IRQHandler
                0x0800ef98                DMA2_Stream6_IRQHandler
                0x0800ef98                SAI1_IRQHandler
                0x0800ef98                DMA1_Stream3_IRQHandler
 *fill*         0x0800ef9a        0x6 
 .text.fmod     0x0800efa0       0x50 c:/programdata/matlab/supportpackages/r2023b/3p.instrset/gnuarm-armcortex.instrset/win/bin/../lib/gcc/arm-none-eabi/11.3.1/thumb/v7e-m+dp/hard\libm.a(libm_a-w_fmod.o)
                0x0800efa0                fmod
 .text.ldexp    0x0800eff0       0x58 c:/programdata/matlab/supportpackages/r2023b/3p.instrset/gnuarm-armcortex.instrset/win/bin/../lib/gcc/arm-none-eabi/11.3.1/thumb/v7e-m+dp/hard\libm.a(libm_a-s_ldexp.o)
                0x0800eff0                ldexp
 .text.finite   0x0800f048       0x18 c:/programdata/matlab/supportpackages/r2023b/3p.instrset/gnuarm-armcortex.instrset/win/bin/../lib/gcc/arm-none-eabi/11.3.1/thumb/v7e-m+dp/hard\libm.a(libm_a-s_finite.o)
                0x0800f048                finite
 .text.scalbn   0x0800f060      0x10c c:/programdata/matlab/supportpackages/r2023b/3p.instrset/gnuarm-armcortex.instrset/win/bin/../lib/gcc/arm-none-eabi/11.3.1/thumb/v7e-m+dp/hard\libm.a(libm_a-s_scalbn.o)
                0x0800f060                scalbn
 .text.__ieee754_fmod
                0x0800f16c      0x298 c:/programdata/matlab/supportpackages/r2023b/3p.instrset/gnuarm-armcortex.instrset/win/bin/../lib/gcc/arm-none-eabi/11.3.1/thumb/v7e-m+dp/hard\libm.a(libm_a-e_fmod.o)
                0x0800f16c                __ieee754_fmod
 *fill*         0x0800f404        0x4 
 .text.__fixunsdfdi
                0x0800f408       0x40 c:/programdata/matlab/supportpackages/r2023b/3p.instrset/gnuarm-armcortex.instrset/win/bin/../lib/gcc/arm-none-eabi/11.3.1/thumb/v7e-m+dp/hard\libgcc.a(_fixunsdfdi.o)
                0x0800f408                __fixunsdfdi
                0x0800f408                __aeabi_d2ulz
 .text.memset   0x0800f448       0x10 c:/programdata/matlab/supportpackages/r2023b/3p.instrset/gnuarm-armcortex.instrset/win/bin/../lib/gcc/arm-none-eabi/11.3.1/thumb/v7e-m+dp/hard\libg_nano.a(libc_a-memset.o)
                0x0800f448                memset
 .text.__errno  0x0800f458        0xc c:/programdata/matlab/supportpackages/r2023b/3p.instrset/gnuarm-armcortex.instrset/win/bin/../lib/gcc/arm-none-eabi/11.3.1/thumb/v7e-m+dp/hard\libg_nano.a(libc_a-errno.o)
                0x0800f458                __errno
 .text.__libc_init_array
                0x0800f464       0x48 c:/programdata/matlab/supportpackages/r2023b/3p.instrset/gnuarm-armcortex.instrset/win/bin/../lib/gcc/arm-none-eabi/11.3.1/thumb/v7e-m+dp/hard\libg_nano.a(libc_a-init.o)
                0x0800f464                __libc_init_array
 .text.memcpy   0x0800f4ac       0x1c c:/programdata/matlab/supportpackages/r2023b/3p.instrset/gnuarm-armcortex.instrset/win/bin/../lib/gcc/arm-none-eabi/11.3.1/thumb/v7e-m+dp/hard\libg_nano.a(libc_a-memcpy-stub.o)
                0x0800f4ac                memcpy
 *(.glue_7)
 .glue_7        0x0800f4c8        0x0 linker stubs
 *(.glue_7t)
 .glue_7t       0x0800f4c8        0x0 linker stubs
 *(.eh_frame)
 .eh_frame      0x0800f4c8        0x0 c:/programdata/matlab/supportpackages/r2023b/3p.instrset/gnuarm-armcortex.instrset/win/bin/../lib/gcc/arm-none-eabi/11.3.1/thumb/v7e-m+dp/hard/crtbegin.o
 *(.init)
 .init          0x0800f4c8        0x4 c:/programdata/matlab/supportpackages/r2023b/3p.instrset/gnuarm-armcortex.instrset/win/bin/../lib/gcc/arm-none-eabi/11.3.1/thumb/v7e-m+dp/hard/crti.o
                0x0800f4c8                _init
 .init          0x0800f4cc        0x8 c:/programdata/matlab/supportpackages/r2023b/3p.instrset/gnuarm-armcortex.instrset/win/bin/../lib/gcc/arm-none-eabi/11.3.1/thumb/v7e-m+dp/hard/crtn.o
 *(.fini)
 .fini          0x0800f4d4        0x4 c:/programdata/matlab/supportpackages/r2023b/3p.instrset/gnuarm-armcortex.instrset/win/bin/../lib/gcc/arm-none-eabi/11.3.1/thumb/v7e-m+dp/hard/crti.o
                0x0800f4d4                _fini
 .fini          0x0800f4d8        0x8 c:/programdata/matlab/supportpackages/r2023b/3p.instrset/gnuarm-armcortex.instrset/win/bin/../lib/gcc/arm-none-eabi/11.3.1/thumb/v7e-m+dp/hard/crtn.o
                0x0800f4e0                . = ALIGN (0x4)
                0x0800f4e0                _etext = .

.vfp11_veneer   0x0800f4e0        0x0
 .vfp11_veneer  0x0800f4e0        0x0 linker stubs

.v4_bx          0x0800f4e0        0x0
 .v4_bx         0x0800f4e0        0x0 linker stubs

.iplt           0x0800f4e0        0x0
 .iplt          0x0800f4e0        0x0 c:/programdata/matlab/supportpackages/r2023b/3p.instrset/gnuarm-armcortex.instrset/win/bin/../lib/gcc/arm-none-eabi/11.3.1/thumb/v7e-m+dp/hard/crtbegin.o

.rodata         0x0800f4e0     0x2a10
                0x0800f4e0                . = ALIGN (0x4)
 *(.rodata)
 .rodata        0x0800f4e0      0x2b9 xcp_ext_mode.o
 *fill*         0x0800f799        0x3 
 .rodata        0x0800f79c       0x12 FC_Test.o
 *fill*         0x0800f7ae        0x2 
 .rodata        0x0800f7b0      0x12e xcp_ext_common.o
 *fill*         0x0800f8de        0x2 
 .rodata        0x0800f8e0       0x4c xcp_ext_classic_trigger.o
 .rodata        0x0800f92c      0x278 xcp.o
 .rodata        0x0800fba4      0x3a9 xcp_standard.o
 *fill*         0x0800ff4d        0x3 
 .rodata        0x0800ff50     0x1010 xcp_daq.o
 .rodata        0x08010f60       0xdd xcp_calibration.o
 *fill*         0x0801103d        0x3 
 .rodata        0x08011040      0x56e xcp_transport.o
 *fill*         0x080115ae        0x2 
 .rodata        0x080115b0       0xf5 xcp_mem_default.o
 *fill*         0x080116a5        0x3 
 .rodata        0x080116a8      0x228 xcp_drv_rtiostream.o
 .rodata        0x080118d0      0x4aa xcp_frame_serial.o
 *(.rodata*)
 *fill*         0x08011d7a        0x2 
 .rodata.FC_Test_M
                0x08011d7c        0x4 FC_Test.o
                0x08011d7c                FC_Test_M
 .rodata.rtAlwaysEnabled.0
                0x08011d80        0x1 FC_Test.o
 *fill*         0x08011d81        0x3 
 .rodata.standardSupportedRxPacket
                0x08011d84       0x54 xcp_standard.o
 .rodata.daqSupportedRxPacket
                0x08011dd8       0x90 xcp_daq.o
 .rodata.calibrationSupportedRxPacket
                0x08011e68       0x18 xcp_calibration.o
 .rodata.LL_DMA_STR_OFFSET_TAB
                0x08011e80        0x8 stm_usart.o
 .rodata.LL_DMA_STR_OFFSET_TAB
                0x08011e88        0x8 main.o
 .rodata.LL_RCC_PrescTable
                0x08011e90       0x10 stm32h7xx_ll_rcc.o
                0x08011e90                LL_RCC_PrescTable
 .rodata.USART_PRESCALER_TAB
                0x08011ea0       0x30 stm32h7xx_ll_usart.o
 .rodata.D1CorePrescTable
                0x08011ed0       0x10 system_stm32h7xx.o
                0x08011ed0                D1CorePrescTable
 .rodata.Zero   0x08011ee0       0x10 c:/programdata/matlab/supportpackages/r2023b/3p.instrset/gnuarm-armcortex.instrset/win/bin/../lib/gcc/arm-none-eabi/11.3.1/thumb/v7e-m+dp/hard\libm.a(libm_a-e_fmod.o)
                0x08011ef0                . = ALIGN (0x4)

.ARM.extab
 *(.ARM.extab* .gnu.linkonce.armextab.*)

.ARM            0x08011ef0        0x0
                0x08011ef0                __exidx_start = .
 *(.ARM.exidx*)
                0x08011ef0                __exidx_end = .

.preinit_array  0x08011ef0        0x0
                0x08011ef0                PROVIDE (__preinit_array_start = .)
 *(.preinit_array*)
                0x08011ef0                PROVIDE (__preinit_array_end = .)

.init_array     0x08011ef0        0x4
                0x08011ef0                PROVIDE (__init_array_start = .)
 *(SORT_BY_NAME(.init_array.*))
 *(.init_array*)
 .init_array    0x08011ef0        0x4 c:/programdata/matlab/supportpackages/r2023b/3p.instrset/gnuarm-armcortex.instrset/win/bin/../lib/gcc/arm-none-eabi/11.3.1/thumb/v7e-m+dp/hard/crtbegin.o
                0x08011ef4                PROVIDE (__init_array_end = .)

.fini_array     0x08011ef4        0x4
                [!provide]                PROVIDE (__fini_array_start = .)
 *(SORT_BY_NAME(.fini_array.*))
 *(.fini_array*)
 .fini_array    0x08011ef4        0x4 c:/programdata/matlab/supportpackages/r2023b/3p.instrset/gnuarm-armcortex.instrset/win/bin/../lib/gcc/arm-none-eabi/11.3.1/thumb/v7e-m+dp/hard/crtbegin.o
                [!provide]                PROVIDE (__fini_array_end = .)
                0x08011ef8                _sidata = LOADADDR (.data)

.rel.dyn        0x08011ef8        0x0
 .rel.iplt      0x08011ef8        0x0 c:/programdata/matlab/supportpackages/r2023b/3p.instrset/gnuarm-armcortex.instrset/win/bin/../lib/gcc/arm-none-eabi/11.3.1/thumb/v7e-m+dp/hard/crtbegin.o

.data           0x24000000      0x238 load address 0x08011ef8
                0x24000000                . = ALIGN (0x4)
                0x24000000                _sdata = .
 *(.data)
 *(.data*)
 .data.FC_Test_P
                0x24000000      0x150 FC_Test_data.o
                0x24000000                FC_Test_P
 .data.xcpExtmodeFinalSimulationTime
                0x24000150        0x8 xcp_ext_common.o
                0x24000150                xcpExtmodeFinalSimulationTime
 .data.xcpClassicTriggerDuration
                0x24000158        0x4 xcp_ext_classic_trigger.o
                0x24000158                xcpClassicTriggerDuration
 .data.xcpClassicTriggerArmRequest
                0x2400015c        0x1 xcp_ext_classic_trigger.o
                0x2400015c                xcpClassicTriggerArmRequest
 *fill*         0x2400015d        0x3 
 .data.startStopDaqListId
                0x24000160        0x4 xcp_daq.o
 .data.xcpCurrentDaq
                0x24000164        0x4 xcp_daq.o
 .data.xcpEventCustomMemoryManager
                0x24000168        0xc xcp_daq.o
 .data.xcpCtoReservedMemPoolId
                0x24000174        0x4 xcp_transport.o
 .data.xcpMemMainBlockSizes
                0x24000178        0xc xcp_mem_default.o
 .data.xcpMemMainBlocksNumber
                0x24000184        0xc xcp_mem_default.o
 .data.drvID    0x24000190        0x4 xcp_drv_rtiostream.o
 .data.xcpCtoReservedMemPoolId
                0x24000194        0x4 xcp_frame_serial.o
 .data.uartObj  0x24000198       0x40 rtiostream_serial.o
                0x24000198                uartObj
 .data.uwTickPrio
                0x240001d8        0x4 stm32h7xx_hal.o
                0x240001d8                uwTickPrio
 .data.uwTickFreq
                0x240001dc        0x1 stm32h7xx_hal.o
                0x240001dc                uwTickFreq
 *fill*         0x240001dd        0x3 
 .data.SystemCoreClock
                0x240001e0        0x4 system_stm32h7xx.o
                0x240001e0                SystemCoreClock
 .data.SystemD2Clock
                0x240001e4        0x4 system_stm32h7xx.o
                0x240001e4                SystemD2Clock
 .data._impure_data
                0x240001e8       0x4c c:/programdata/matlab/supportpackages/r2023b/3p.instrset/gnuarm-armcortex.instrset/win/bin/../lib/gcc/arm-none-eabi/11.3.1/thumb/v7e-m+dp/hard\libg_nano.a(libc_a-impure.o)
                0x240001e8                _impure_data
 .data._impure_ptr
                0x24000234        0x4 c:/programdata/matlab/supportpackages/r2023b/3p.instrset/gnuarm-armcortex.instrset/win/bin/../lib/gcc/arm-none-eabi/11.3.1/thumb/v7e-m+dp/hard\libg_nano.a(libc_a-impure.o)
                0x24000234                _impure_ptr
 *(.RamFunc)
 *(.RamFunc*)
                0x24000238                . = ALIGN (0x4)
                0x24000238                _edata = .

.tm_clone_table
                0x24000238        0x0 load address 0x08012130
 .tm_clone_table
                0x24000238        0x0 c:/programdata/matlab/supportpackages/r2023b/3p.instrset/gnuarm-armcortex.instrset/win/bin/../lib/gcc/arm-none-eabi/11.3.1/thumb/v7e-m+dp/hard/crtbegin.o
 .tm_clone_table
                0x24000238        0x0 c:/programdata/matlab/supportpackages/r2023b/3p.instrset/gnuarm-armcortex.instrset/win/bin/../lib/gcc/arm-none-eabi/11.3.1/thumb/v7e-m+dp/hard/crtend.o

.igot.plt       0x24000238        0x0 load address 0x08012130
 .igot.plt      0x24000238        0x0 c:/programdata/matlab/supportpackages/r2023b/3p.instrset/gnuarm-armcortex.instrset/win/bin/../lib/gcc/arm-none-eabi/11.3.1/thumb/v7e-m+dp/hard/crtbegin.o
                0x24000238                . = ALIGN (0x4)

.bss            0x24000238     0x1b58 load address 0x08012130
                0x24000238                _sbss = .
                0x24000238                __bss_start__ = _sbss
 *(.bss)
 *(.bss*)
 .bss.completed.1
                0x24000238        0x1 c:/programdata/matlab/supportpackages/r2023b/3p.instrset/gnuarm-armcortex.instrset/win/bin/../lib/gcc/arm-none-eabi/11.3.1/thumb/v7e-m+dp/hard/crtbegin.o
 *fill*         0x24000239        0x3 
 .bss.object.0  0x2400023c       0x18 c:/programdata/matlab/supportpackages/r2023b/3p.instrset/gnuarm-armcortex.instrset/win/bin/../lib/gcc/arm-none-eabi/11.3.1/thumb/v7e-m+dp/hard/crtbegin.o
 .bss.mw_i2c1   0x24000254       0x1c mw_stm32_i2c_v2_ll.o
 .bss.mw_i2c2   0x24000270       0x1c mw_stm32_i2c_v2_ll.o
 .bss.mw_i2c3   0x2400028c       0x1c mw_stm32_i2c_v2_ll.o
 .bss.mw_i2c4   0x240002a8       0x1c mw_stm32_i2c_v2_ll.o
 .bss.xcpCustomTriggerFunction
                0x240002c4        0x8 xcp_ext_mode.o
 *fill*         0x240002cc        0x4 
 .bss.FC_Test_B
                0x240002d0       0x30 FC_Test.o
                0x240002d0                FC_Test_B
 .bss.FC_Test_DW
                0x24000300      0x3a0 FC_Test.o
                0x24000300                FC_Test_DW
 .bss.FC_Test_M_
                0x240006a0      0x160 FC_Test.o
 .bss.rt_ExtModeInfo.2
                0x24000800       0x14 FC_Test.o
 .bss.systemRan.1
                0x24000814       0xb8 FC_Test.o
 .bss.IsrOverrun
                0x240008cc        0x4 ert_main.o
                0x240008cc                IsrOverrun
 .bss.OverrunFlag
                0x240008d0        0x1 ert_main.o
 .bss.stopRequested
                0x240008d1        0x1 ert_main.o
                0x240008d1                stopRequested
 .bss.runModel  0x240008d2        0x1 ert_main.o
                0x240008d2                runModel
 .bss.xcpModelStartRequest
                0x240008d3        0x1 xcp_ext_common.o
                0x240008d3                xcpModelStartRequest
 .bss.xcpModelStopRequest
                0x240008d4        0x1 xcp_ext_common.o
                0x240008d4                xcpModelStopRequest
 .bss.xcpModelStatus
                0x240008d5        0x1 xcp_ext_common.o
                0x240008d5                xcpModelStatus
 *fill*         0x240008d6        0x2 
 .bss.xcpModelChecksum0
                0x240008d8        0x4 xcp_ext_common.o
                0x240008d8                xcpModelChecksum0
 .bss.xcpModelChecksum1
                0x240008dc        0x4 xcp_ext_common.o
                0x240008dc                xcpModelChecksum1
 .bss.xcpModelChecksum2
                0x240008e0        0x4 xcp_ext_common.o
                0x240008e0                xcpModelChecksum2
 .bss.xcpModelChecksum3
                0x240008e4        0x4 xcp_ext_common.o
                0x240008e4                xcpModelChecksum3
 .bss.xcpModelIntegerCode
                0x240008e8        0x4 xcp_ext_common.o
                0x240008e8                xcpModelIntegerCode
 .bss.xcpExtmodeSimulationComplete
                0x240008ec        0x1 xcp_ext_common.o
                0x240008ec                xcpExtmodeSimulationComplete
 *fill*         0x240008ed        0x3 
 .bss.xcpDummyDoubleVariable
                0x240008f0        0x8 xcp_ext_common.o
                0x240008f0                xcpDummyDoubleVariable
 .bss.xcpCurrentSimulationTimeInMs
                0x240008f8        0x8 xcp_ext_common.o
                0x240008f8                xcpCurrentSimulationTimeInMs
 .bss.xcpBaseRateSimulationTime
                0x24000900        0x8 xcp_ext_common.o
 .bss.xcpClassicTriggerEventId
                0x24000908        0x2 xcp_ext_classic_trigger.o
                0x24000908                xcpClassicTriggerEventId
 *fill*         0x2400090a        0x2 
 .bss.xcpClassicTriggerSignalAddress
                0x2400090c        0x4 xcp_ext_classic_trigger.o
                0x2400090c                xcpClassicTriggerSignalAddress
 .bss.xcpClassicTriggerSignalAddressExtension
                0x24000910        0x1 xcp_ext_classic_trigger.o
                0x24000910                xcpClassicTriggerSignalAddressExtension
 *fill*         0x24000911        0x7 
 .bss.xcpClassicTriggerLevel
                0x24000918        0x8 xcp_ext_classic_trigger.o
                0x24000918                xcpClassicTriggerLevel
 .bss.xcpClassicTriggerHoldOff
                0x24000920        0x4 xcp_ext_classic_trigger.o
                0x24000920                xcpClassicTriggerHoldOff
 .bss.xcpClassicTriggerDelay
                0x24000924        0x4 xcp_ext_classic_trigger.o
                0x24000924                xcpClassicTriggerDelay
 .bss.xcpClassicTriggerDirection
                0x24000928        0x1 xcp_ext_classic_trigger.o
                0x24000928                xcpClassicTriggerDirection
 .bss.xcpClassicTriggerCancelRequest
                0x24000929        0x1 xcp_ext_classic_trigger.o
                0x24000929                xcpClassicTriggerCancelRequest
 .bss.xcpClassicTriggerSource
                0x2400092a        0x1 xcp_ext_classic_trigger.o
                0x2400092a                xcpClassicTriggerSource
 .bss.xcpClassicTriggerMode
                0x2400092b        0x1 xcp_ext_classic_trigger.o
                0x2400092b                xcpClassicTriggerMode
 .bss.xcpClassicTriggerStatus
                0x2400092c        0x1 xcp_ext_classic_trigger.o
                0x2400092c                xcpClassicTriggerStatus
 *fill*         0x2400092d        0x3 
 .bss.xcpOldSignalValue
                0x24000930        0x8 xcp_ext_classic_trigger.o
 .bss.xcpOldSignalValueAvailable
                0x24000938        0x1 xcp_ext_classic_trigger.o
 .bss.xcpOldClassicTriggerSource
                0x24000939        0x1 xcp_ext_classic_trigger.o
 .bss.xcpTriggerEnabled
                0x2400093a        0x1 xcp_ext_classic_trigger.o
 .bss.xcpSignalTriggerFired
                0x2400093b        0x1 xcp_ext_classic_trigger.o
 .bss.xcpTriggerCount
                0x2400093c        0x4 xcp_ext_classic_trigger.o
 .bss.xcpForcedTriggerEnabled
                0x24000940        0x1 xcp_ext_classic_trigger.o
 .bss.xcpForceTriggerEnableRequest
                0x24000941        0x1 xcp_ext_classic_trigger.o
 .bss.initialized
                0x24000942        0x1 xcp.o
 .bss.xcpStatus
                0x24000943        0x1 xcp.o
 .bss.xcpSessionStatus
                0x24000944        0x1 xcp.o
 .bss.xcpResourceProtectionStatus
                0x24000945        0x1 xcp.o
 .bss.xcpSessionConfigurationId
                0x24000946        0x2 xcp.o
 .bss.groupPacketLookup
                0x24000948       0x10 xcp.o
 .bss.xcpMta    0x24000958        0x8 xcp_standard.o
 .bss.xcpUploadSize
                0x24000960        0x1 xcp_standard.o
 *fill*         0x24000961        0x3 
 .bss.packetLookup
                0x24000964        0x4 xcp_standard.o
 .bss.xcpDynamicDaqLists
                0x24000968        0x8 xcp_daq.o
 .bss.xcpRunningEventCounter
                0x24000970        0x4 xcp_daq.o
 .bss.daqLock   0x24000974        0x4 xcp_daq.o
 .bss.packetLookup
                0x24000978        0x4 xcp_daq.o
 .bss.packetLookup
                0x2400097c        0x4 xcp_calibration.o
 .bss.txFifo    0x24000980       0x10 xcp_transport.o
 .bss.txLock    0x24000990        0x4 xcp_transport.o
 .bss.rxFifo    0x24000994        0x8 xcp_transport.o
 .bss.rxLock    0x2400099c        0x4 xcp_transport.o
 .bss.initialized
                0x240009a0        0x1 xcp_transport.o
 *fill*         0x240009a1        0x3 
 .bss.xcpMemPoolDescriptors
                0x240009a4       0xc0 xcp_mem_default.o
 .bss.xcpMemCustomPoolDescriptors
                0x24000a64        0x8 xcp_mem_default.o
 .bss.xcpMemMainChunk
                0x24000a6c      0x427 xcp_mem_default.o
 *fill*         0x24000e93        0x1 
 .bss.xcpMemReservedPoolsChunk
                0x24000e94      0x8f5 xcp_mem_default.o
 *fill*         0x24001789        0x3 
 .bss.xcpMemReservedPoolsChunkUsedBytes
                0x2400178c        0x4 xcp_mem_default.o
 .bss.xcpMemLock
                0x24001790        0x4 xcp_mem_default.o
 .bss.forceBlocking
                0x24001794        0x1 xcp_drv_rtiostream.o
 *fill*         0x24001795        0x1 
 .bss.txCounter
                0x24001796        0x2 xcp_frame_serial.o
 .bss.rxCounter
                0x24001798        0x2 xcp_frame_serial.o
 *fill*         0x2400179a        0x2 
 .bss.firstRxCounterReceived
                0x2400179c        0x4 xcp_frame_serial.o
 .bss.initialized
                0x240017a0        0x1 xcp_frame_serial.o
 *fill*         0x240017a1        0x3 
 .bss.timestampInitialized
                0x240017a4        0x4 platform_timer.o
 .bss.timestampStartTime
                0x240017a8        0x4 platform_timer.o
 .bss.schdl_counter
                0x240017ac        0x4 SysTickScheduler.o
                0x240017ac                schdl_counter
 .bss.schdl_counter_max
                0x240017b0        0x4 SysTickScheduler.o