Archive member included to satisfy reference by file (symbol)

c:/programdata/matlab/supportpackages/r2023b/3p.instrset/gnuarm-armcortex.instrset/win/bin/../lib/gcc/arm-none-eabi/11.3.1/thumb/v7e-m+dp/hard\libm.a(libm_a-w_fmod.o)
                              xcp_ext_common.o (fmod)
c:/programdata/matlab/supportpackages/r2023b/3p.instrset/gnuarm-armcortex.instrset/win/bin/../lib/gcc/arm-none-eabi/11.3.1/thumb/v7e-m+dp/hard\libm.a(libm_a-e_fmod.o)
                              c:/programdata/matlab/supportpackages/r2023b/3p.instrset/gnuarm-armcortex.instrset/win/bin/../lib/gcc/arm-none-eabi/11.3.1/thumb/v7e-m+dp/hard\libm.a(libm_a-w_fmod.o) (__ieee754_fmod)
c:/programdata/matlab/supportpackages/r2023b/3p.instrset/gnuarm-armcortex.instrset/win/bin/../lib/gcc/arm-none-eabi/11.3.1/thumb/v7e-m+dp/hard\libg_nano.a(libc_a-exit.o)
                              c:/programdata/matlab/supportpackages/r2023b/3p.instrset/gnuarm-armcortex.instrset/win/bin/../lib/gcc/arm-none-eabi/11.3.1/thumb/v7e-m+dp/hard/crt0.o (exit)
c:/programdata/matlab/supportpackages/r2023b/3p.instrset/gnuarm-armcortex.instrset/win/bin/../lib/gcc/arm-none-eabi/11.3.1/thumb/v7e-m+dp/hard\libg_nano.a(libc_a-findfp.o)
                              c:/programdata/matlab/supportpackages/r2023b/3p.instrset/gnuarm-armcortex.instrset/win/bin/../lib/gcc/arm-none-eabi/11.3.1/thumb/v7e-m+dp/hard\libg_nano.a(libc_a-exit.o) (__stdio_exit_handler)
c:/programdata/matlab/supportpackages/r2023b/3p.instrset/gnuarm-armcortex.instrset/win/bin/../lib/gcc/arm-none-eabi/11.3.1/thumb/v7e-m+dp/hard\libg_nano.a(libc_a-fwalk.o)
                              c:/programdata/matlab/supportpackages/r2023b/3p.instrset/gnuarm-armcortex.instrset/win/bin/../lib/gcc/arm-none-eabi/11.3.1/thumb/v7e-m+dp/hard\libg_nano.a(libc_a-findfp.o) (_fwalk_sglue)
c:/programdata/matlab/supportpackages/r2023b/3p.instrset/gnuarm-armcortex.instrset/win/bin/../lib/gcc/arm-none-eabi/11.3.1/thumb/v7e-m+dp/hard\libg_nano.a(libc_a-stdio.o)
                              c:/programdata/matlab/supportpackages/r2023b/3p.instrset/gnuarm-armcortex.instrset/win/bin/../lib/gcc/arm-none-eabi/11.3.1/thumb/v7e-m+dp/hard\libg_nano.a(libc_a-findfp.o) (__sread)
c:/programdata/matlab/supportpackages/r2023b/3p.instrset/gnuarm-armcortex.instrset/win/bin/../lib/gcc/arm-none-eabi/11.3.1/thumb/v7e-m+dp/hard\libg_nano.a(libc_a-memset.o)
                              c:/programdata/matlab/supportpackages/r2023b/3p.instrset/gnuarm-armcortex.instrset/win/bin/../lib/gcc/arm-none-eabi/11.3.1/thumb/v7e-m+dp/hard/crt0.o (memset)
c:/programdata/matlab/supportpackages/r2023b/3p.instrset/gnuarm-armcortex.instrset/win/bin/../lib/gcc/arm-none-eabi/11.3.1/thumb/v7e-m+dp/hard\libg_nano.a(libc_a-closer.o)
                              c:/programdata/matlab/supportpackages/r2023b/3p.instrset/gnuarm-armcortex.instrset/win/bin/../lib/gcc/arm-none-eabi/11.3.1/thumb/v7e-m+dp/hard\libg_nano.a(libc_a-stdio.o) (_close_r)
c:/programdata/matlab/supportpackages/r2023b/3p.instrset/gnuarm-armcortex.instrset/win/bin/../lib/gcc/arm-none-eabi/11.3.1/thumb/v7e-m+dp/hard\libg_nano.a(libc_a-reent.o)
                              c:/programdata/matlab/supportpackages/r2023b/3p.instrset/gnuarm-armcortex.instrset/win/bin/../lib/gcc/arm-none-eabi/11.3.1/thumb/v7e-m+dp/hard\libg_nano.a(libc_a-closer.o) (errno)
c:/programdata/matlab/supportpackages/r2023b/3p.instrset/gnuarm-armcortex.instrset/win/bin/../lib/gcc/arm-none-eabi/11.3.1/thumb/v7e-m+dp/hard\libg_nano.a(libc_a-impure.o)
                              c:/programdata/matlab/supportpackages/r2023b/3p.instrset/gnuarm-armcortex.instrset/win/bin/../lib/gcc/arm-none-eabi/11.3.1/thumb/v7e-m+dp/hard\libg_nano.a(libc_a-reent.o) (_impure_ptr)
c:/programdata/matlab/supportpackages/r2023b/3p.instrset/gnuarm-armcortex.instrset/win/bin/../lib/gcc/arm-none-eabi/11.3.1/thumb/v7e-m+dp/hard\libg_nano.a(libc_a-lseekr.o)
                              c:/programdata/matlab/supportpackages/r2023b/3p.instrset/gnuarm-armcortex.instrset/win/bin/../lib/gcc/arm-none-eabi/11.3.1/thumb/v7e-m+dp/hard\libg_nano.a(libc_a-stdio.o) (_lseek_r)
c:/programdata/matlab/supportpackages/r2023b/3p.instrset/gnuarm-armcortex.instrset/win/bin/../lib/gcc/arm-none-eabi/11.3.1/thumb/v7e-m+dp/hard\libg_nano.a(libc_a-readr.o)
                              c:/programdata/matlab/supportpackages/r2023b/3p.instrset/gnuarm-armcortex.instrset/win/bin/../lib/gcc/arm-none-eabi/11.3.1/thumb/v7e-m+dp/hard\libg_nano.a(libc_a-stdio.o) (_read_r)
c:/programdata/matlab/supportpackages/r2023b/3p.instrset/gnuarm-armcortex.instrset/win/bin/../lib/gcc/arm-none-eabi/11.3.1/thumb/v7e-m+dp/hard\libg_nano.a(libc_a-writer.o)
                              c:/programdata/matlab/supportpackages/r2023b/3p.instrset/gnuarm-armcortex.instrset/win/bin/../lib/gcc/arm-none-eabi/11.3.1/thumb/v7e-m+dp/hard\libg_nano.a(libc_a-stdio.o) (_write_r)
[...]
Memory Configuration

Name             Origin             Length             Attributes
FLASH            0x08000000         0x00200000         xr
DTCMRAM          0x20000000         0x00020000         xrw
RAM_D1           0x24000000         0x00080000         xrw
RAM_D2           0x30000000         0x00048000         xrw
RAM_D3           0x38000000         0x00010000         xrw
ITCMRAM          0x00000000         0x00010000         xrw
*default*        0x00000000         0xffffffff

Linker script and memory map

LOAD c:/programdata/matlab/supportpackages/r2023b/3p.instrset/gnuarm-armcortex.instrset/win/bin/../lib/gcc/arm-none-eabi/11.3.1/thumb/v7e-m+dp/hard/crti.o
LOAD c:/programdata/matlab/supportpackages/r2023b/3p.instrset/gnuarm-armcortex.instrset/win/bin/../lib/gcc/arm-none-eabi/11.3.1/thumb/v7e-m+dp/hard/crtbegin.o
LOAD c:/programdata/matlab/supportpackages/r2023b/3p.instrset/gnuarm-armcortex.instrset/win/bin/../lib/gcc/arm-none-eabi/11.3.1/thumb/v7e-m+dp/hard/crt0.o
LOAD mw_stm32_i2c_v2_ll.o
LOAD mw_stm32_utils.o
LOAD xcp_ext_mode.o
LOAD FC_Test.o
LOAD FC_Test_data.o
LOAD ert_main.o
LOAD xcp_ext_common.o
LOAD xcp_ext_classic_trigger.o
LOAD xcp.o
LOAD xcp_standard.o
LOAD xcp_daq.o
LOAD xcp_calibration.o
LOAD xcp_fifo.o
LOAD xcp_transport.o
LOAD xcp_mem_default.o
LOAD xcp_drv_rtiostream.o
LOAD xcp_utils.o
LOAD xcp_frame_serial.o
LOAD xcp_ext_param_default_serial.o
LOAD overrideHALDelay.o
LOAD platform_timer.o
LOAD SysTickScheduler.o
LOAD m3m4m4f_multitasking.o
LOAD rtiostream_serial.o
LOAD stm_usart.o
LOAD stm_lpuart.o
LOAD sys_arch.o
LOAD main.o
LOAD stm32h7xx_it.o
LOAD stm32h7xx_hal_msp.o
LOAD stm32h7xx_hal_timebase_tim.o
LOAD stm32h7xx_ll_exti.o
LOAD stm32h7xx_ll_gpio.o
LOAD stm32h7xx_ll_dma.o
LOAD stm32h7xx_ll_i2c.o
LOAD stm32h7xx_ll_rcc.o
LOAD stm32h7xx_ll_utils.o
LOAD stm32h7xx_hal_rcc.o
LOAD stm32h7xx_hal_rcc_ex.o
LOAD stm32h7xx_hal_flash.o
LOAD stm32h7xx_hal_flash_ex.o
LOAD stm32h7xx_hal_gpio.o
LOAD stm32h7xx_hal_hsem.o
LOAD stm32h7xx_hal_dma.o
LOAD stm32h7xx_hal_dma_ex.o
LOAD stm32h7xx_hal_mdma.o
LOAD stm32h7xx_hal_pwr.o
LOAD stm32h7xx_hal_pwr_ex.o
LOAD stm32h7xx_hal_cortex.o
LOAD stm32h7xx_hal.o
LOAD stm32h7xx_hal_i2c.o
LOAD stm32h7xx_hal_i2c_ex.o
LOAD stm32h7xx_hal_exti.o
LOAD stm32h7xx_hal_tim.o
LOAD stm32h7xx_hal_tim_ex.o
LOAD stm32h7xx_ll_usart.o
LOAD stm32h7xx_hal_pcd.o
LOAD stm32h7xx_hal_pcd_ex.o
LOAD stm32h7xx_ll_usb.o
LOAD system_stm32h7xx.o
LOAD syscalls.o
LOAD sysmem.o
LOAD startup_stm32h753zitx.o
LOAD C:/ProgramData/MATLAB/SupportPackages/R2023b/3P.instrset/cmsis_dsp.instrset/Lib/GCC/arm_cortexm7ldfdp_math/libCMSISDSP.a
LOAD C:/ProgramData/MATLAB/SupportPackages/R2023b/toolbox/shared/supportpackages/stm32/lib/GCC/libmw_pdmfilter_m7_dpfp.lib
LOAD c:/programdata/matlab/supportpackages/r2023b/3p.instrset/gnuarm-armcortex.instrset/win/bin/../lib/gcc/arm-none-eabi/11.3.1/thumb/v7e-m+dp/hard\libstdc++_nano.a
LOAD c:/programdata/matlab/supportpackages/r2023b/3p.instrset/gnuarm-armcortex.instrset/win/bin/../lib/gcc/arm-none-eabi/11.3.1/thumb/v7e-m+dp/hard\libm.a
START GROUP
LOAD c:/programdata/matlab/supportpackages/r2023b/3p.instrset/gnuarm-armcortex.instrset/win/bin/../lib/gcc/arm-none-eabi/11.3.1/thumb/v7e-m+dp/hard\libgcc.a
LOAD c:/programdata/matlab/supportpackages/r2023b/3p.instrset/gnuarm-armcortex.instrset/win/bin/../lib/gcc/arm-none-eabi/11.3.1/thumb/v7e-m+dp/hard\libg_nano.a
LOAD c:/programdata/matlab/supportpackages/r2023b/3p.instrset/gnuarm-armcortex.instrset/win/bin/../lib/gcc/arm-none-eabi/11.3.1/thumb/v7e-m+dp/hard\libc_nano.a
END GROUP
START GROUP
LOAD c:/programdata/matlab/supportpackages/r2023b/3p.instrset/gnuarm-armcortex.instrset/win/bin/../lib/gcc/arm-none-eabi/11.3.1/thumb/v7e-m+dp/hard\libgcc.a
LOAD c:/programdata/matlab/supportpackages/r2023b/3p.instrset/gnuarm-armcortex.instrset/win/bin/../lib/gcc/arm-none-eabi/11.3.1/thumb/v7e-m+dp/hard\libc_nano.a
LOAD c:/programdata/matlab/supportpackages/r2023b/3p.instrset/gnuarm-armcortex.instrset/win/bin/../lib/gcc/arm-none-eabi/11.3.1/thumb/v7e-m+dp/hard\libnosys.a
END GROUP
START GROUP
LOAD c:/programdata/matlab/supportpackages/r2023b/3p.instrset/gnuarm-armcortex.instrset/win/bin/../lib/gcc/arm-none-eabi/11.3.1/thumb/v7e-m+dp/hard\libgcc.a
LOAD c:/programdata/matlab/supportpackages/r2023b/3p.instrset/gnuarm-armcortex.instrset/win/bin/../lib/gcc/arm-none-eabi/11.3.1/thumb/v7e-m+dp/hard\libc_nano.a
LOAD c:/programdata/matlab/supportpackages/r2023b/3p.instrset/gnuarm-armcortex.instrset/win/bin/../lib/gcc/arm-none-eabi/11.3.1/thumb/v7e-m+dp/hard\libnosys.a
END GROUP
LOAD c:/programdata/matlab/supportpackages/r2023b/3p.instrset/gnuarm-armcortex.instrset/win/bin/../lib/gcc/arm-none-eabi/11.3.1/thumb/v7e-m+dp/hard/crtend.o
LOAD c:/programdata/matlab/supportpackages/r2023b/3p.instrset/gnuarm-armcortex.instrset/win/bin/../lib/gcc/arm-none-eabi/11.3.1/thumb/v7e-m+dp/hard/crtn.o
                0x24080000                _estack = (ORIGIN (RAM_D1) + LENGTH (RAM_D1))
                0x00000200                _Min_Heap_Size = 0x200
                0x00000400                _Min_Stack_Size = 0x400

.isr_vector     0x08000000      0x298
                0x08000000                . = ALIGN (0x4)
 *(.isr_vector)
 .isr_vector    0x08000000      0x298 startup_stm32h753zitx.o
                0x08000000                g_pfnVectors
                0x08000298                . = ALIGN (0x4)

.text           0x08000298     0xdd98
                0x08000298                . = ALIGN (0x4)
 *(.text)
 *(.text*)
 .text.deregister_tm_clones
                0x08000298       0x1c c:/programdata/matlab/supportpackages/r2023b/3p.instrset/gnuarm-armcortex.instrset/win/bin/../lib/gcc/arm-none-eabi/11.3.1/thumb/v7e-m+dp/hard/crtbegin.o
 .text.register_tm_clones
                0x080002b4       0x24 c:/programdata/matlab/supportpackages/r2023b/3p.instrset/gnuarm-armcortex.instrset/win/bin/../lib/gcc/arm-none-eabi/11.3.1/thumb/v7e-m+dp/hard/crtbegin.o
 .text.__do_global_dtors_aux
                0x080002d8       0x28 c:/programdata/matlab/supportpackages/r2023b/3p.instrset/gnuarm-armcortex.instrset/win/bin/../lib/gcc/arm-none-eabi/11.3.1/thumb/v7e-m+dp/hard/crtbegin.o
 .text.frame_dummy
                0x08000300       0x24 c:/programdata/matlab/supportpackages/r2023b/3p.instrset/gnuarm-armcortex.instrset/win/bin/../lib/gcc/arm-none-eabi/11.3.1/thumb/v7e-m+dp/hard/crtbegin.o
 .text.LL_I2C_Enable
                0x08000324       0x20 mw_stm32_i2c_v2_ll.o
 .text.LL_I2C_Disable
                0x08000344       0x20 mw_stm32_i2c_v2_ll.o
 .text.LL_I2C_IsEnabled
                0x08000364       0x26 mw_stm32_i2c_v2_ll.o
 .text.LL_I2C_IsActiveFlag_TXIS
                0x0800038a       0x26 mw_stm32_i2c_v2_ll.o
 .text.LL_I2C_IsActiveFlag_RXNE
                0x080003b0       0x26 mw_stm32_i2c_v2_ll.o
 .text.LL_I2C_IsActiveFlag_NACK
                0x080003d6       0x26 mw_stm32_i2c_v2_ll.o
 .text.LL_I2C_IsActiveFlag_STOP
                0x080003fc       0x26 mw_stm32_i2c_v2_ll.o
 .text.LL_I2C_IsActiveFlag_TC
                0x08000422       0x26 mw_stm32_i2c_v2_ll.o
 .text.LL_I2C_IsActiveFlag_TCR
                0x08000448       0x26 mw_stm32_i2c_v2_ll.o
 .text.LL_I2C_IsActiveFlag_BERR
                0x0800046e       0x28 mw_stm32_i2c_v2_ll.o
 .text.LL_I2C_IsActiveFlag_ARLO
                0x08000496       0x28 mw_stm32_i2c_v2_ll.o
 .text.LL_I2C_IsActiveFlag_OVR
                0x080004be       0x28 mw_stm32_i2c_v2_ll.o
 .text.LL_I2C_IsActiveSMBusFlag_PECERR
                0x080004e6       0x28 mw_stm32_i2c_v2_ll.o
 .text.LL_I2C_IsActiveSMBusFlag_TIMEOUT
                0x0800050e       0x28 mw_stm32_i2c_v2_ll.o
 .text.LL_I2C_ClearFlag_NACK
                0x08000536       0x20 mw_stm32_i2c_v2_ll.o
 .text.LL_I2C_ClearFlag_STOP
                0x08000556       0x20 mw_stm32_i2c_v2_ll.o
 .text.LL_I2C_ClearFlag_BERR
                0x08000576       0x20 mw_stm32_i2c_v2_ll.o
 .text.LL_I2C_ClearFlag_ARLO
                0x08000596       0x20 mw_stm32_i2c_v2_ll.o
 .text.LL_I2C_ClearFlag_OVR
                0x080005b6       0x20 mw_stm32_i2c_v2_ll.o
 .text.LL_I2C_ClearSMBusFlag_PECERR
                0x080005d6       0x20 mw_stm32_i2c_v2_ll.o
 .text.LL_I2C_ClearSMBusFlag_TIMEOUT
                0x080005f6       0x20 mw_stm32_i2c_v2_ll.o
 .text.LL_I2C_AcknowledgeNextData
                0x08000616       0x26 mw_stm32_i2c_v2_ll.o
 .text.LL_I2C_GenerateStopCondition
                0x0800063c       0x20 mw_stm32_i2c_v2_ll.o
 .text.LL_I2C_HandleTransfer
                0x0800065c       0x4c mw_stm32_i2c_v2_ll.o
 .text.LL_I2C_ReceiveData8
                0x080006a8       0x1a mw_stm32_i2c_v2_ll.o
 .text.LL_I2C_TransmitData8
                0x080006c2       0x1e mw_stm32_i2c_v2_ll.o
 .text.I2C_SwReset
                0x080006e0       0x3e mw_stm32_i2c_v2_ll.o
 *fill*         0x0800071e        0x2 
 .text.I2C_Init
                0x08000720       0xe0 mw_stm32_i2c_v2_ll.o
                0x08000720                I2C_Init
 .text.I2C_GetErrorStatus
                0x08000800       0xf0 mw_stm32_i2c_v2_ll.o
 .text.I2C_CheckFlagTimeout
                0x080008f0       0x72 mw_stm32_i2c_v2_ll.o
 *fill*         0x08000962        0x2 
 .text.I2C_Controller_TransmitData_Polling
                0x08000964      0x238 mw_stm32_i2c_v2_ll.o
                0x08000964                I2C_Controller_TransmitData_Polling
 .text.I2C_Controller_ReceiveData_Polling
                0x08000b9c      0x23c mw_stm32_i2c_v2_ll.o
                0x08000b9c                I2C_Controller_ReceiveData_Polling
 .text.extmodeParseArgs
                0x08000dd8       0x1e xcp_ext_mode.o
                0x08000dd8                extmodeParseArgs
 *fill*         0x08000df6        0x2 
 .text.extmodeInit
                0x08000df8      0x120 xcp_ext_mode.o
                0x08000df8                extmodeInit
 .text.extmodeWaitForHostRequest
                0x08000f18       0xcc xcp_ext_mode.o
                0x08000f18                extmodeWaitForHostRequest
 .text.extmodeEvent
                0x08000fe4       0xf4 xcp_ext_mode.o
                0x08000fe4                extmodeEvent
 .text.extmodeBackgroundRun
                0x080010d8       0x20 xcp_ext_mode.o
                0x080010d8                extmodeBackgroundRun
 .text.extmodeReset
                0x080010f8       0x40 xcp_ext_mode.o
                0x080010f8                extmodeReset
 .text.extmodeStopRequested
                0x08001138       0x18 xcp_ext_mode.o
                0x08001138                extmodeStopRequested
 .text.extmodeSimulationComplete
                0x08001150       0x18 xcp_ext_mode.o
                0x08001150                extmodeSimulationComplete
 .text.LL_GPIO_ReadInputPort
                0x08001168       0x18 FC_Test.o
 .text.LL_GPIO_SetOutputPin
                0x08001180       0x1c FC_Test.o
 .text.LL_GPIO_ResetOutputPin
                0x0800119c       0x1e FC_Test.o
 *fill*         0x080011ba        0x2 
 .text.FC_Test_SystemCore_setup
                0x080011bc       0x5c FC_Test.o
 .text.FC_Test_SystemCore_setup_b
                0x08001218       0x5c FC_Test.o
 *fill*         0x08001274        0x4 
 .text.FC_Test_step
                0x08001278      0x4f4 FC_Test.o
                0x08001278                FC_Test_step
 *fill*         0x0800176c        0x4 
 .text.FC_Test_initialize
                0x08001770      0x1e0 FC_Test.o
                0x08001770                FC_Test_initialize
 .text.FC_Test_terminate
                0x08001950       0x64 FC_Test.o
                0x08001950                FC_Test_terminate
 .text.rt_OneStep
                0x080019b4       0x4c ert_main.o
                0x080019b4                rt_OneStep
 .text.main     0x08001a00      0x18c ert_main.o
                0x08001a00                main
 .text.xcp_void_printf
                0x08001b8c       0x12 xcp_ext_common.o
                0x08001b8c                xcp_void_printf
 .text.xcpCopyTimeValue
                0x08001b9e       0x26 xcp_ext_common.o
 *fill*         0x08001bc4        0x4 
 .text.xcpExtModeUpdateTime
                0x08001bc8      0x110 xcp_ext_common.o
                0x08001bc8                xcpExtModeUpdateTime
 .text.xcpExtModeInit
                0x08001cd8       0x9c xcp_ext_common.o
                0x08001cd8                xcpExtModeInit
 .text.xcpExtModeRunBackground
                0x08001d74      0x13c xcp_ext_common.o
                0x08001d74                xcpExtModeRunBackground
 .text.xcpExtModeReset
                0x08001eb0      0x128 xcp_ext_common.o
                0x08001eb0                xcpExtModeReset
 .text.sampleSignalTrigger
                0x08001fd8      0x1b8 xcp_ext_classic_trigger.o
 .text.updateTriggerStatus
                0x08002190      0x2b8 xcp_ext_classic_trigger.o
 .text.xcpExtModeClassicTriggerInit
                0x08002448       0x68 xcp_ext_classic_trigger.o
                0x08002448                xcpExtModeClassicTriggerInit
 .text.xcpExtModeClassicTriggerEnabled
                0x080024b0      0x100 xcp_ext_classic_trigger.o
                0x080024b0                xcpExtModeClassicTriggerEnabled
 .text.xcpExtModeClassicTriggerReset
                0x080025b0       0xf4 xcp_ext_classic_trigger.o
                0x080025b0                xcpExtModeClassicTriggerReset
 .text.xcpExtModeClassicTriggerForceEnableStatusUpdate
                0x080026a4       0x80 xcp_ext_classic_trigger.o
                0x080026a4                xcpExtModeClassicTriggerForceEnableStatusUpdate
 .text.msgBufferRealloc
                0x08002724       0x72 xcp.o
 *fill*         0x08002796        0x2 
 .text.discardInputPacketHandler
                0x08002798       0x3c xcp.o
 .text.unknownInputPacketHandler
                0x080027d4       0x34 xcp.o
 .text.xcpGetPacketGroupID
                0x08002808       0x74 xcp.o
 .text.xcpGetPacketHandlers
                0x0800287c      0x124 xcp.o
 .text.xcpStatusSet
                0x080029a0       0x20 xcp.o
                0x080029a0                xcpStatusSet
 .text.xcpSessionStatusGet
                0x080029c0       0x18 xcp.o
                0x080029c0                xcpSessionStatusGet
 .text.xcpSessionStatusSetMask
                0x080029d8       0x28 xcp.o
                0x080029d8                xcpSessionStatusSetMask
 .text.xcpSessionStatusClearMask
                0x08002a00       0x34 xcp.o
                0x08002a00                xcpSessionStatusClearMask
 .text.xcpResourceProtectionStatusGet
                0x08002a34       0x18 xcp.o
                0x08002a34                xcpResourceProtectionStatusGet
 .text.xcpSessionConfigurationIdGet
                0x08002a4c       0x18 xcp.o
                0x08002a4c                xcpSessionConfigurationIdGet
 .text.genericOutputPacketHandler
                0x08002a64      0x110 xcp.o
                0x08002a64                genericOutputPacketHandler
 .text.xcpFindPacket
                0x08002b74       0x6e xcp.o
                0x08002b74                xcpFindPacket
 *fill*         0x08002be2        0x2 
 .text.xcpInit  0x08002be4       0x64 xcp.o
                0x08002be4                xcpInit
 .text.xcpRun   0x08002c48      0x194 xcp.o
                0x08002c48                xcpRun
 .text.xcpEvent
                0x08002ddc       0x50 xcp.o
                0x08002ddc                xcpEvent
 .text.xcpGetStatus
                0x08002e2c       0x18 xcp.o
                0x08002e2c                xcpGetStatus
 .text.xcpReset
                0x08002e44       0x40 xcp.o
                0x08002e44                xcpReset
 .text.xcpPackedModeEventsFlush
                0x08002e84       0x1e xcp.o
                0x08002e84                xcpPackedModeEventsFlush
 .text.xcpPackedModeEventReset
                0x08002ea2       0x2a xcp.o
                0x08002ea2                xcpPackedModeEventReset
 .text.isValidUploadSize
                0x08002ecc       0x30 xcp_standard.o
 .text.xcpMemcpyFromMTA
                0x08002efc       0x38 xcp_standard.o
 .text.connectInputPacketHandler
                0x08002f34       0xa4 xcp_standard.o
 .text.connectOutputPacketHandler
                0x08002fd8       0xd4 xcp_standard.o
 .text.disconnectInputPacketHandler
                0x080030ac       0x54 xcp_standard.o
 .text.getStatusInputPacketHandler
                0x08003100       0x28 xcp_standard.o
 .text.getStatusOutputPacketHandler
                0x08003128       0x80 xcp_standard.o
 .text.synchInputPacketHandler
                0x080031a8       0x44 xcp_standard.o
 .text.setMTAInputPacketHandler
                0x080031ec       0x78 xcp_standard.o
 .text.uploadInputPacketHandler
                0x08003264       0x98 xcp_standard.o
 .text.uploadOutputPacketHandler
                0x080032fc       0x9c xcp_standard.o
 .text.shortUploadInputPacketHandler
                0x08003398       0xa4 xcp_standard.o
 .text.shortUploadOutputPacketHandler
                0x0800343c       0x9c xcp_standard.o
 .text.getPacket
                0x080034d8       0x24 xcp_standard.o
 .text.xcpStandardInit
                0x080034fc       0x18 xcp_standard.o
                0x080034fc                xcpStandardInit
 .text.xcpStandardGetPacketLookup
                0x08003514       0x18 xcp_standard.o
                0x08003514                xcpStandardGetPacketLookup
 .text.xcpStandardSetPacketLookup
                0x0800352c       0x20 xcp_standard.o
                0x0800352c                xcpStandardSetPacketLookup
 .text.xcpStandardReset
                0x0800354c       0x12 xcp_standard.o
                0x0800354c                xcpStandardReset
 *fill*         0x0800355e        0x2 
 .text.xcpStandardGetAddressFromMta
                0x08003560       0x18 xcp_standard.o
                0x08003560                xcpStandardGetAddressFromMta
 .text.xcpStandardSetMta
                0x08003578       0x3c xcp_standard.o
                0x08003578                xcpStandardSetMta
 .text.xcpStandardIncrementMta
                0x080035b4       0x28 xcp_standard.o
                0x080035b4                xcpStandardIncrementMta
 .text.xcpStandardExtendedInit
                0x080035dc        0xe xcp_standard.o
                0x080035dc                xcpStandardExtendedInit
 .text.xcpStandardExtendedReset
                0x080035ea        0xe xcp_standard.o
                0x080035ea                xcpStandardExtendedReset
 .text.xcpDaqWriteLock
                0x080035f8       0x4c xcp_daq.o
 .text.xcpDaqWriteUnlock
                0x08003644       0x20 xcp_daq.o
 .text.xcpDaqReadLock
                0x08003664       0x38 xcp_daq.o
 .text.xcpDaqReadUnlock
                0x0800369c       0x38 xcp_daq.o
 .text.isActiveDaqList
                0x080036d4       0x50 xcp_daq.o
 .text.noActiveDaqLists
                0x08003724       0x50 xcp_daq.o
 .text.isValidDaqPtr
                0x08003774       0xb8 xcp_daq.o
 .text.isValidDaqEntry
                0x0800382c       0x36 xcp_daq.o
 .text.isSupportedDaqListMode
                0x08003862       0x26 xcp_daq.o
 .text.isValidStartStopMode
                0x08003888       0x32 xcp_daq.o
 .text.isValidStartStopSynchMode
                0x080038ba       0x32 xcp_daq.o
 .text.absoluteOdtNumberIdentification
                0x080038ec       0x10 xcp_daq.o
 .text.isDaqPackedModeEnabled
                0x080038fc       0x6c xcp_daq.o
 .text.odtPacketSize
                0x08003968       0x54 xcp_daq.o
 .text.createDaqReservedPool
                0x080039bc       0x8a xcp_daq.o
 .text.destroyDaqReservedPool
                0x08003a46       0x2c xcp_daq.o
 *fill*         0x08003a72        0x2 
 .text.setDaqPtrInputPacketHandler
                0x08003a74       0xdc xcp_daq.o
 .text.writeDaqInputPacketHandler
                0x08003b50      0x198 xcp_daq.o
 .text.setDaqListModeInputPacketHandler
                0x08003ce8      0x1c8 xcp_daq.o
 .text.startStopDaqListInputPacketHandler
                0x08003eb0      0x3f4 xcp_daq.o
 .text.startStopDaqListOutputPacketHandler
                0x080042a4       0x5c xcp_daq.o
 .text.startStopSynchInputPacketHandler
                0x08004300      0x328 xcp_daq.o
 .text.getDaqProcessorInfoInputPacketHandler
                0x08004628       0x28 xcp_daq.o
 .text.getDaqProcessorInfoOutputPacketHandler
                0x08004650       0xac xcp_daq.o
 .text.getDaqResolutionInfoInputPacketHandler
                0x080046fc       0x28 xcp_daq.o
 .text.getDaqResolutionInfoOutputPacketHandler
                0x08004724       0xb8 xcp_daq.o
 .text.freeDaqInputPacketHandler
                0x080047dc       0x5c xcp_daq.o
 .text.allocDaqInputPacketHandler
                0x08004838      0x18c xcp_daq.o
 .text.allocOdtInputPacketHandler
                0x080049c4      0x1c0 xcp_daq.o
 .text.allocOdtEntryInputPacketHandler
                0x08004b84      0x270 xcp_daq.o
 .text.setDaqPackedModeInputPacketHandler
                0x08004df4      0x21c xcp_daq.o
 .text.level1CommandInputPacketHandler
                0x08005010       0x64 xcp_daq.o
 .text.getPacket
                0x08005074       0x24 xcp_daq.o
 .text.xcpDaqInit
                0x08005098       0x38 xcp_daq.o
                0x08005098                xcpDaqInit
 .text.xcpDaqGetPacketLookup
                0x080050d0       0x18 xcp_daq.o
                0x080050d0                xcpDaqGetPacketLookup
 .text.xcpDaqSetPacketLookup
                0x080050e8       0x20 xcp_daq.o
                0x080050e8                xcpDaqSetPacketLookup
 .text.xcpResetDaq
                0x08005108       0xa4 xcp_daq.o
 .text.daqWriteXCPDataForOdt
                0x080051ac       0x7c xcp_daq.o
 .text.odtWriteEntries
                0x08005228       0x9c xcp_daq.o
 .text.xcpProcessDaq
                0x080052c4      0x208 xcp_daq.o
 .text.xcpDaqEvent
                0x080054cc      0x108 xcp_daq.o
                0x080054cc                xcpDaqEvent
 .text.xcpDaqEventsFlush
                0x080055d4      0x284 xcp_daq.o
                0x080055d4                xcpDaqEventsFlush
 .text.xcpDaqLock
                0x08005858       0x1e xcp_daq.o
                0x08005858                xcpDaqLock
 .text.xcpDaqUnlock
                0x08005876        0xe xcp_daq.o
                0x08005876                xcpDaqUnlock
 .text.xcpResetDaqListStatus
                0x08005884      0x19c xcp_daq.o
                0x08005884                xcpResetDaqListStatus
 .text.xcpDaqReset
                0x08005a20       0x20 xcp_daq.o
                0x08005a20                xcpDaqReset
 .text.xcpDaqExtendedInit
                0x08005a40        0xe xcp_daq.o
                0x08005a40                xcpDaqExtendedInit
 .text.xcpDaqExtendedReset
                0x08005a4e        0xe xcp_daq.o
                0x08005a4e                xcpDaqExtendedReset
 .text.isValidShortDownloadSize
                0x08005a5c       0x34 xcp_calibration.o
 .text.isValidDownloadSize
                0x08005a90       0x3a xcp_calibration.o
 *fill*         0x08005aca        0x2 
 .text.xcpMemcpyToMTA
                0x08005acc       0x34 xcp_calibration.o
 .text.downloadInputPacketHandler
                0x08005b00       0xb0 xcp_calibration.o
 .text.shortDownloadInputPacketHandler
                0x08005bb0       0xb8 xcp_calibration.o
 .text.getPacket
                0x08005c68       0x24 xcp_calibration.o
 .text.xcpCalibrationInit
                0x08005c8c       0x14 xcp_calibration.o
                0x08005c8c                xcpCalibrationInit
 .text.xcpCalibrationGetPacketLookup
                0x08005ca0       0x18 xcp_calibration.o
                0x08005ca0                xcpCalibrationGetPacketLookup
 .text.xcpCalibrationSetPacketLookup
                0x08005cb8       0x20 xcp_calibration.o
                0x08005cb8                xcpCalibrationSetPacketLookup
 .text.xcpCalibrationReset
                0x08005cd8        0xe xcp_calibration.o
                0x08005cd8                xcpCalibrationReset
 .text.xcpFifoInit
                0x08005ce6       0x20 xcp_fifo.o
                0x08005ce6                xcpFifoInit
 .text.xcpFifoEnqueue
                0x08005d06       0x2a xcp_fifo.o
                0x08005d06                xcpFifoEnqueue
 .text.xcpFifoDequeue
                0x08005d30       0x3e xcp_fifo.o
                0x08005d30                xcpFifoDequeue
 .text.xcpFifoEnqueueHead
                0x08005d6e       0x32 xcp_fifo.o
                0x08005d6e                xcpFifoEnqueueHead
 .text.xcpFifoReset
                0x08005da0       0x16 xcp_fifo.o
                0x08005da0                xcpFifoReset
 *fill*         0x08005db6        0x2 
 .text.xcpTransportEmptyTxFifo
                0x08005db8       0x6c xcp_transport.o
 .text.xcpTransportEmptyRxFifo
                0x08005e24       0x6c xcp_transport.o
 .text.xcpTransportInit
                0x08005e90      0x138 xcp_transport.o
                0x08005e90                xcpTransportInit
 .text.xcpTransportTxReady
                0x08005fc8       0x1a xcp_transport.o
                0x08005fc8                xcpTransportTxReady
 .text.xcpTransportTxTrigger
                0x08005fe2       0x1a xcp_transport.o
                0x08005fe2                xcpTransportTxTrigger
 .text.xcpTransportTxPacketSet
                0x08005ffc      0x144 xcp_transport.o
                0x08005ffc                xcpTransportTxPacketSet
 .text.xcpTransportTx
                0x08006140       0xec xcp_transport.o
                0x08006140                xcpTransportTx
 .text.xcpTransportRx
                0x0800622c       0x80 xcp_transport.o
                0x0800622c                xcpTransportRx
 .text.xcpTransportRxPacketGet
                0x080062ac      0x12c xcp_transport.o
                0x080062ac                xcpTransportRxPacketGet
 .text.xcpTransportPacketOffset
                0x080063d8       0x20 xcp_transport.o
                0x080063d8                xcpTransportPacketOffset
 .text.xcpTransportMsgBufferSize
                0x080063f8       0x70 xcp_transport.o
                0x080063f8                xcpTransportMsgBufferSize
 .text.xcpTransportMaxDtoSize
                0x08006468        0xe xcp_transport.o
                0x08006468                xcpTransportMaxDtoSize
 .text.xcpTransportMaxCtoSize
                0x08006476        0xe xcp_transport.o
                0x08006476                xcpTransportMaxCtoSize
 .text.xcpTransportRestart
                0x08006484       0x44 xcp_transport.o
                0x08006484                xcpTransportRestart
 .text.xcpTransportResynch
                0x080064c8       0x40 xcp_transport.o
                0x080064c8                xcpTransportResynch
 .text.xcpTransportCtoReservedMemPoolId
                0x08006508       0x18 xcp_transport.o
                0x08006508                xcpTransportCtoReservedMemPoolId
 .text.xcpTransportReset
                0x08006520       0xe4 xcp_transport.o
                0x08006520                xcpTransportReset
 .text.xcpInitializePoolMemoryArea
                0x08006604       0x72 xcp_mem_default.o
 *fill*         0x08006676        0x2 
 .text.xcpMemInit
                0x08006678      0x1d4 xcp_mem_default.o
                0x08006678                xcpMemInit
 .text.xcpMemAlloc
                0x0800684c       0xe8 xcp_mem_default.o
                0x0800684c                xcpMemAlloc
 .text.xcpMemFree
                0x08006934      0x170 xcp_mem_default.o
                0x08006934                xcpMemFree
 .text.xcpMemReservedPoolCreate
                0x08006aa4      0x224 xcp_mem_default.o
                0x08006aa4                xcpMemReservedPoolCreate
 .text.xcpMemReservedPoolDestroy
                0x08006cc8      0x158 xcp_mem_default.o
                0x08006cc8                xcpMemReservedPoolDestroy
 .text.xcpMemCustomPoolCreate
                0x08006e20       0xbc xcp_mem_default.o
                0x08006e20                xcpMemCustomPoolCreate
 .text.xcpMemCustomPoolDestroy
                0x08006edc       0x64 xcp_mem_default.o
                0x08006edc                xcpMemCustomPoolDestroy
 .text.xcpMemAllocFromPool
                0x08006f40      0x170 xcp_mem_default.o
                0x08006f40                xcpMemAllocFromPool
 .text.xcpMemReset
                0x080070b0       0x50 xcp_mem_default.o
                0x080070b0                xcpMemReset
 .text.xcpDrvOpen
                0x08007100       0x64 xcp_drv_rtiostream.o
                0x08007100                xcpDrvOpen
 .text.xcpDrvIoctl
                0x08007164       0x4c xcp_drv_rtiostream.o
                0x08007164                xcpDrvIoctl
 .text.xcpDrvSend
                0x080071b0      0x14c xcp_drv_rtiostream.o
                0x080071b0                xcpDrvSend
 .text.xcpDrvRecv
                0x080072fc      0x14c xcp_drv_rtiostream.o
                0x080072fc                xcpDrvRecv
 .text.xcpDrvClose
                0x08007448       0x5c xcp_drv_rtiostream.o
                0x08007448                xcpDrvClose
 .text.xcpSortArray
                0x080074a4       0xcc xcp_utils.o
                0x080074a4                xcpSortArray
 .text.xcpSxiHtons
                0x08007570       0x18 xcp_frame_serial.o
 .text.xcpSxiNtohs
                0x08007588       0x1c xcp_frame_serial.o
 .text.xcpSxiChecksum
                0x080075a4       0x3e xcp_frame_serial.o
                0x080075a4                xcpSxiChecksum
 *fill*         0x080075e2        0x2 
 .text.xcpFrameInit
                0x080075e4       0x70 xcp_frame_serial.o
                0x080075e4                xcpFrameInit
 .text.xcpFrameMsgSend
                0x08007654      0x184 xcp_frame_serial.o
                0x08007654                xcpFrameMsgSend
 .text.xcpFrameMsgRecv
                0x080077d8      0x180 xcp_frame_serial.o
                0x080077d8                xcpFrameMsgRecv
 .text.xcpFrameCreateMsg
                0x08007958       0x94 xcp_frame_serial.o
                0x08007958                xcpFrameCreateMsg
 .text.xcpFrameExtractPacket
                0x080079ec      0x154 xcp_frame_serial.o
                0x080079ec                xcpFrameExtractPacket
 .text.xcpFrameHeaderSize
                0x08007b40       0x10 xcp_frame_serial.o
                0x08007b40                xcpFrameHeaderSize
 .text.xcpFrameTailSize
                0x08007b50       0x10 xcp_frame_serial.o
                0x08007b50                xcpFrameTailSize
 .text.xcpFrameMaxDtoSize
                0x08007b60       0x12 xcp_frame_serial.o
                0x08007b60                xcpFrameMaxDtoSize
 .text.xcpFrameMaxCtoSize
                0x08007b72       0x10 xcp_frame_serial.o
                0x08007b72                xcpFrameMaxCtoSize
 *fill*         0x08007b82        0x2 
 .text.xcpFrameRestart
                0x08007b84       0x30 xcp_frame_serial.o
                0x08007b84                xcpFrameRestart
 .text.xcpFrameSetCtoReservedMemPoolId
                0x08007bb4       0x20 xcp_frame_serial.o
                0x08007bb4                xcpFrameSetCtoReservedMemPoolId
 .text.xcpFrameReset
                0x08007bd4       0x70 xcp_frame_serial.o
                0x08007bd4                xcpFrameReset
 .text.xcpTransportGetInitParameters
                0x08007c44       0x2e xcp_ext_param_default_serial.o
                0x08007c44                xcpTransportGetInitParameters
 .text.xcpGetInitParameters
                0x08007c72       0x2e xcp_ext_param_default_serial.o
                0x08007c72                xcpGetInitParameters
 .text.HAL_Delay
                0x08007ca0       0x2e overrideHALDelay.o
                0x08007ca0                HAL_Delay
 *fill*         0x08007cce        0x2 
 .text.PeriphCommonClock_Config
                0x08007cd0       0x10 platform_timer.o
                0x08007cd0                PeriphCommonClock_Config
 .text.getCurrentTimestampInMicros
                0x08007ce0       0x40 platform_timer.o
                0x08007ce0                getCurrentTimestampInMicros
 .text.returnTimeElapsed
                0x08007d20       0x2c platform_timer.o
                0x08007d20                returnTimeElapsed
 .text.timestampInit
                0x08007d4c       0x28 platform_timer.o
 .text.getCurrentTimestamp
                0x08007d74       0x44 platform_timer.o
                0x08007d74                getCurrentTimestamp
 .text.__NVIC_SetPriority
                0x08007db8       0x54 SysTickScheduler.o
 .text.SysTick_Config
                0x08007e0c       0x44 SysTickScheduler.o
 .text.SysTick_Isr
                0x08007e50       0x48 SysTickScheduler.o
 .text.SysTick_Handler
                0x08007e98       0x20 SysTickScheduler.o
                0x08007e98                SysTick_Handler
 .text.ARMCM_SysTick_Config
                0x08007eb8       0xb0 SysTickScheduler.o
                0x08007eb8                ARMCM_SysTick_Config
 .text.PendSV_Handler
                0x08007f68       0x44 m3m4m4f_multitasking.o
                0x08007f68                PendSV_Handler
 .text.SVC_Handler
                0x08007fac       0x58 m3m4m4f_multitasking.o
                0x08007fac                SVC_Handler
 .text.rtIOStreamOpen
                0x08008004       0x44 rtiostream_serial.o
                0x08008004                rtIOStreamOpen
 .text.rtIOStreamSend
                0x08008048       0x38 rtiostream_serial.o
                0x08008048                rtIOStreamSend
 .text.rtIOStreamRecv
                0x08008080       0x48 rtiostream_serial.o
                0x08008080                rtIOStreamRecv
 .text.rtIOStreamClose
                0x080080c8       0x20 rtiostream_serial.o
                0x080080c8                rtIOStreamClose
 .text.__NVIC_GetPriorityGrouping
                0x080080e8       0x1c stm_usart.o
 .text.__NVIC_EnableIRQ
                0x08008104       0x3c stm_usart.o
 .text.__NVIC_SetPriority
                0x08008140       0x54 stm_usart.o
 .text.NVIC_EncodePriority
                0x08008194       0x66 stm_usart.o
 *fill*         0x080081fa        0x2 
 .text.LL_DMA_EnableStream
                0x080081fc       0x44 stm_usart.o
 .text.LL_DMA_DisableStream
                0x08008240       0x44 stm_usart.o
 .text.LL_DMA_GetMode
                0x08008284       0x34 stm_usart.o
 .text.LL_DMA_SetDataLength
                0x080082b8       0x50 stm_usart.o
 .text.LL_DMA_GetDataLength
                0x08008308       0x30 stm_usart.o
 .text.LL_DMA_ConfigAddresses
                0x08008338       0x7c stm_usart.o
 .text.LL_DMA_IsActiveFlag_TC0
                0x080083b4       0x26 stm_usart.o
 .text.LL_DMA_ClearFlag_TC0
                0x080083da       0x1a stm_usart.o
 .text.LL_DMA_EnableIT_TC
                0x080083f4       0x44 stm_usart.o
 .text.LL_DMA_DisableIT_TC
                0x08008438       0x44 stm_usart.o
 .text.LL_DMA_IsEnabledIT_TC
                0x0800847c       0x3c stm_usart.o
 .text.LL_USART_Enable
                0x080084b8       0x20 stm_usart.o
 .text.LL_USART_Disable
                0x080084d8       0x20 stm_usart.o
 .text.LL_USART_IsEnabledAutoBaud
                0x080084f8       0x28 stm_usart.o
 .text.LL_USART_IsActiveFlag_PE
                0x08008520       0x26 stm_usart.o
 .text.LL_USART_IsActiveFlag_FE
                0x08008546       0x26 stm_usart.o
 .text.LL_USART_IsActiveFlag_NE
                0x0800856c       0x26 stm_usart.o
 .text.LL_USART_IsActiveFlag_ORE
                0x08008592       0x26 stm_usart.o
 .text.LL_USART_IsActiveFlag_TC
                0x080085b8       0x26 stm_usart.o
 .text.LL_USART_IsActiveFlag_TXE_TXFNF
                0x080085de       0x26 stm_usart.o
 .text.LL_USART_IsActiveFlag_ABRE
                0x08008604       0x28 stm_usart.o
 .text.LL_USART_IsActiveFlag_ABR
                0x0800862c       0x28 stm_usart.o
 .text.LL_USART_ClearFlag_PE
                0x08008654       0x1a stm_usart.o
 .text.LL_USART_ClearFlag_FE
                0x0800866e       0x1a stm_usart.o
 .text.LL_USART_ClearFlag_NE
                0x08008688       0x1a stm_usart.o
 .text.LL_USART_ClearFlag_ORE
                0x080086a2       0x1a stm_usart.o
 .text.LL_USART_EnableIT_RXNE_RXFNE
                0x080086bc       0x42 stm_usart.o
 .text.LL_USART_EnableIT_PE
                0x080086fe       0x42 stm_usart.o
 .text.LL_USART_EnableIT_ERROR
                0x08008740       0x46 stm_usart.o
 .text.LL_USART_DisableIT_RXNE_RXFNE
                0x08008786       0x42 stm_usart.o
 .text.LL_USART_DisableIT_TXE_TXFNF
                0x080087c8       0x42 stm_usart.o
 .text.LL_USART_DisableIT_PE
                0x0800880a       0x42 stm_usart.o
 .text.LL_USART_DisableIT_ERROR
                0x0800884c       0x46 stm_usart.o
 .text.LL_USART_EnableDMAReq_RX
                0x08008892       0x46 stm_usart.o
 .text.LL_USART_DisableDMAReq_RX
                0x080088d8       0x46 stm_usart.o
 .text.LL_USART_EnableDMAReq_TX
                0x0800891e       0x46 stm_usart.o
 .text.LL_USART_DisableDMAReq_TX
                0x08008964       0x46 stm_usart.o
 .text.LL_USART_DMA_GetRegAddr
                0x080089aa       0x2c stm_usart.o
 .text.LL_USART_ReceiveData8
                0x080089d6       0x1a stm_usart.o
 .text.LL_USART_TransmitData8
                0x080089f0       0x1e stm_usart.o
 .text.LL_USART_RequestAutoBaudRate
                0x08008a0e       0x20 stm_usart.o
 .text.getAvailableDataInBuffer
                0x08008a2e       0xcc stm_usart.o
                0x08008a2e                getAvailableDataInBuffer
 .text.getBytesToBeReadFromBuffer
                0x08008afa       0x6e stm_usart.o
                0x08008afa                getBytesToBeReadFromBuffer
 .text.readDataFromBuffer
                0x08008b68       0xcc stm_usart.o
                0x08008b68                readDataFromBuffer
 .text.UART_RXDMAInterruptHandler
                0x08008c34       0xd4 stm_usart.o
                0x08008c34                UART_RXDMAInterruptHandler
 .text.UART_IsActiveFlagError
                0x08008d08       0xf4 stm_usart.o
                0x08008d08                UART_IsActiveFlagError
 .text.USART3_IRQHandler
                0x08008dfc       0x14 stm_usart.o
                0x08008dfc                USART3_IRQHandler
 .text.DMA1_Stream0_IRQHandler
                0x08008e10       0x20 stm_usart.o
                0x08008e10                DMA1_Stream0_IRQHandler
 .text.UART_ConfigureReceiveDMA
                0x08008e30       0x8a stm_usart.o
                0x08008e30                UART_ConfigureReceiveDMA
 .text.UART_ConfigureTransmitDMA
                0x08008eba       0x56 stm_usart.o
                0x08008eba                UART_ConfigureTransmitDMA
 .text.getReadErrorStatus
                0x08008f10      0x17c stm_usart.o
                0x08008f10                getReadErrorStatus
 .text.MW_UART_Initialize
                0x0800908c      0x184 stm_usart.o
                0x0800908c                MW_UART_Initialize
 .text.MW_UART_ReceiveUsingBuffer
                0x08009210       0x5c stm_usart.o
                0x08009210                MW_UART_ReceiveUsingBuffer
 .text.MW_UART_TransmitUsingPolling
                0x0800926c      0x184 stm_usart.o
                0x0800926c                MW_UART_TransmitUsingPolling
 .text.MW_UART_DeInit
                0x080093f0       0xaa stm_usart.o
                0x080093f0                MW_UART_DeInit
 .text.sys_arch_protect
                0x0800949a       0x22 sys_arch.o
                0x0800949a                sys_arch_protect
 .text.sys_arch_unprotect
                0x080094bc       0x20 sys_arch.o
                0x080094bc                sys_arch_unprotect
 .text.__NVIC_GetPriorityGrouping
                0x080094dc       0x1c main.o
 .text.__NVIC_EnableIRQ
                0x080094f8       0x3c main.o
 .text.__NVIC_SetPriority
                0x08009534       0x54 main.o
 .text.NVIC_EncodePriority
                0x08009588       0x66 main.o
 *fill*         0x080095ee        0x2 
 .text.LL_DMA_SetDataTransferDirection
                0x080095f0       0x4c main.o
 .text.LL_DMA_SetMode
                0x0800963c       0x4c main.o
 .text.LL_DMA_SetPeriphIncMode
                0x08009688       0x4c main.o
 .text.LL_DMA_SetMemoryIncMode
                0x080096d4       0x4c main.o
 .text.LL_DMA_SetPeriphSize
                0x08009720       0x4c main.o
 .text.LL_DMA_SetMemorySize
                0x0800976c       0x4c main.o
 .text.LL_DMA_SetStreamPriorityLevel
                0x080097b8       0x4c main.o
 .text.LL_DMA_SetPeriphRequest
                0x08009804       0x60 main.o
 .text.LL_DMA_DisableFifoMode
                0x08009864       0x44 main.o
 .text.LL_I2C_EnableClockStretching
                0x080098a8       0x20 main.o
 .text.LL_I2C_DisableGeneralCall
                0x080098c8       0x20 main.o
 .text.LL_I2C_SetOwnAddress2
                0x080098e8       0x30 main.o
 .text.LL_I2C_DisableOwnAddress2
                0x08009918       0x20 main.o
 .text.LL_I2C_EnableAutoEndMode
                0x08009938       0x20 main.o
 .text.LL_RCC_HSE_EnableBypass
                0x08009958       0x20 main.o
 .text.LL_RCC_HSE_Enable
                0x08009978       0x20 main.o
 .text.LL_RCC_HSE_IsReady
                0x08009998       0x28 main.o
 .text.LL_RCC_SetSysClkSource
                0x080099c0       0x28 main.o
 .text.LL_RCC_GetSysClkSource
                0x080099e8       0x1c main.o
 .text.LL_RCC_SetSysPrescaler
                0x08009a04       0x28 main.o
 .text.LL_RCC_SetAHBPrescaler
                0x08009a2c       0x28 main.o
 .text.LL_RCC_SetAPB1Prescaler
                0x08009a54       0x28 main.o
 .text.LL_RCC_SetAPB2Prescaler
                0x08009a7c       0x28 main.o
 .text.LL_RCC_SetAPB3Prescaler
                0x08009aa4       0x28 main.o
 .text.LL_RCC_SetAPB4Prescaler
                0x08009acc       0x28 main.o
 .text.LL_RCC_SetClockSource
                0x08009af4       0x54 main.o
 .text.LL_RCC_SetUSARTClockSource
                0x08009b48       0x16 main.o
 .text.LL_RCC_SetI2CClockSource
                0x08009b5e       0x16 main.o
 .text.LL_RCC_PLL_SetSource
                0x08009b74       0x28 main.o
 .text.LL_RCC_PLL1_Enable
                0x08009b9c       0x20 main.o
 .text.LL_RCC_PLL1_IsReady
                0x08009bbc       0x28 main.o
 .text.LL_RCC_PLL1P_Enable
                0x08009be4       0x20 main.o
 .text.LL_RCC_PLL1Q_Enable
                0x08009c04       0x20 main.o
 .text.LL_RCC_PLL1_SetVCOOutputRange
                0x08009c24       0x2c main.o
 .text.LL_RCC_PLL1_SetVCOInputRange
                0x08009c50       0x2c main.o
 .text.LL_RCC_PLL1_SetN
                0x08009c7c       0x30 main.o
 .text.LL_RCC_PLL1_SetM
                0x08009cac       0x2c main.o
 .text.LL_RCC_PLL1_SetP
                0x08009cd8       0x2c main.o
 .text.LL_RCC_PLL1_SetQ
                0x08009d04       0x2c main.o
 .text.LL_RCC_PLL1_SetR
                0x08009d30       0x2c main.o
 .text.LL_AHB1_GRP1_EnableClock
                0x08009d5c       0x38 main.o
 .text.LL_AHB4_GRP1_EnableClock
                0x08009d94       0x38 main.o
 .text.LL_APB1_GRP1_EnableClock
                0x08009dcc       0x38 main.o
 .text.LL_SYSCFG_SetEXTISource
                0x08009e04       0x70 main.o
 .text.LL_FLASH_SetLatency
                0x08009e74       0x28 main.o
 .text.LL_FLASH_GetLatency
                0x08009e9c       0x1c main.o
 .text.LL_PWR_ConfigSupply
                0x08009eb8       0x28 main.o
 .text.LL_PWR_SetRegulVoltageScaling
                0x08009ee0       0x28 main.o
 .text.LL_USART_Enable
                0x08009f08       0x20 main.o
 .text.LL_USART_DisableFIFO
                0x08009f28       0x20 main.o
 .text.LL_USART_SetTXFIFOThreshold
                0x08009f48       0x4e main.o
 .text.LL_USART_SetRXFIFOThreshold
                0x08009f96       0x4e main.o
 .text.LL_USART_ConfigAsyncMode
                0x08009fe4       0x2c main.o
 .text.LL_USART_IsActiveFlag_TEACK
                0x0800a010       0x28 main.o
 .text.LL_USART_IsActiveFlag_REACK
                0x0800a038       0x28 main.o
 .text.LL_GPIO_SetPinMode
                0x0800a060       0x40 main.o
 .text.LL_GPIO_SetPinPull
                0x0800a0a0       0x40 main.o
 .text.LL_GPIO_ResetOutputPin
                0x0800a0e0       0x1e main.o
 *fill*         0x0800a0fe        0x2 
 .text.SystemClock_Config
                0x0800a100       0xdc main.o
                0x0800a100                SystemClock_Config
 .text.MX_I2C1_Init
                0x0800a1dc       0xc4 main.o
                0x0800a1dc                MX_I2C1_Init
 .text.MX_USART3_UART_Init
                0x0800a2a0      0x13c main.o
                0x0800a2a0                MX_USART3_UART_Init
 .text.MX_USB_OTG_FS_PCD_Init
                0x0800a3dc       0x64 main.o
                0x0800a3dc                MX_USB_OTG_FS_PCD_Init
 .text.MX_DMA_Init
                0x0800a440       0x2e main.o
                0x0800a440                MX_DMA_Init
 *fill*         0x0800a46e        0x2 
 .text.MX_GPIO_Init
                0x0800a470      0x1d4 main.o
                0x0800a470                MX_GPIO_Init
 .text.HAL_TIM_PeriodElapsedCallback
                0x0800a644       0x24 main.o
                0x0800a644                HAL_TIM_PeriodElapsedCallback
 .text.Error_Handler
                0x0800a668        0xa main.o
                0x0800a668                Error_Handler
 .text.NMI_Handler
                0x0800a672        0x6 stm32h7xx_it.o
                0x0800a672                NMI_Handler
 .text.HardFault_Handler
                0x0800a678        0x6 stm32h7xx_it.o
                0x0800a678                HardFault_Handler
 .text.MemManage_Handler
                0x0800a67e        0x6 stm32h7xx_it.o
                0x0800a67e                MemManage_Handler
 .text.BusFault_Handler
                0x0800a684        0x6 stm32h7xx_it.o
                0x0800a684                BusFault_Handler
 .text.UsageFault_Handler
                0x0800a68a        0x6 stm32h7xx_it.o
                0x0800a68a                UsageFault_Handler
 .text.DebugMon_Handler
                0x0800a690        0xe stm32h7xx_it.o
                0x0800a690                DebugMon_Handler
 *fill*         0x0800a69e        0x2 
 .text.TIM5_IRQHandler
                0x0800a6a0       0x14 stm32h7xx_it.o
                0x0800a6a0                TIM5_IRQHandler
 .text.LL_RCC_SetUSBClockSource
                0x0800a6b4       0x28 stm32h7xx_hal_msp.o
 .text.LL_PWR_EnableUSBVoltageDetector
                0x0800a6dc       0x20 stm32h7xx_hal_msp.o
 .text.HAL_MspInit
                0x0800a6fc       0x34 stm32h7xx_hal_msp.o
                0x0800a6fc                HAL_MspInit
 .text.HAL_PCD_MspInit
                0x0800a730       0xbc stm32h7xx_hal_msp.o
                0x0800a730                HAL_PCD_MspInit
 .text.HAL_InitTick
                0x0800a7ec       0xd8 stm32h7xx_hal_timebase_tim.o
                0x0800a7ec                HAL_InitTick
 .text.LL_EXTI_EnableIT_0_31
                0x0800a8c4       0x28 stm32h7xx_ll_exti.o
 .text.LL_EXTI_EnableIT_32_63
                0x0800a8ec       0x28 stm32h7xx_ll_exti.o
 .text.LL_EXTI_EnableIT_64_95
                0x0800a914       0x28 stm32h7xx_ll_exti.o
 .text.LL_EXTI_DisableIT_0_31
                0x0800a93c       0x2a stm32h7xx_ll_exti.o
 .text.LL_EXTI_DisableIT_32_63
                0x0800a966       0x2a stm32h7xx_ll_exti.o
 .text.LL_EXTI_DisableIT_64_95
                0x0800a990       0x2a stm32h7xx_ll_exti.o
 .text.LL_EXTI_EnableEvent_0_31
                0x0800a9ba       0x28 stm32h7xx_ll_exti.o
 .text.LL_EXTI_EnableEvent_32_63
                0x0800a9e2       0x28 stm32h7xx_ll_exti.o
 .text.LL_EXTI_EnableEvent_64_95
                0x0800aa0a       0x28 stm32h7xx_ll_exti.o
 .text.LL_EXTI_DisableEvent_0_31
                0x0800aa32       0x2a stm32h7xx_ll_exti.o
 .text.LL_EXTI_DisableEvent_32_63
                0x0800aa5c       0x2a stm32h7xx_ll_exti.o
 .text.LL_EXTI_DisableEvent_64_95
                0x0800aa86       0x2a stm32h7xx_ll_exti.o
 .text.LL_EXTI_EnableRisingTrig_0_31
                0x0800aab0       0x24 stm32h7xx_ll_exti.o
 .text.LL_EXTI_EnableRisingTrig_32_63
                0x0800aad4       0x24 stm32h7xx_ll_exti.o
 .text.LL_EXTI_EnableRisingTrig_64_95
                0x0800aaf8       0x24 stm32h7xx_ll_exti.o
 .text.LL_EXTI_DisableRisingTrig_0_31
                0x0800ab1c       0x26 stm32h7xx_ll_exti.o
 .text.LL_EXTI_DisableRisingTrig_32_63
                0x0800ab42       0x26 stm32h7xx_ll_exti.o
 .text.LL_EXTI_DisableRisingTrig_64_95
                0x0800ab68       0x26 stm32h7xx_ll_exti.o
 .text.LL_EXTI_EnableFallingTrig_0_31
                0x0800ab8e       0x24 stm32h7xx_ll_exti.o
 .text.LL_EXTI_EnableFallingTrig_32_63
                0x0800abb2       0x24 stm32h7xx_ll_exti.o
 .text.LL_EXTI_EnableFallingTrig_64_95
                0x0800abd6       0x24 stm32h7xx_ll_exti.o
 .text.LL_EXTI_DisableFallingTrig_0_31
                0x0800abfa       0x26 stm32h7xx_ll_exti.o
 .text.LL_EXTI_DisableFallingTrig_32_63
                0x0800ac20       0x26 stm32h7xx_ll_exti.o
 .text.LL_EXTI_DisableFallingTrig_64_95
                0x0800ac46       0x26 stm32h7xx_ll_exti.o
 .text.LL_EXTI_Init
                0x0800ac6c      0x272 stm32h7xx_ll_exti.o
                0x0800ac6c                LL_EXTI_Init
 .text.LL_GPIO_SetPinMode
                0x0800aede       0x40 stm32h7xx_ll_gpio.o
 .text.LL_GPIO_SetPinOutputType
                0x0800af1e       0x30 stm32h7xx_ll_gpio.o
 .text.LL_GPIO_SetPinSpeed
                0x0800af4e       0x40 stm32h7xx_ll_gpio.o
 .text.LL_GPIO_SetPinPull
                0x0800af8e       0x40 stm32h7xx_ll_gpio.o
 .text.LL_GPIO_SetAFPin_0_7
                0x0800afce       0x58 stm32h7xx_ll_gpio.o
 .text.LL_GPIO_SetAFPin_8_15
                0x0800b026       0x6c stm32h7xx_ll_gpio.o
 .text.LL_GPIO_Init
                0x0800b092       0xdc stm32h7xx_ll_gpio.o
                0x0800b092                LL_GPIO_Init
 .text.LL_I2C_Enable
                0x0800b16e       0x20 stm32h7xx_ll_i2c.o
 .text.LL_I2C_Disable
                0x0800b18e       0x20 stm32h7xx_ll_i2c.o
 .text.LL_I2C_ConfigFilters
                0x0800b1ae       0x2e stm32h7xx_ll_i2c.o
 .text.LL_I2C_SetOwnAddress1
                0x0800b1dc       0x30 stm32h7xx_ll_i2c.o
 .text.LL_I2C_EnableOwnAddress1
                0x0800b20c       0x20 stm32h7xx_ll_i2c.o
 .text.LL_I2C_DisableOwnAddress1
                0x0800b22c       0x20 stm32h7xx_ll_i2c.o
 .text.LL_I2C_SetTiming
                0x0800b24c       0x1c stm32h7xx_ll_i2c.o
 .text.LL_I2C_SetMode
                0x0800b268       0x26 stm32h7xx_ll_i2c.o
 .text.LL_I2C_AcknowledgeNextData
                0x0800b28e       0x26 stm32h7xx_ll_i2c.o
 .text.LL_I2C_Init
                0x0800b2b4       0x78 stm32h7xx_ll_i2c.o
                0x0800b2b4                LL_I2C_Init
 .text.LL_RCC_HSE_IsReady
                0x0800b32c       0x28 stm32h7xx_ll_rcc.o
 .text.LL_RCC_HSI_IsReady
                0x0800b354       0x24 stm32h7xx_ll_rcc.o
 .text.LL_RCC_HSI_GetDivider
                0x0800b378       0x1c stm32h7xx_ll_rcc.o
 .text.LL_RCC_CSI_IsReady
                0x0800b394       0x28 stm32h7xx_ll_rcc.o
 .text.LL_RCC_LSE_IsReady
                0x0800b3bc       0x24 stm32h7xx_ll_rcc.o
 .text.LL_RCC_GetSysClkSource
                0x0800b3e0       0x1c stm32h7xx_ll_rcc.o
 .text.LL_RCC_GetSysPrescaler
                0x0800b3fc       0x1c stm32h7xx_ll_rcc.o
 .text.LL_RCC_GetAHBPrescaler
                0x0800b418       0x1c stm32h7xx_ll_rcc.o
 .text.LL_RCC_GetAPB1Prescaler
                0x0800b434       0x1c stm32h7xx_ll_rcc.o
 .text.LL_RCC_GetAPB2Prescaler
                0x0800b450       0x1c stm32h7xx_ll_rcc.o
 .text.LL_RCC_GetClockSource
                0x0800b46c       0x4c stm32h7xx_ll_rcc.o
 .text.LL_RCC_GetUSARTClockSource
                0x0800b4b8       0x18 stm32h7xx_ll_rcc.o
 .text.LL_RCC_PLL_GetSource
                0x0800b4d0       0x1c stm32h7xx_ll_rcc.o
 .text.LL_RCC_PLL1P_IsEnabled
                0x0800b4ec       0x28 stm32h7xx_ll_rcc.o
 .text.LL_RCC_PLL1Q_IsEnabled
                0x0800b514       0x28 stm32h7xx_ll_rcc.o
 .text.LL_RCC_PLL1R_IsEnabled
                0x0800b53c       0x28 stm32h7xx_ll_rcc.o
 .text.LL_RCC_PLL1FRACN_IsEnabled
                0x0800b564       0x24 stm32h7xx_ll_rcc.o
 .text.LL_RCC_PLL1_GetN
                0x0800b588       0x1c stm32h7xx_ll_rcc.o
 .text.LL_RCC_PLL1_GetM
                0x0800b5a4       0x1c stm32h7xx_ll_rcc.o
 .text.LL_RCC_PLL1_GetP
                0x0800b5c0       0x20 stm32h7xx_ll_rcc.o
 .text.LL_RCC_PLL1_GetQ
                0x0800b5e0       0x20 stm32h7xx_ll_rcc.o
 .text.LL_RCC_PLL1_GetR
                0x0800b600       0x20 stm32h7xx_ll_rcc.o
 .text.LL_RCC_PLL1_GetFRACN
                0x0800b620       0x1c stm32h7xx_ll_rcc.o
 .text.LL_RCC_PLL2_IsReady
                0x0800b63c       0x28 stm32h7xx_ll_rcc.o
 .text.LL_RCC_PLL2P_IsEnabled
                0x0800b664       0x28 stm32h7xx_ll_rcc.o
 .text.LL_RCC_PLL2Q_IsEnabled
                0x0800b68c       0x28 stm32h7xx_ll_rcc.o
 .text.LL_RCC_PLL2R_IsEnabled
                0x0800b6b4       0x28 stm32h7xx_ll_rcc.o
 .text.LL_RCC_PLL2FRACN_IsEnabled
                0x0800b6dc       0x24 stm32h7xx_ll_rcc.o
 .text.LL_RCC_PLL2_GetN
                0x0800b700       0x1c stm32h7xx_ll_rcc.o
 .text.LL_RCC_PLL2_GetM
                0x0800b71c       0x1c stm32h7xx_ll_rcc.o
 .text.LL_RCC_PLL2_GetP
                0x0800b738       0x20 stm32h7xx_ll_rcc.o
 .text.LL_RCC_PLL2_GetQ
                0x0800b758       0x20 stm32h7xx_ll_rcc.o
 .text.LL_RCC_PLL2_GetR
                0x0800b778       0x20 stm32h7xx_ll_rcc.o
 .text.LL_RCC_PLL2_GetFRACN
                0x0800b798       0x1c stm32h7xx_ll_rcc.o
 .text.LL_RCC_PLL3_IsReady
                0x0800b7b4       0x28 stm32h7xx_ll_rcc.o
 .text.LL_RCC_PLL3P_IsEnabled
                0x0800b7dc       0x28 stm32h7xx_ll_rcc.o
 .text.LL_RCC_PLL3Q_IsEnabled
                0x0800b804       0x28 stm32h7xx_ll_rcc.o
 .text.LL_RCC_PLL3R_IsEnabled
                0x0800b82c       0x28 stm32h7xx_ll_rcc.o
 .text.LL_RCC_PLL3FRACN_IsEnabled
                0x0800b854       0x28 stm32h7xx_ll_rcc.o
 .text.LL_RCC_PLL3_GetN
                0x0800b87c       0x1c stm32h7xx_ll_rcc.o
 .text.LL_RCC_PLL3_GetM
                0x0800b898       0x1c stm32h7xx_ll_rcc.o
 .text.LL_RCC_PLL3_GetP
                0x0800b8b4       0x20 stm32h7xx_ll_rcc.o
 .text.LL_RCC_PLL3_GetQ
                0x0800b8d4       0x20 stm32h7xx_ll_rcc.o
 .text.LL_RCC_PLL3_GetR
                0x0800b8f4       0x20 stm32h7xx_ll_rcc.o
 .text.LL_RCC_PLL3_GetFRACN
                0x0800b914       0x1c stm32h7xx_ll_rcc.o
 .text.LL_RCC_GetPLL1ClockFreq
                0x0800b930      0x130 stm32h7xx_ll_rcc.o
                0x0800b930                LL_RCC_GetPLL1ClockFreq
 .text.LL_RCC_GetPLL2ClockFreq
                0x0800ba60      0x130 stm32h7xx_ll_rcc.o
                0x0800ba60                LL_RCC_GetPLL2ClockFreq
 .text.LL_RCC_GetPLL3ClockFreq
                0x0800bb90      0x134 stm32h7xx_ll_rcc.o
                0x0800bb90                LL_RCC_GetPLL3ClockFreq
 .text.LL_RCC_CalcPLLClockFreq
                0x0800bcc4       0x80 stm32h7xx_ll_rcc.o
                0x0800bcc4                LL_RCC_CalcPLLClockFreq
 .text.LL_RCC_GetUSARTClockFreq
                0x0800bd44      0x1dc stm32h7xx_ll_rcc.o
                0x0800bd44                LL_RCC_GetUSARTClockFreq
 .text.RCC_GetSystemClockFreq
                0x0800bf20       0xc4 stm32h7xx_ll_rcc.o
 .text.RCC_GetHCLKClockFreq
                0x0800bfe4       0x2c stm32h7xx_ll_rcc.o
 .text.RCC_GetPCLK1ClockFreq
                0x0800c010       0x30 stm32h7xx_ll_rcc.o
 .text.RCC_GetPCLK2ClockFreq
                0x0800c040       0x30 stm32h7xx_ll_rcc.o
 .text.LL_SetSystemCoreClock
                0x0800c070       0x20 stm32h7xx_ll_utils.o
                0x0800c070                LL_SetSystemCoreClock
 .text.HAL_RCC_GetSysClockFreq
                0x0800c090      0x2f4 stm32h7xx_hal_rcc.o
                0x0800c090                HAL_RCC_GetSysClockFreq
 .text.HAL_RCC_GetHCLKFreq
                0x0800c384       0x60 stm32h7xx_hal_rcc.o
                0x0800c384                HAL_RCC_GetHCLKFreq
 .text.HAL_RCC_GetPCLK1Freq
                0x0800c3e4       0x2c stm32h7xx_hal_rcc.o
                0x0800c3e4                HAL_RCC_GetPCLK1Freq
 .text.HAL_RCC_GetClockConfig
                0x0800c410       0x84 stm32h7xx_hal_rcc.o
                0x0800c410                HAL_RCC_GetClockConfig
 .text.HAL_GPIO_Init
                0x0800c494      0x360 stm32h7xx_hal_gpio.o
                0x0800c494                HAL_GPIO_Init
 .text.__NVIC_SetPriorityGrouping
                0x0800c7f4       0x48 stm32h7xx_hal_cortex.o
 .text.__NVIC_GetPriorityGrouping
                0x0800c83c       0x1c stm32h7xx_hal_cortex.o
 .text.__NVIC_EnableIRQ
                0x0800c858       0x3c stm32h7xx_hal_cortex.o
 .text.__NVIC_SetPriority
                0x0800c894       0x54 stm32h7xx_hal_cortex.o
 .text.NVIC_EncodePriority
                0x0800c8e8       0x66 stm32h7xx_hal_cortex.o
 .text.HAL_NVIC_SetPriorityGrouping
                0x0800c94e       0x16 stm32h7xx_hal_cortex.o
                0x0800c94e                HAL_NVIC_SetPriorityGrouping
 .text.HAL_NVIC_SetPriority
                0x0800c964       0x34 stm32h7xx_hal_cortex.o
                0x0800c964                HAL_NVIC_SetPriority
 .text.HAL_NVIC_EnableIRQ
                0x0800c998       0x1c stm32h7xx_hal_cortex.o
                0x0800c998                HAL_NVIC_EnableIRQ
 .text.HAL_Init
                0x0800c9b4       0x78 stm32h7xx_hal.o
                0x0800c9b4                HAL_Init
 .text.HAL_IncTick
                0x0800ca2c       0x28 stm32h7xx_hal.o
                0x0800ca2c                HAL_IncTick
 .text.HAL_GetTick
                0x0800ca54       0x18 stm32h7xx_hal.o
                0x0800ca54                HAL_GetTick
 .text.HAL_TIM_Base_Init
                0x0800ca6c       0xae stm32h7xx_hal_tim.o
                0x0800ca6c                HAL_TIM_Base_Init
 .text.HAL_TIM_Base_MspInit
                0x0800cb1a       0x14 stm32h7xx_hal_tim.o
                0x0800cb1a                HAL_TIM_Base_MspInit
 *fill*         0x0800cb2e        0x2 
 .text.HAL_TIM_Base_Start_IT
                0x0800cb30       0xf0 stm32h7xx_hal_tim.o
                0x0800cb30                HAL_TIM_Base_Start_IT
 .text.HAL_TIM_IRQHandler
                0x0800cc20      0x23e stm32h7xx_hal_tim.o
                0x0800cc20                HAL_TIM_IRQHandler
 .text.HAL_TIM_OC_DelayElapsedCallback
                0x0800ce5e       0x14 stm32h7xx_hal_tim.o
                0x0800ce5e                HAL_TIM_OC_DelayElapsedCallback
 .text.HAL_TIM_IC_CaptureCallback
                0x0800ce72       0x14 stm32h7xx_hal_tim.o
                0x0800ce72                HAL_TIM_IC_CaptureCallback
 .text.HAL_TIM_PWM_PulseFinishedCallback
                0x0800ce86       0x14 stm32h7xx_hal_tim.o
                0x0800ce86                HAL_TIM_PWM_PulseFinishedCallback
 .text.HAL_TIM_TriggerCallback
                0x0800ce9a       0x14 stm32h7xx_hal_tim.o
                0x0800ce9a                HAL_TIM_TriggerCallback
 *fill*         0x0800ceae        0x2 
 .text.TIM_Base_SetConfig
                0x0800ceb0      0x134 stm32h7xx_hal_tim.o
                0x0800ceb0                TIM_Base_SetConfig
 .text.HAL_TIMEx_CommutCallback
                0x0800cfe4       0x14 stm32h7xx_hal_tim_ex.o
                0x0800cfe4                HAL_TIMEx_CommutCallback
 .text.HAL_TIMEx_BreakCallback
                0x0800cff8       0x14 stm32h7xx_hal_tim_ex.o
                0x0800cff8                HAL_TIMEx_BreakCallback
 .text.HAL_TIMEx_Break2Callback
                0x0800d00c       0x14 stm32h7xx_hal_tim_ex.o
                0x0800d00c                HAL_TIMEx_Break2Callback
 .text.LL_USART_IsEnabled
                0x0800d020       0x26 stm32h7xx_ll_usart.o
 .text.LL_USART_SetPrescaler
                0x0800d046       0x28 stm32h7xx_ll_usart.o
 .text.LL_USART_SetStopBitsLength
                0x0800d06e       0x26 stm32h7xx_ll_usart.o
 .text.LL_USART_SetHWFlowCtrl
                0x0800d094       0x26 stm32h7xx_ll_usart.o
 *fill*         0x0800d0ba        0x2 
 .text.LL_USART_SetBaudRate
                0x0800d0bc       0xa0 stm32h7xx_ll_usart.o
 .text.LL_USART_Init
                0x0800d15c      0x154 stm32h7xx_ll_usart.o
                0x0800d15c                LL_USART_Init
 .text.HAL_PCD_Init
                0x0800d2b0      0x248 stm32h7xx_hal_pcd.o
                0x0800d2b0                HAL_PCD_Init
 .text.HAL_PCDEx_ActivateLPM
                0x0800d4f8       0x48 stm32h7xx_hal_pcd_ex.o
                0x0800d4f8                HAL_PCDEx_ActivateLPM
 .text.USB_CoreInit
                0x0800d540       0xdc stm32h7xx_ll_usb.o
                0x0800d540                USB_CoreInit
 .text.USB_DisableGlobalInt
                0x0800d61c       0x22 stm32h7xx_ll_usb.o
                0x0800d61c                USB_DisableGlobalInt
 .text.USB_SetCurrentMode
                0x0800d63e       0x98 stm32h7xx_ll_usb.o
                0x0800d63e                USB_SetCurrentMode
 *fill*         0x0800d6d6        0x2 
 .text.USB_DevInit
                0x0800d6d8      0x2bc stm32h7xx_ll_usb.o
                0x0800d6d8                USB_DevInit
 .text.USB_FlushTxFifo
                0x0800d994       0x64 stm32h7xx_ll_usb.o
                0x0800d994                USB_FlushTxFifo
 .text.USB_FlushRxFifo
                0x0800d9f8       0x5c stm32h7xx_ll_usb.o
                0x0800d9f8                USB_FlushRxFifo
 .text.USB_SetDevSpeed
                0x0800da54       0x32 stm32h7xx_ll_usb.o
                0x0800da54                USB_SetDevSpeed
 .text.USB_DevDisconnect
                0x0800da86       0x42 stm32h7xx_ll_usb.o
                0x0800da86                USB_DevDisconnect
 .text.USB_GetMode
                0x0800dac8       0x1c stm32h7xx_ll_usb.o
                0x0800dac8                USB_GetMode
 .text.USB_CoreReset
                0x0800dae4       0x64 stm32h7xx_ll_usb.o
 .text.SystemInit
                0x0800db48      0x110 system_stm32h7xx.o
                0x0800db48                SystemInit
 .text.Reset_Handler
                0x0800dc58       0x50 startup_stm32h753zitx.o
                0x0800dc58                Reset_Handler
 .text.Default_Handler
                0x0800dca8        0x2 startup_stm32h753zitx.o
                0x0800dca8                RTC_Alarm_IRQHandler
                0x0800dca8                HASH_RNG_IRQHandler
                0x0800dca8                EXTI2_IRQHandler
                0x0800dca8                TIM8_CC_IRQHandler
                0x0800dca8                HRTIM1_Master_IRQHandler
                0x0800dca8                UART8_IRQHandler
                0x0800dca8                SPI4_IRQHandler
                0x0800dca8                TIM1_CC_IRQHandler
                0x0800dca8                BDMA_Channel6_IRQHandler
                0x0800dca8                DMA2_Stream5_IRQHandler
                0x0800dca8                HRTIM1_FLT_IRQHandler
                0x0800dca8                JPEG_IRQHandler
                0x0800dca8                DMA1_Stream5_IRQHandler
                0x0800dca8                BDMA_Channel1_IRQHandler
                0x0800dca8                HRTIM1_TIMD_IRQHandler
                0x0800dca8                TAMP_STAMP_IRQHandler
                0x0800dca8                EXTI3_IRQHandler
                0x0800dca8                LPTIM4_IRQHandler
                0x0800dca8                TIM8_TRG_COM_TIM14_IRQHandler
                0x0800dca8                LPTIM2_IRQHandler
                0x0800dca8                DFSDM1_FLT1_IRQHandler
                0x0800dca8                DMAMUX2_OVR_IRQHandler
                0x0800dca8                TIM8_UP_TIM13_IRQHandler
                0x0800dca8                I2C3_ER_IRQHandler
                0x0800dca8                DFSDM1_FLT2_IRQHandler
                0x0800dca8                MDMA_IRQHandler
                0x0800dca8                LPTIM3_IRQHandler
                0x0800dca8                HSEM1_IRQHandler
                0x0800dca8                EXTI0_IRQHandler
                0x0800dca8                I2C2_EV_IRQHandler
                0x0800dca8                DMA1_Stream2_IRQHandler
                0x0800dca8                FPU_IRQHandler
                0x0800dca8                OTG_HS_WKUP_IRQHandler
                0x0800dca8                FDCAN1_IT1_IRQHandler
                0x0800dca8                LTDC_ER_IRQHandler
                0x0800dca8                DMA2_Stream2_IRQHandler
                0x0800dca8                HRTIM1_TIME_IRQHandler
                0x0800dca8                SPI1_IRQHandler
                0x0800dca8                TIM6_DAC_IRQHandler
                0x0800dca8                DCMI_IRQHandler
                0x0800dca8                HRTIM1_TIMC_IRQHandler
                0x0800dca8                DMA2_Stream3_IRQHandler
                0x0800dca8                SAI2_IRQHandler
                0x0800dca8                DFSDM1_FLT3_IRQHandler
                0x0800dca8                USART6_IRQHandler
                0x0800dca8                TIM17_IRQHandler
                0x0800dca8                BDMA_Channel7_IRQHandler
                0x0800dca8                CRYP_IRQHandler
                0x0800dca8                LPTIM5_IRQHandler
                0x0800dca8                UART5_IRQHandler
                0x0800dca8                ADC3_IRQHandler
                0x0800dca8                DMA2_Stream0_IRQHandler
                0x0800dca8                TIM4_IRQHandler
                0x0800dca8                BDMA_Channel2_IRQHandler
                0x0800dca8                QUADSPI_IRQHandler
                0x0800dca8                I2C1_EV_IRQHandler
                0x0800dca8                DMA1_Stream6_IRQHandler
                0x0800dca8                DMAMUX1_OVR_IRQHandler
                0x0800dca8                DMA1_Stream1_IRQHandler
                0x0800dca8                TIM16_IRQHandler
                0x0800dca8                UART4_IRQHandler
                0x0800dca8                BDMA_Channel5_IRQHandler
                0x0800dca8                TIM3_IRQHandler
                0x0800dca8                RCC_IRQHandler
                0x0800dca8                TIM8_BRK_TIM12_IRQHandler
                0x0800dca8                TIM1_TRG_COM_IRQHandler
                0x0800dca8                Default_Handler
                0x0800dca8                ECC_IRQHandler
                0x0800dca8                CEC_IRQHandler
                0x0800dca8                EXTI15_10_IRQHandler
                0x0800dca8                BDMA_Channel0_IRQHandler
                0x0800dca8                ADC_IRQHandler
                0x0800dca8                DMA1_Stream7_IRQHandler
                0x0800dca8                HRTIM1_TIMA_IRQHandler
                0x0800dca8                SPI5_IRQHandler
                0x0800dca8                TIM7_IRQHandler
                0x0800dca8                SDMMC1_IRQHandler
                0x0800dca8                DMA2_Stream7_IRQHandler
                0x0800dca8                TIM15_IRQHandler
                0x0800dca8                PVD_AVD_IRQHandler
                0x0800dca8                I2C3_EV_IRQHandler
                0x0800dca8                EXTI9_5_IRQHandler
                0x0800dca8                RTC_WKUP_IRQHandler
                0x0800dca8                LTDC_IRQHandler
                0x0800dca8                SAI3_IRQHandler
                0x0800dca8                ETH_WKUP_IRQHandler
                0x0800dca8                SPDIF_RX_IRQHandler
                0x0800dca8                SPI2_IRQHandler
                0x0800dca8                OTG_HS_EP1_IN_IRQHandler
                0x0800dca8                CRS_IRQHandler
                0x0800dca8                EXTI4_IRQHandler
                0x0800dca8                HRTIM1_TIMB_IRQHandler
                0x0800dca8                FDCAN2_IT1_IRQHandler
                0x0800dca8                ETH_IRQHandler
                0x0800dca8                TIM1_UP_IRQHandler
                0x0800dca8                BDMA_Channel4_IRQHandler
                0x0800dca8                OTG_HS_EP1_OUT_IRQHandler
                0x0800dca8                WWDG_IRQHandler
                0x0800dca8                SPI6_IRQHandler
                0x0800dca8                MDIOS_IRQHandler
                0x0800dca8                I2C4_EV_IRQHandler
                0x0800dca8                FDCAN2_IT0_IRQHandler
                0x0800dca8                LPUART1_IRQHandler
                0x0800dca8                FDCAN1_IT0_IRQHandler
                0x0800dca8                TIM2_IRQHandler
                0x0800dca8                OTG_FS_WKUP_IRQHandler
                0x0800dca8                OTG_HS_IRQHandler
                0x0800dca8                DMA2D_IRQHandler
                0x0800dca8                TIM1_BRK_IRQHandler
                0x0800dca8                EXTI1_IRQHandler
                0x0800dca8                SDMMC2_IRQHandler
                0x0800dca8                OTG_FS_EP1_OUT_IRQHandler
                0x0800dca8                BDMA_Channel3_IRQHandler
                0x0800dca8                UART7_IRQHandler
                0x0800dca8                MDIOS_WKUP_IRQHandler
                0x0800dca8                USART2_IRQHandler
                0x0800dca8                DFSDM1_FLT0_IRQHandler
                0x0800dca8                SAI4_IRQHandler
                0x0800dca8                I2C2_ER_IRQHandler
                0x0800dca8                DMA2_Stream1_IRQHandler
                0x0800dca8                FLASH_IRQHandler
                0x0800dca8                DMA2_Stream4_IRQHandler
                0x0800dca8                USART1_IRQHandler
                0x0800dca8                OTG_FS_IRQHandler
                0x0800dca8                SPI3_IRQHandler
                0x0800dca8                WAKEUP_PIN_IRQHandler
                0x0800dca8                DMA1_Stream4_IRQHandler
                0x0800dca8                OTG_FS_EP1_IN_IRQHandler
                0x0800dca8                I2C1_ER_IRQHandler
                0x0800dca8                FMC_IRQHandler
                0x0800dca8                FDCAN_CAL_IRQHandler
                0x0800dca8                SWPMI1_IRQHandler
                0x0800dca8                COMP1_IRQHandler
                0x0800dca8                LPTIM1_IRQHandler
                0x0800dca8                I2C4_ER_IRQHandler
                0x0800dca8                DMA2_Stream6_IRQHandler
                0x0800dca8                SAI1_IRQHandler
                0x0800dca8                DMA1_Stream3_IRQHandler
 *fill*         0x0800dcaa        0x6 
 .text.fmod     0x0800dcb0       0x50 c:/programdata/matlab/supportpackages/r2023b/3p.instrset/gnuarm-armcortex.instrset/win/bin/../lib/gcc/arm-none-eabi/11.3.1/thumb/v7e-m+dp/hard\libm.a(libm_a-w_fmod.o)
                0x0800dcb0                fmod
 .text.__ieee754_fmod
                0x0800dd00      0x298 c:/programdata/matlab/supportpackages/r2023b/3p.instrset/gnuarm-armcortex.instrset/win/bin/../lib/gcc/arm-none-eabi/11.3.1/thumb/v7e-m+dp/hard\libm.a(libm_a-e_fmod.o)
                0x0800dd00                __ieee754_fmod
 .text.memset   0x0800df98       0x10 c:/programdata/matlab/supportpackages/r2023b/3p.instrset/gnuarm-armcortex.instrset/win/bin/../lib/gcc/arm-none-eabi/11.3.1/thumb/v7e-m+dp/hard\libg_nano.a(libc_a-memset.o)
                0x0800df98                memset
 .text.__errno  0x0800dfa8        0xc c:/programdata/matlab/supportpackages/r2023b/3p.instrset/gnuarm-armcortex.instrset/win/bin/../lib/gcc/arm-none-eabi/11.3.1/thumb/v7e-m+dp/hard\libg_nano.a(libc_a-errno.o)
                0x0800dfa8                __errno
 .text.__libc_init_array
                0x0800dfb4       0x48 c:/programdata/matlab/supportpackages/r2023b/3p.instrset/gnuarm-armcortex.instrset/win/bin/../lib/gcc/arm-none-eabi/11.3.1/thumb/v7e-m+dp/hard\libg_nano.a(libc_a-init.o)
                0x0800dfb4                __libc_init_array
 .text.memcpy   0x0800dffc       0x1c c:/programdata/matlab/supportpackages/r2023b/3p.instrset/gnuarm-armcortex.instrset/win/bin/../lib/gcc/arm-none-eabi/11.3.1/thumb/v7e-m+dp/hard\libg_nano.a(libc_a-memcpy-stub.o)
                0x0800dffc                memcpy
 *(.glue_7)
 .glue_7        0x0800e018        0x0 linker stubs
 *(.glue_7t)
 .glue_7t       0x0800e018        0x0 linker stubs
 *(.eh_frame)
 .eh_frame      0x0800e018        0x0 c:/programdata/matlab/supportpackages/r2023b/3p.instrset/gnuarm-armcortex.instrset/win/bin/../lib/gcc/arm-none-eabi/11.3.1/thumb/v7e-m+dp/hard/crtbegin.o
 *(.init)
 .init          0x0800e018        0x4 c:/programdata/matlab/supportpackages/r2023b/3p.instrset/gnuarm-armcortex.instrset/win/bin/../lib/gcc/arm-none-eabi/11.3.1/thumb/v7e-m+dp/hard/crti.o
                0x0800e018                _init
 .init          0x0800e01c        0x8 c:/programdata/matlab/supportpackages/r2023b/3p.instrset/gnuarm-armcortex.instrset/win/bin/../lib/gcc/arm-none-eabi/11.3.1/thumb/v7e-m+dp/hard/crtn.o
 *(.fini)
 .fini          0x0800e024        0x4 c:/programdata/matlab/supportpackages/r2023b/3p.instrset/gnuarm-armcortex.instrset/win/bin/../lib/gcc/arm-none-eabi/11.3.1/thumb/v7e-m+dp/hard/crti.o
                0x0800e024                _fini
 .fini          0x0800e028        0x8 c:/programdata/matlab/supportpackages/r2023b/3p.instrset/gnuarm-armcortex.instrset/win/bin/../lib/gcc/arm-none-eabi/11.3.1/thumb/v7e-m+dp/hard/crtn.o
                0x0800e030                . = ALIGN (0x4)
                0x0800e030                _etext = .

.vfp11_veneer   0x0800e030        0x0
 .vfp11_veneer  0x0800e030        0x0 linker stubs

.v4_bx          0x0800e030        0x0
 .v4_bx         0x0800e030        0x0 linker stubs

.iplt           0x0800e030        0x0
 .iplt          0x0800e030        0x0 c:/programdata/matlab/supportpackages/r2023b/3p.instrset/gnuarm-armcortex.instrset/win/bin/../lib/gcc/arm-none-eabi/11.3.1/thumb/v7e-m+dp/hard/crtbegin.o

.rodata         0x0800e030     0x2a10
                0x0800e030                . = ALIGN (0x4)
 *(.rodata)
 .rodata        0x0800e030      0x2b9 xcp_ext_mode.o
 *fill*         0x0800e2e9        0x3 
 .rodata        0x0800e2ec       0x12 FC_Test.o
 *fill*         0x0800e2fe        0x2 
 .rodata        0x0800e300      0x12e xcp_ext_common.o
 *fill*         0x0800e42e        0x2 
 .rodata        0x0800e430       0x4c xcp_ext_classic_trigger.o
 .rodata        0x0800e47c      0x278 xcp.o
 .rodata        0x0800e6f4      0x3a9 xcp_standard.o
 *fill*         0x0800ea9d        0x3 
 .rodata        0x0800eaa0     0x1010 xcp_daq.o
 .rodata        0x0800fab0       0xdd xcp_calibration.o
 *fill*         0x0800fb8d        0x3 
 .rodata        0x0800fb90      0x56e xcp_transport.o
 *fill*         0x080100fe        0x2 
 .rodata        0x08010100       0xf5 xcp_mem_default.o
 *fill*         0x080101f5        0x3 
 .rodata        0x080101f8      0x228 xcp_drv_rtiostream.o
 .rodata        0x08010420      0x4aa xcp_frame_serial.o
 *(.rodata*)
 *fill*         0x080108ca        0x2 
 .rodata.FC_Test_M
                0x080108cc        0x4 FC_Test.o
                0x080108cc                FC_Test_M
 .rodata.rtAlwaysEnabled.0
                0x080108d0        0x1 FC_Test.o
 *fill*         0x080108d1        0x3 
 .rodata.standardSupportedRxPacket
                0x080108d4       0x54 xcp_standard.o
 .rodata.daqSupportedRxPacket
                0x08010928       0x90 xcp_daq.o
 .rodata.calibrationSupportedRxPacket
                0x080109b8       0x18 xcp_calibration.o
 .rodata.LL_DMA_STR_OFFSET_TAB
                0x080109d0        0x8 stm_usart.o
 .rodata.LL_DMA_STR_OFFSET_TAB
                0x080109d8        0x8 main.o
 .rodata.LL_RCC_PrescTable
                0x080109e0       0x10 stm32h7xx_ll_rcc.o
                0x080109e0                LL_RCC_PrescTable
 .rodata.USART_PRESCALER_TAB
                0x080109f0       0x30 stm32h7xx_ll_usart.o
 .rodata.D1CorePrescTable
                0x08010a20       0x10 system_stm32h7xx.o
                0x08010a20                D1CorePrescTable
 .rodata.Zero   0x08010a30       0x10 c:/programdata/matlab/supportpackages/r2023b/3p.instrset/gnuarm-armcortex.instrset/win/bin/../lib/gcc/arm-none-eabi/11.3.1/thumb/v7e-m+dp/hard\libm.a(libm_a-e_fmod.o)
                0x08010a40                . = ALIGN (0x4)

.ARM.extab
 *(.ARM.extab* .gnu.linkonce.armextab.*)

.ARM            0x08010a40        0x0
                0x08010a40                __exidx_start = .
 *(.ARM.exidx*)
                0x08010a40                __exidx_end = .

.preinit_array  0x08010a40        0x0
                0x08010a40                PROVIDE (__preinit_array_start = .)
 *(.preinit_array*)
                0x08010a40                PROVIDE (__preinit_array_end = .)

.init_array     0x08010a40        0x4
                0x08010a40                PROVIDE (__init_array_start = .)
 *(SORT_BY_NAME(.init_array.*))
 *(.init_array*)
 .init_array    0x08010a40        0x4 c:/programdata/matlab/supportpackages/r2023b/3p.instrset/gnuarm-armcortex.instrset/win/bin/../lib/gcc/arm-none-eabi/11.3.1/thumb/v7e-m+dp/hard/crtbegin.o
                0x08010a44                PROVIDE (__init_array_end = .)

.fini_array     0x08010a44        0x4
                [!provide]                PROVIDE (__fini_array_start = .)
 *(SORT_BY_NAME(.fini_array.*))
 *(.fini_array*)
 .fini_array    0x08010a44        0x4 c:/programdata/matlab/supportpackages/r2023b/3p.instrset/gnuarm-armcortex.instrset/win/bin/../lib/gcc/arm-none-eabi/11.3.1/thumb/v7e-m+dp/hard/crtbegin.o
                [!provide]                PROVIDE (__fini_array_end = .)
                0x08010a48                _sidata = LOADADDR (.data)

.rel.dyn        0x08010a48        0x0
 .rel.iplt      0x08010a48        0x0 c:/programdata/matlab/supportpackages/r2023b/3p.instrset/gnuarm-armcortex.instrset/win/bin/../lib/gcc/arm-none-eabi/11.3.1/thumb/v7e-m+dp/hard/crtbegin.o

.data           0x24000000      0x140 load address 0x08010a48
                0x24000000                . = ALIGN (0x4)
                0x24000000                _sdata = .
 *(.data)
 *(.data*)
 .data.FC_Test_P
                0x24000000       0x58 FC_Test_data.o
                0x24000000                FC_Test_P
 .data.xcpExtmodeFinalSimulationTime
                0x24000058        0x8 xcp_ext_common.o
                0x24000058                xcpExtmodeFinalSimulationTime
 .data.xcpClassicTriggerDuration
                0x24000060        0x4 xcp_ext_classic_trigger.o
                0x24000060                xcpClassicTriggerDuration
 .data.xcpClassicTriggerArmRequest
                0x24000064        0x1 xcp_ext_classic_trigger.o
                0x24000064                xcpClassicTriggerArmRequest
 *fill*         0x24000065        0x3 
 .data.startStopDaqListId
                0x24000068        0x4 xcp_daq.o
 .data.xcpCurrentDaq
                0x2400006c        0x4 xcp_daq.o
 .data.xcpEventCustomMemoryManager
                0x24000070        0xc xcp_daq.o
 .data.xcpCtoReservedMemPoolId
                0x2400007c        0x4 xcp_transport.o
 .data.xcpMemMainBlockSizes
                0x24000080        0xc xcp_mem_default.o
 .data.xcpMemMainBlocksNumber
                0x2400008c        0xc xcp_mem_default.o
 .data.drvID    0x24000098        0x4 xcp_drv_rtiostream.o
 .data.xcpCtoReservedMemPoolId
                0x2400009c        0x4 xcp_frame_serial.o
 .data.uartObj  0x240000a0       0x40 rtiostream_serial.o
                0x240000a0                uartObj
 .data.uwTickPrio
                0x240000e0        0x4 stm32h7xx_hal.o
                0x240000e0                uwTickPrio
 .data.uwTickFreq
                0x240000e4        0x1 stm32h7xx_hal.o
                0x240000e4                uwTickFreq
 *fill*         0x240000e5        0x3 
 .data.SystemCoreClock
                0x240000e8        0x4 system_stm32h7xx.o
                0x240000e8                SystemCoreClock
 .data.SystemD2Clock
                0x240000ec        0x4 system_stm32h7xx.o
                0x240000ec                SystemD2Clock
 .data._impure_data
                0x240000f0       0x4c c:/programdata/matlab/supportpackages/r2023b/3p.instrset/gnuarm-armcortex.instrset/win/bin/../lib/gcc/arm-none-eabi/11.3.1/thumb/v7e-m+dp/hard\libg_nano.a(libc_a-impure.o)
                0x240000f0                _impure_data
 .data._impure_ptr
                0x2400013c        0x4 c:/programdata/matlab/supportpackages/r2023b/3p.instrset/gnuarm-armcortex.instrset/win/bin/../lib/gcc/arm-none-eabi/11.3.1/thumb/v7e-m+dp/hard\libg_nano.a(libc_a-impure.o)
                0x2400013c                _impure_ptr
 *(.RamFunc)
 *(.RamFunc*)
                0x24000140                . = ALIGN (0x4)
                0x24000140                _edata = .

.tm_clone_table
                0x24000140        0x0 load address 0x08010b88
 .tm_clone_table
                0x24000140        0x0 c:/programdata/matlab/supportpackages/r2023b/3p.instrset/gnuarm-armcortex.instrset/win/bin/../lib/gcc/arm-none-eabi/11.3.1/thumb/v7e-m+dp/hard/crtbegin.o
 .tm_clone_table
                0x24000140        0x0 c:/programdata/matlab/supportpackages/r2023b/3p.instrset/gnuarm-armcortex.instrset/win/bin/../lib/gcc/arm-none-eabi/11.3.1/thumb/v7e-m+dp/hard/crtend.o

.igot.plt       0x24000140        0x0 load address 0x08010b88
 .igot.plt      0x24000140        0x0 c:/programdata/matlab/supportpackages/r2023b/3p.instrset/gnuarm-armcortex.instrset/win/bin/../lib/gcc/arm-none-eabi/11.3.1/thumb/v7e-m+dp/hard/crtbegin.o
                0x24000140                . = ALIGN (0x4)

.bss            0x24000140     0x13c8 load address 0x08010b88
                0x24000140                _sbss = .
                0x24000140                __bss_start__ = _sbss
 *(.bss)
 *(.bss*)
 .bss.completed.1
                0x24000140        0x1 c:/programdata/matlab/supportpackages/r2023b/3p.instrset/gnuarm-armcortex.instrset/win/bin/../lib/gcc/arm-none-eabi/11.3.1/thumb/v7e-m+dp/hard/crtbegin.o
 *fill*         0x24000141        0x3 
 .bss.object.0  0x24000144       0x18 c:/programdata/matlab/supportpackages/r2023b/3p.instrset/gnuarm-armcortex.instrset/win/bin/../lib/gcc/arm-none-eabi/11.3.1/thumb/v7e-m+dp/hard/crtbegin.o
 .bss.mw_i2c1   0x2400015c       0x1c mw_stm32_i2c_v2_ll.o
 .bss.mw_i2c2   0x24000178       0x1c mw_stm32_i2c_v2_ll.o
 .bss.mw_i2c3   0x24000194       0x1c mw_stm32_i2c_v2_ll.o
 .bss.mw_i2c4   0x240001b0       0x1c mw_stm32_i2c_v2_ll.o
 .bss.xcpCustomTriggerFunction
                0x240001cc        0x8 xcp_ext_mode.o
 *fill*         0x240001d4        0x4 
 .bss.FC_Test_B
                0x240001d8       0x18 FC_Test.o
                0x240001d8                FC_Test_B
 .bss.FC_Test_DW
                0x240001f0       0x90 FC_Test.o
                0x240001f0                FC_Test_DW
 .bss.FC_Test_M_
                0x24000280      0x160 FC_Test.o
 .bss.rt_ExtModeInfo.2
                0x240003e0       0x14 FC_Test.o
 .bss.systemRan.1
                0x240003f4       0x38 FC_Test.o
 .bss.IsrOverrun
                0x2400042c        0x4 ert_main.o
                0x2400042c                IsrOverrun
 .bss.OverrunFlag
                0x24000430        0x1 ert_main.o
 .bss.stopRequested
                0x24000431        0x1 ert_main.o
                0x24000431                stopRequested
 .bss.runModel  0x24000432        0x1 ert_main.o
                0x24000432                runModel
 .bss.xcpModelStartRequest
                0x24000433        0x1 xcp_ext_common.o
                0x24000433                xcpModelStartRequest
 .bss.xcpModelStopRequest
                0x24000434        0x1 xcp_ext_common.o
                0x24000434                xcpModelStopRequest
 .bss.xcpModelStatus
                0x24000435        0x1 xcp_ext_common.o
                0x24000435                xcpModelStatus
 *fill*         0x24000436        0x2 
 .bss.xcpModelChecksum0
                0x24000438        0x4 xcp_ext_common.o
                0x24000438                xcpModelChecksum0
 .bss.xcpModelChecksum1
                0x2400043c        0x4 xcp_ext_common.o
                0x2400043c                xcpModelChecksum1
 .bss.xcpModelChecksum2
                0x24000440        0x4 xcp_ext_common.o
                0x24000440                xcpModelChecksum2
 .bss.xcpModelChecksum3
                0x24000444        0x4 xcp_ext_common.o
                0x24000444                xcpModelChecksum3
 .bss.xcpModelIntegerCode
                0x24000448        0x4 xcp_ext_common.o
                0x24000448                xcpModelIntegerCode
 .bss.xcpExtmodeSimulationComplete
                0x2400044c        0x1 xcp_ext_common.o
                0x2400044c                xcpExtmodeSimulationComplete
 *fill*         0x2400044d        0x3 
 .bss.xcpDummyDoubleVariable
                0x24000450        0x8 xcp_ext_common.o
                0x24000450                xcpDummyDoubleVariable
 .bss.xcpCurrentSimulationTimeInMs
                0x24000458        0x8 xcp_ext_common.o
                0x24000458                xcpCurrentSimulationTimeInMs
 .bss.xcpBaseRateSimulationTime
                0x24000460        0x8 xcp_ext_common.o
 .bss.xcpClassicTriggerEventId
                0x24000468        0x2 xcp_ext_classic_trigger.o
                0x24000468                xcpClassicTriggerEventId
 *fill*         0x2400046a        0x2 
 .bss.xcpClassicTriggerSignalAddress
                0x2400046c        0x4 xcp_ext_classic_trigger.o
                0x2400046c                xcpClassicTriggerSignalAddress
 .bss.xcpClassicTriggerSignalAddressExtension
                0x24000470        0x1 xcp_ext_classic_trigger.o
                0x24000470                xcpClassicTriggerSignalAddressExtension
 *fill*         0x24000471        0x7 
 .bss.xcpClassicTriggerLevel
                0x24000478        0x8 xcp_ext_classic_trigger.o
                0x24000478                xcpClassicTriggerLevel
 .bss.xcpClassicTriggerHoldOff
                0x24000480        0x4 xcp_ext_classic_trigger.o
                0x24000480                xcpClassicTriggerHoldOff
 .bss.xcpClassicTriggerDelay
                0x24000484        0x4 xcp_ext_classic_trigger.o
                0x24000484                xcpClassicTriggerDelay
 .bss.xcpClassicTriggerDirection
                0x24000488        0x1 xcp_ext_classic_trigger.o
                0x24000488                xcpClassicTriggerDirection
 .bss.xcpClassicTriggerCancelRequest
                0x24000489        0x1 xcp_ext_classic_trigger.o
                0x24000489                xcpClassicTriggerCancelRequest
 .bss.xcpClassicTriggerSource
                0x2400048a        0x1 xcp_ext_classic_trigger.o
                0x2400048a                xcpClassicTriggerSource
 .bss.xcpClassicTriggerMode
                0x2400048b        0x1 xcp_ext_classic_trigger.o
                0x2400048b                xcpClassicTriggerMode
 .bss.xcpClassicTriggerStatus
                0x2400048c        0x1 xcp_ext_classic_trigger.o
                0x2400048c                xcpClassicTriggerStatus
 *fill*         0x2400048d        0x3 
 .bss.xcpOldSignalValue
                0x24000490        0x8 xcp_ext_classic_trigger.o
 .bss.xcpOldSignalValueAvailable
                0x24000498        0x1 xcp_ext_classic_trigger.o
 .bss.xcpOldClassicTriggerSource
                0x24000499        0x1 xcp_ext_classic_trigger.o
 .bss.xcpTriggerEnabled
                0x2400049a        0x1 xcp_ext_classic_trigger.o
 .bss.xcpSignalTriggerFired
                0x2400049b        0x1 xcp_ext_classic_trigger.o
 .bss.xcpTriggerCount
                0x2400049c        0x4 xcp_ext_classic_trigger.o
 .bss.xcpForcedTriggerEnabled
                0x240004a0        0x1 xcp_ext_classic_trigger.o
 .bss.xcpForceTriggerEnableRequest
                0x240004a1        0x1 xcp_ext_classic_trigger.o
 .bss.initialized
                0x240004a2        0x1 xcp.o
 .bss.xcpStatus
                0x240004a3        0x1 xcp.o
 .bss.xcpSessionStatus
                0x240004a4        0x1 xcp.o
 .bss.xcpResourceProtectionStatus
                0x240004a5        0x1 xcp.o
 .bss.xcpSessionConfigurationId
                0x240004a6        0x2 xcp.o
 .bss.groupPacketLookup
                0x240004a8       0x10 xcp.o
 .bss.xcpMta    0x240004b8        0x8 xcp_standard.o
 .bss.xcpUploadSize
                0x240004c0        0x1 xcp_standard.o
 *fill*         0x240004c1        0x3 
 .bss.packetLookup
                0x240004c4        0x4 xcp_standard.o
 .bss.xcpDynamicDaqLists
                0x240004c8        0x8 xcp_daq.o
 .bss.xcpRunningEventCounter
                0x240004d0        0x4 xcp_daq.o
 .bss.daqLock   0x240004d4        0x4 xcp_daq.o
 .bss.packetLookup
                0x240004d8        0x4 xcp_daq.o
 .bss.packetLookup
                0x240004dc        0x4 xcp_calibration.o
 .bss.txFifo    0x240004e0       0x10 xcp_transport.o
 .bss.txLock    0x240004f0        0x4 xcp_transport.o
 .bss.rxFifo    0x240004f4        0x8 xcp_transport.o
 .bss.rxLock    0x240004fc        0x4 xcp_transport.o
 .bss.initialized
                0x24000500        0x1 xcp_transport.o
 *fill*         0x24000501        0x3 
 .bss.xcpMemPoolDescriptors
                0x24000504       0xc0 xcp_mem_default.o
 .bss.xcpMemCustomPoolDescriptors
                0x240005c4        0x8 xcp_mem_default.o
 .bss.xcpMemMainChunk
                0x240005cc      0x3a7 xcp_mem_default.o
 *fill*         0x24000973        0x1 
 .bss.xcpMemReservedPoolsChunk
                0x24000974      0x58f xcp_mem_default.o
 *fill*         0x24000f03        0x1 
 .bss.xcpMemReservedPoolsChunkUsedBytes
                0x24000f04        0x4 xcp_mem_default.o
 .bss.xcpMemLock
                0x24000f08        0x4 xcp_mem_default.o
 .bss.forceBlocking
                0x24000f0c        0x1 xcp_drv_rtiostream.o
 *fill*         0x24000f0d        0x1 
 .bss.txCounter
                0x24000f0e        0x2 xcp_frame_serial.o
 .bss.rxCounter
                0x24000f10        0x2 xcp_frame_serial.o
 *fill*         0x24000f12        0x2 
 .bss.firstRxCounterReceived
                0x24000f14        0x4 xcp_frame_serial.o
 .bss.initialized
                0x24000f18        0x1 xcp_frame_serial.o
 *fill*         0x24000f19        0x3 
 .bss.timestampInitialized
                0x24000f1c        0x4 platform_timer.o
 .bss.timestampStartTime
                0x24000f20        0x4 platform_timer.o
 .bss.schdl_counter
                0x24000f24        0x4 SysTickScheduler.o
                0x24000f24                schdl_counter
 .bss.schdl_counter_max
                0x24000f28        0x4 SysTickScheduler.o
                0x24000f28                schdl_counter_max
 .bss.taskToSchedule
                0x24000f2c        0x4 m3m4m4f_multitasking.o
                0x24000f2c                taskToSchedule
 .bss.mw_ext_h  0x24000f30        0x4 rtiostream_serial.o
                0x24000f30                mw_ext_h
 .bss.UARTRxBuffer
                0x24000f34        0x4 rtiostream_serial.o
                0x24000f34                UARTRxBuffer
 .bss.mw_usart3
                0x24000f38       0x40 stm_usart.o
                0x24000f38                mw_usart3
 .bss.hpcd_USB_OTG_FS
                0x24000f78      0x408 main.o
                0x24000f78                hpcd_USB_OTG_FS
 .bss.htim5     0x24001380       0x4c stm32h7xx_hal_timebase_tim.o
                0x24001380                htim5
 .bss.uwTick    0x240013cc        0x4 stm32h7xx_hal.o
                0x240013cc                uwTick
 .bss.__sf      0x240013d0      0x138 c:/programdata/matlab/supportpackages/r2023b/3p.instrset/gnuarm-armcortex.instrset/win/bin/../lib/gcc/arm-none-eabi/11.3.1/thumb/v7e-m+dp/hard\libg_nano.a(libc_a-findfp.o)
                0x240013d0                __sf
 *(COMMON)
                0x24001508                . = ALIGN (0x4)
                0x24001508                _ebss = .
                0x24001508                __bss_end__ = _ebss

._user_heap_stack
                0x24001508      0x600 load address 0x08010b88
                0x24001508                . = ALIGN (0x8)
                [!provide]                PROVIDE (end = .)
                0x24001508                PROVIDE (_end = .)
                0x24001708                . = (. + _Min_Heap_Size)
 *fill*         0x24001508      0x200 
                0x24001b08                . = (. + _Min_Stack_Size)
 *fill*         0x24001708      0x400 
                0x24001b08                . = ALIGN (0x8)

/DISCARD/
 libc.a(*)
 libm.a(*)
 libgcc.a(*)

.ARM.attributes
                0x00000000       0x2e
 *(.ARM.attributes)
 .ARM.attributes
                0x00000000       0x1e c:/programdata/matlab/supportpackages/r2023b/3p.instrset/gnuarm-armcortex.instrset/win/bin/../lib/gcc/arm-none-eabi/11.3.1/thumb/v7e-m+dp/hard/crti.o
 .ARM.attributes
                0x0000001e       0x32 c:/programdata/matlab/supportpackages/r2023b/3p.instrset/gnuarm-armcortex.instrset/win/bin/../lib/gcc/arm-none-eabi/11.3.1/thumb/v7e-m+dp/hard/crtbegin.o
 .ARM.attributes
                0x00000050       0x32 mw_stm32_i2c_v2_ll.o
 .ARM.attributes
                0x00000082       0x32 xcp_ext_mode.o
 .ARM.attributes
                0x000000b4       0x32 FC_Test.o
 .ARM.attributes
                0x000000e6       0x32 FC_Test_data.o
 .ARM.attributes
                0x00000118       0x32 ert_main.o
 .ARM.attributes
                0x0000014a       0x32 xcp_ext_common.o
 .ARM.attributes
                0x0000017c       0x32 xcp_ext_classic_trigger.o
 .ARM.attributes
                0x000001ae       0x32 xcp.o
 .ARM.attributes
                0x000001e0       0x32 xcp_standard.o
 .ARM.attributes
                0x00000212       0x32 xcp_daq.o
 .ARM.attributes
                0x00000244       0x32 xcp_calibration.o
 .ARM.attributes
                0x00000276       0x32 xcp_fifo.o
 .ARM.attributes
                0x000002a8       0x32 xcp_transport.o
 .ARM.attributes
                0x000002da       0x32 xcp_mem_default.o
 .ARM.attributes
                0x0000030c       0x32 xcp_drv_rtiostream.o
 .ARM.attributes
                0x0000033e       0x32 xcp_utils.o
 .ARM.attributes
                0x00000370       0x32 xcp_frame_serial.o
 .ARM.attributes